Component: ARM Compiler 5.06 update 6 (build 750) Tool: armlink [4d35ed]

==============================================================================

Section Cross References

    startup_stm32f407xx.o(RESET) refers to startup_stm32f407xx.o(STACK) for __initial_sp
    startup_stm32f407xx.o(RESET) refers to startup_stm32f407xx.o(.text) for Reset_Handler
    startup_stm32f407xx.o(RESET) refers to stm32f4xx_it.o(i.NMI_Handler) for NMI_Handler
    startup_stm32f407xx.o(RESET) refers to stm32f4xx_it.o(i.HardFault_Handler) for HardFault_Handler
    startup_stm32f407xx.o(RESET) refers to stm32f4xx_it.o(i.MemManage_Handler) for MemManage_Handler
    startup_stm32f407xx.o(RESET) refers to stm32f4xx_it.o(i.BusFault_Handler) for BusFault_Handler
    startup_stm32f407xx.o(RESET) refers to stm32f4xx_it.o(i.UsageFault_Handler) for UsageFault_Handler
    startup_stm32f407xx.o(RESET) refers to port.o(.emb_text) for SVC_Handler
    startup_stm32f407xx.o(RESET) refers to stm32f4xx_it.o(i.DebugMon_Handler) for DebugMon_Handler
    startup_stm32f407xx.o(RESET) refers to stm32f4xx_it.o(i.SysTick_Handler) for SysTick_Handler
    startup_stm32f407xx.o(RESET) refers to stm32f4xx_it.o(i.TIM2_IRQHandler) for TIM2_IRQHandler
    startup_stm32f407xx.o(RESET) refers to stm32f4xx_it.o(i.USART1_IRQHandler) for USART1_IRQHandler
    startup_stm32f407xx.o(.text) refers to system_stm32f4xx.o(i.SystemInit) for SystemInit
    startup_stm32f407xx.o(.text) refers to entry.o(.ARM.Collect$$$$00000000) for __main
    main.o(i.ADC_ReadVoltage) refers to stm32f4xx_hal_adc.o(i.HAL_ADC_ConfigChannel) for HAL_ADC_ConfigChannel
    main.o(i.ADC_ReadVoltage) refers to stm32f4xx_hal_adc.o(i.HAL_ADC_Start) for HAL_ADC_Start
    main.o(i.ADC_ReadVoltage) refers to stm32f4xx_hal_adc.o(i.HAL_ADC_PollForConversion) for HAL_ADC_PollForConversion
    main.o(i.ADC_ReadVoltage) refers to stm32f4xx_hal_adc.o(i.HAL_ADC_Stop) for HAL_ADC_Stop
    main.o(i.ADC_ReadVoltage) refers to stm32f4xx_hal_adc.o(i.HAL_ADC_GetValue) for HAL_ADC_GetValue
    main.o(i.CalculateConcentration) refers to powf.o(i.__hardfp_powf) for __hardfp_powf
    main.o(i.Cmd_CAL) refers to main.o(i.Process_StartProcedure) for Process_StartProcedure
    main.o(i.Cmd_CAL) refers to main.o(.constdata) for .constdata
    main.o(i.Cmd_CLEAN) refers to main.o(i.Process_StartProcedure) for Process_StartProcedure
    main.o(i.Cmd_CLEAN) refers to main.o(i.UART_SendString) for UART_SendString
    main.o(i.Cmd_CLEAN) refers to main.o(.constdata) for .constdata
    main.o(i.Cmd_DEBUG_MODE) refers to main.o(i.UART_SendString) for UART_SendString
    main.o(i.Cmd_DEBUG_MODE) refers to main.o(.data) for .data
    main.o(i.Cmd_DEBUG_OFF) refers to main.o(i.UART_SendString) for UART_SendString
    main.o(i.Cmd_DEBUG_OFF) refers to main.o(.data) for .data
    main.o(i.Cmd_DISP_STDA) refers to main.o(i.Process_StartProcedure) for Process_StartProcedure
    main.o(i.Cmd_DISP_STDA) refers to main.o(.constdata) for .constdata
    main.o(i.Cmd_DISP_STDB) refers to main.o(i.Process_StartProcedure) for Process_StartProcedure
    main.o(i.Cmd_DISP_STDB) refers to main.o(.constdata) for .constdata
    main.o(i.Cmd_ECAPE) refers to main.o(i.UART_SendString) for UART_SendString
    main.o(i.Cmd_LAST_RESULT) refers to strlen.o(.text) for strlen
    main.o(i.Cmd_LAST_RESULT) refers to main.o(i.UART_SendString) for UART_SendString
    main.o(i.Cmd_LAST_RESULT) refers to main.o(.bss) for .bss
    main.o(i.Cmd_LAST_SLOPE) refers to strlen.o(.text) for strlen
    main.o(i.Cmd_LAST_SLOPE) refers to main.o(i.UART_SendString) for UART_SendString
    main.o(i.Cmd_LAST_SLOPE) refers to main.o(.bss) for .bss
    main.o(i.Cmd_MAINT) refers to main.o(i.Process_StartProcedure) for Process_StartProcedure
    main.o(i.Cmd_MAINT) refers to main.o(.constdata) for .constdata
    main.o(i.Cmd_POWER_CLEAN) refers to main.o(i.Process_StartProcedure) for Process_StartProcedure
    main.o(i.Cmd_POWER_CLEAN) refers to main.o(i.UART_SendString) for UART_SendString
    main.o(i.Cmd_POWER_CLEAN) refers to main.o(.constdata) for .constdata
    main.o(i.Cmd_PRIME_DILUTED) refers to main.o(i.Process_StartProcedure) for Process_StartProcedure
    main.o(i.Cmd_PRIME_DILUTED) refers to main.o(.constdata) for .constdata
    main.o(i.Cmd_PRIME_REF) refers to main.o(i.Process_StartProcedure) for Process_StartProcedure
    main.o(i.Cmd_PRIME_REF) refers to main.o(.constdata) for .constdata
    main.o(i.Cmd_PRIME_STDA) refers to main.o(i.Process_StartProcedure) for Process_StartProcedure
    main.o(i.Cmd_PRIME_STDA) refers to main.o(.constdata) for .constdata
    main.o(i.Cmd_PRIME_STDB) refers to main.o(i.Process_StartProcedure) for Process_StartProcedure
    main.o(i.Cmd_PRIME_STDB) refers to main.o(.constdata) for .constdata
    main.o(i.Cmd_READ_MV) refers to main.o(i.Read_ElectrodeMV) for Read_ElectrodeMV
    main.o(i.Cmd_READ_MV) refers to f2d.o(.text) for __aeabi_f2d
[...]
    _printf_post_padding                     0x08004ec9   Thumb Code    36  printfa.o(i._printf_post_padding)
    i._printf_pre_padding                    0x08004eec   Section        0  printfa.o(i._printf_pre_padding)
    _printf_pre_padding                      0x08004eed   Thumb Code    46  printfa.o(i._printf_pre_padding)
    i._snputc                                0x08004f1a   Section        0  printfa.o(i._snputc)
    _snputc                                  0x08004f1b   Thumb Code    22  printfa.o(i._snputc)
    i._sputc                                 0x08004f30   Section        0  printfa.o(i._sputc)
    _sputc                                   0x08004f31   Thumb Code    10  printfa.o(i._sputc)
    i.action_cal_step1                       0x08004f3a   Section        0  main.o(i.action_cal_step1)
    action_cal_step1                         0x08004f3b   Thumb Code    12  main.o(i.action_cal_step1)
    i.action_cal_step2                       0x08004f48   Section        0  main.o(i.action_cal_step2)
    action_cal_step2                         0x08004f49   Thumb Code    10  main.o(i.action_cal_step2)
    i.action_cal_step3                       0x08004f58   Section        0  main.o(i.action_cal_step3)
    action_cal_step3                         0x08004f59   Thumb Code     2  main.o(i.action_cal_step3)
    i.action_cal_step4                       0x08004f5a   Section        0  main.o(i.action_cal_step4)
    action_cal_step4                         0x08004f5b   Thumb Code    12  main.o(i.action_cal_step4)
    i.action_cal_step5                       0x08004f68   Section        0  main.o(i.action_cal_step5)
    action_cal_step5                         0x08004f69   Thumb Code    10  main.o(i.action_cal_step5)
    i.action_cal_step6                       0x08004f78   Section        0  main.o(i.action_cal_step6)
    action_cal_step6                         0x08004f79   Thumb Code     2  main.o(i.action_cal_step6)
    i.action_cal_step7                       0x08004f7c   Section        0  main.o(i.action_cal_step7)
    action_cal_step7                         0x08004f7d   Thumb Code    32  main.o(i.action_cal_step7)
    i.action_clean                           0x08004fb8   Section        0  main.o(i.action_clean)
    action_clean                             0x08004fb9   Thumb Code    30  main.o(i.action_clean)
    i.action_disp_stda                       0x08004fd6   Section        0  main.o(i.action_disp_stda)
    action_disp_stda                         0x08004fd7   Thumb Code    10  main.o(i.action_disp_stda)
    i.action_disp_stdb                       0x08004fe0   Section        0  main.o(i.action_disp_stdb)
    action_disp_stdb                         0x08004fe1   Thumb Code    12  main.o(i.action_disp_stdb)
    i.action_none                            0x08004fec   Section        0  main.o(i.action_none)
    action_none                              0x08004fed   Thumb Code     2  main.o(i.action_none)
    i.action_power_clean                     0x08004fee   Section        0  main.o(i.action_power_clean)
    action_power_clean                       0x08004fef   Thumb Code    30  main.o(i.action_power_clean)
    i.action_prime_diluted                   0x0800500c   Section        0  main.o(i.action_prime_diluted)
    action_prime_diluted                     0x0800500d   Thumb Code    12  main.o(i.action_prime_diluted)
    i.action_prime_ref                       0x08005018   Section        0  main.o(i.action_prime_ref)
    action_prime_ref                         0x08005019   Thumb Code    12  main.o(i.action_prime_ref)
    i.action_prime_stda                      0x08005024   Section        0  main.o(i.action_prime_stda)
    action_prime_stda                        0x08005025   Thumb Code    28  main.o(i.action_prime_stda)
    i.action_prime_stdb                      0x08005044   Section        0  main.o(i.action_prime_stdb)
    action_prime_stdb                        0x08005045   Thumb Code    28  main.o(i.action_prime_stdb)
    i.action_sample_measure                  0x08005064   Section        0  main.o(i.action_sample_measure)
    action_sample_measure                    0x08005065   Thumb Code    10  main.o(i.action_sample_measure)
    i.action_urine_measure                   0x0800507c   Section        0  main.o(i.action_urine_measure)
    action_urine_measure                     0x0800507d   Thumb Code    10  main.o(i.action_urine_measure)
    i.main                                   0x08005094   Section        0  main.o(i.main)
    i.makeFreeRtosPriority                   0x0800519c   Section        0  cmsis_os.o(i.makeFreeRtosPriority)
    makeFreeRtosPriority                     0x0800519d   Thumb Code    12  cmsis_os.o(i.makeFreeRtosPriority)
    i.osDelay                                0x080051a8   Section        0  cmsis_os.o(i.osDelay)
    i.osKernelStart                          0x080051b6   Section        0  cmsis_os.o(i.osKernelStart)
    i.osThreadCreate                         0x080051c0   Section        0  cmsis_os.o(i.osThreadCreate)
    i.prvAddCurrentTaskToDelayedList         0x08005214   Section        0  tasks.o(i.prvAddCurrentTaskToDelayedList)
    prvAddCurrentTaskToDelayedList           0x08005215   Thumb Code   102  tasks.o(i.prvAddCurrentTaskToDelayedList)
    i.prvAddNewTaskToReadyList               0x08005284   Section        0  tasks.o(i.prvAddNewTaskToReadyList)
    prvAddNewTaskToReadyList                 0x08005285   Thumb Code   194  tasks.o(i.prvAddNewTaskToReadyList)
    i.prvDeleteTCB                           0x08005354   Section        0  tasks.o(i.prvDeleteTCB)
    prvDeleteTCB                             0x08005355   Thumb Code    52  tasks.o(i.prvDeleteTCB)
    i.prvHeapInit                            0x08005388   Section        0  heap_4.o(i.prvHeapInit)
    prvHeapInit                              0x08005389   Thumb Code    66  heap_4.o(i.prvHeapInit)
    i.prvIdleTask                            0x080053d4   Section        0  tasks.o(i.prvIdleTask)
    prvIdleTask                              0x080053d5   Thumb Code    82  tasks.o(i.prvIdleTask)
    i.prvInitialiseNewTask                   0x08005434   Section        0  tasks.o(i.prvInitialiseNewTask)
    prvInitialiseNewTask                     0x08005435   Thumb Code   152  tasks.o(i.prvInitialiseNewTask)
    i.prvInsertBlockIntoFreeList             0x080054cc   Section        0  heap_4.o(i.prvInsertBlockIntoFreeList)
    prvInsertBlockIntoFreeList               0x080054cd   Thumb Code    72  heap_4.o(i.prvInsertBlockIntoFreeList)
    i.prvResetNextTaskUnblockTime            0x08005518   Section        0  tasks.o(i.prvResetNextTaskUnblockTime)
    prvResetNextTaskUnblockTime              0x08005519   Thumb Code    26  tasks.o(i.prvResetNextTaskUnblockTime)
    i.prvTaskExitError                       0x08005538   Section        0  port.o(i.prvTaskExitError)
    prvTaskExitError                         0x08005539   Thumb Code    36  port.o(i.prvTaskExitError)
    i.pvPortMalloc                           0x08005560   Section        0  heap_4.o(i.pvPortMalloc)
    i.pxPortInitialiseStack                  0x0800563c   Section        0  port.o(i.pxPortInitialiseStack)
    i.uxListRemove                           0x08005668   Section        0  list.o(i.uxListRemove)
    i.vApplicationGetIdleTaskMemory          0x08005690   Section        0  freertos.o(i.vApplicationGetIdleTaskMemory)
    i.vListInitialise                        0x080056a4   Section        0  list.o(i.vListInitialise)
    i.vListInitialiseItem                    0x080056ba   Section        0  list.o(i.vListInitialiseItem)
    i.vListInsert                            0x080056c0   Section        0  list.o(i.vListInsert)
    i.vListInsertEnd                         0x080056f0   Section        0  list.o(i.vListInsertEnd)
    i.vPortEnterCritical                     0x08005708   Section        0  port.o(i.vPortEnterCritical)
    i.vPortExitCritical                      0x08005748   Section        0  port.o(i.vPortExitCritical)
    i.vPortFree                              0x08005770   Section        0  heap_4.o(i.vPortFree)
    i.vPortSetupTimerInterrupt               0x080057d4   Section        0  port.o(i.vPortSetupTimerInterrupt)
    i.vTaskDelay                             0x080057f8   Section        0  tasks.o(i.vTaskDelay)
    i.vTaskStartScheduler                    0x08005844   Section        0  tasks.o(i.vTaskStartScheduler)
    i.vTaskSuspendAll                        0x080058b0   Section        0  tasks.o(i.vTaskSuspendAll)
    i.vTaskSwitchContext                     0x080058c0   Section        0  tasks.o(i.vTaskSwitchContext)
    i.xPortStartScheduler                    0x0800591c   Section        0  port.o(i.xPortStartScheduler)
    i.xPortSysTickHandler                    0x08005a10   Section        0  port.o(i.xPortSysTickHandler)
    i.xTaskCreate                            0x08005a3c   Section        0  tasks.o(i.xTaskCreate)
    i.xTaskCreateStatic                      0x08005a96   Section        0  tasks.o(i.xTaskCreateStatic)
    i.xTaskGetSchedulerState                 0x08005aec   Section        0  tasks.o(i.xTaskGetSchedulerState)
    i.xTaskIncrementTick                     0x08005b08   Section        0  tasks.o(i.xTaskIncrementTick)
    i.xTaskResumeAll                         0x08005bd4   Section        0  tasks.o(i.xTaskResumeAll)
    .constdata                               0x08005c98   Section      252  main.o(.constdata)
    cal_steps                                0x08005c98   Data          84  main.o(.constdata)
    sample_steps                             0x08005cec   Data          12  main.o(.constdata)
    urine_steps                              0x08005cf8   Data          12  main.o(.constdata)
    clean_steps                              0x08005d04   Data          48  main.o(.constdata)
    power_clean_steps                        0x08005d34   Data          12  main.o(.constdata)
    maint_steps                              0x08005d40   Data          12  main.o(.constdata)
    prime_stda_steps                         0x08005d4c   Data          12  main.o(.constdata)
    prime_stdb_steps                         0x08005d58   Data          12  main.o(.constdata)
    prime_ref_steps                          0x08005d64   Data          12  main.o(.constdata)
    prime_diluted_steps                      0x08005d70   Data          12  main.o(.constdata)
    disp_stda_steps                          0x08005d7c   Data          12  main.o(.constdata)
    disp_stdb_steps                          0x08005d88   Data          12  main.o(.constdata)
    .constdata                               0x08005d94   Section       56  freertos.o(.constdata)
    .constdata                               0x08005dcc   Section       16  system_stm32f4xx.o(.constdata)
    .constdata                               0x08005ddc   Section        8  system_stm32f4xx.o(.constdata)
    .constdata                               0x08005de4   Section       64  log10f.o(.constdata)
    logahi                                   0x08005de4   Data          32  log10f.o(.constdata)
    logalo                                   0x08005e04   Data          32  log10f.o(.constdata)
    .constdata                               0x08005e24   Section      320  powf.o(.constdata)
    table                                    0x08005e24   Data         128  powf.o(.constdata)
    powersof2to1over16top                    0x08005ea4   Data          64  powf.o(.constdata)
    powersof2to1over16bot                    0x08005ee4   Data          64  powf.o(.constdata)
    powersof2to1over16all                    0x08005f24   Data          64  powf.o(.constdata)
    .constdata                               0x08005f64   Section      129  ctype_o.o(.constdata)
    .constdata                               0x08005fe8   Section        4  ctype_o.o(.constdata)
    table                                    0x08005fe8   Data           4  ctype_o.o(.constdata)
    .conststring                             0x08005fec   Section      427  main.o(.conststring)
    .conststring                             0x08006198   Section       24  freertos.o(.conststring)
    .data                                    0x20000000   Section       76  main.o(.data)
    stda_measured                            0x20000003   Data           1  main.o(.data)
    stda_na_mv                               0x20000010   Data           4  main.o(.data)
    stda_k_mv                                0x20000014   Data           4  main.o(.data)
    stda_cl_mv                               0x20000018   Data           4  main.o(.data)
    stdb_na_mv                               0x2000001c   Data           4  main.o(.data)
    stdb_k_mv                                0x20000020   Data           4  main.o(.data)
    stdb_cl_mv                               0x20000024   Data           4  main.o(.data)
    .data                                    0x2000004c   Section        8  freertos.o(.data)
    .data                                    0x20000054   Section       12  stm32f4xx_hal.o(.data)
    .data                                    0x20000060   Section        4  system_stm32f4xx.o(.data)
    .data                                    0x20000064   Section       60  tasks.o(.data)
    uxDeletedTasksWaitingCleanUp             0x20000068   Data           4  tasks.o(.data)
    uxCurrentNumberOfTasks                   0x2000006c   Data           4  tasks.o(.data)
    xTickCount                               0x20000070   Data           4  tasks.o(.data)
    uxTopReadyPriority                       0x20000074   Data           4  tasks.o(.data)
    xSchedulerRunning                        0x20000078   Data           4  tasks.o(.data)
    xPendedTicks                             0x2000007c   Data           4  tasks.o(.data)
    xYieldPending                            0x20000080   Data           4  tasks.o(.data)
    xNumOfOverflows                          0x20000084   Data           4  tasks.o(.data)
    uxTaskNumber                             0x20000088   Data           4  tasks.o(.data)
    xNextTaskUnblockTime                     0x2000008c   Data           4  tasks.o(.data)
    xIdleTaskHandle                          0x20000090   Data           4  tasks.o(.data)
    uxSchedulerSuspended                     0x20000094   Data           4  tasks.o(.data)
    pxDelayedTaskList                        0x20000098   Data           4  tasks.o(.data)
    pxOverflowDelayedTaskList                0x2000009c   Data           4  tasks.o(.data)
    .data                                    0x200000a0   Section       32  heap_4.o(.data)
    pxEnd                                    0x200000a0   Data           4  heap_4.o(.data)
    xFreeBytesRemaining                      0x200000a4   Data           4  heap_4.o(.data)
    xMinimumEverFreeBytesRemaining           0x200000a8   Data           4  heap_4.o(.data)
    xNumberOfSuccessfulAllocations           0x200000ac   Data           4  heap_4.o(.data)
    xNumberOfSuccessfulFrees                 0x200000b0   Data           4  heap_4.o(.data)
    xBlockAllocatedBit                       0x200000b4   Data           4  heap_4.o(.data)
    xStart                                   0x200000b8   Data           8  heap_4.o(.data)
    .data                                    0x200000c0   Section       12  port.o(.data)
    ucMaxSysCallPriority                     0x200000c0   Data           1  port.o(.data)
    uxCriticalNesting                        0x200000c4   Data           4  port.o(.data)
    ulMaxPRIGROUPValue                       0x200000c8   Data           4  port.o(.data)
    .data                                    0x200000cc   Section        4  errno.o(.data)
    _errno                                   0x200000cc   Data           4  errno.o(.data)
    .bss                                     0x200000d0   Section      572  main.o(.bss)
    .bss                                     0x2000030c   Section      596  freertos.o(.bss)
    xIdleTaskTCBBuffer                       0x2000030c   Data          84  freertos.o(.bss)
    xIdleStack                               0x20000360   Data         512  freertos.o(.bss)
    .bss                                     0x20000560   Section      144  adc.o(.bss)
    .bss                                     0x200005f0   Section      176  spi.o(.bss)
    .bss                                     0x200006a0   Section       72  tim.o(.bss)
    .bss                                     0x200006e8   Section      144  usart.o(.bss)
    .bss                                     0x20000778   Section      240  tasks.o(.bss)
    pxReadyTasksLists                        0x20000778   Data         140  tasks.o(.bss)
    xDelayedTaskList1                        0x20000804   Data          20  tasks.o(.bss)
    xDelayedTaskList2                        0x20000818   Data          20  tasks.o(.bss)
    xPendingReadyList                        0x2000082c   Data          20  tasks.o(.bss)
    xTasksWaitingTermination                 0x20000840   Data          20  tasks.o(.bss)
    xSuspendedTaskList                       0x20000854   Data          20  tasks.o(.bss)
    .bss                                     0x20000868   Section    15360  heap_4.o(.bss)
    ucHeap                                   0x20000868   Data       15360  heap_4.o(.bss)
    STACK                                    0x20004468   Section     1024  startup_stm32f407xx.o(STACK)

    Global Symbols

    Symbol Name                              Value     Ov Type        Size  Object(Section)

    BuildAttributes$$THM_ISAv4$E$P$D$K$B$S$7EM$VFPi3$EXTD16$VFPS$VFMA$PE$A:L22UL41UL21$X:L11$S22US41US21$IEEE1$IW$USESV6$~STKCKD$USESV7$~SHL$OTIME$ROPI$IEEEX$EBA8$MICROLIB$REQ8$PRES8$EABIv2 0x00000000   Number         0  anon$$obj.o ABSOLUTE
    __ARM_use_no_argv                        0x00000000   Number         0  main.o ABSOLUTE
    _printf_a                                0x00000000   Number         0  stubs.o ABSOLUTE
    _printf_c                                0x00000000   Number         0  stubs.o ABSOLUTE
    _printf_charcount                        0x00000000   Number         0  stubs.o ABSOLUTE
    _printf_d                                0x00000000   Number         0  stubs.o ABSOLUTE
    _printf_e                                0x00000000   Number         0  stubs.o ABSOLUTE
    _printf_f                                0x00000000   Number         0  stubs.o ABSOLUTE
    _printf_flags                            0x00000000   Number         0  stubs.o ABSOLUTE
    _printf_fp_dec                           0x00000000   Number         0  stubs.o ABSOLUTE
    _printf_fp_hex                           0x00000000   Number         0  stubs.o ABSOLUTE
    _printf_g                                0x00000000   Number         0  stubs.o ABSOLUTE
    _printf_i                                0x00000000   Number         0  stubs.o ABSOLUTE
    _printf_int_dec                          0x00000000   Number         0  stubs.o ABSOLUTE
    _printf_l                                0x00000000   Number         0  stubs.o ABSOLUTE
    _printf_lc                               0x00000000   Number         0  stubs.o ABSOLUTE
    _printf_ll                               0x00000000   Number         0  stubs.o ABSOLUTE
    _printf_lld                              0x00000000   Number         0  stubs.o ABSOLUTE
    _printf_lli                              0x00000000   Number         0  stubs.o ABSOLUTE
    _printf_llo                              0x00000000   Number         0  stubs.o ABSOLUTE
    _printf_llu                              0x00000000   Number         0  stubs.o ABSOLUTE
    _printf_llx                              0x00000000   Number         0  stubs.o ABSOLUTE
    _printf_longlong_dec                     0x00000000   Number         0  stubs.o ABSOLUTE
    _printf_longlong_hex                     0x00000000   Number         0  stubs.o ABSOLUTE
    _printf_longlong_oct                     0x00000000   Number         0  stubs.o ABSOLUTE
    _printf_ls                               0x00000000   Number         0  stubs.o ABSOLUTE
    _printf_mbtowc                           0x00000000   Number         0  stubs.o ABSOLUTE
    _printf_n                                0x00000000   Number         0  stubs.o ABSOLUTE
    _printf_o                                0x00000000   Number         0  stubs.o ABSOLUTE
    _printf_p                                0x00000000   Number         0  stubs.o ABSOLUTE
    _printf_percent                          0x00000000   Number         0  stubs.o ABSOLUTE
    _printf_pre_padding                      0x00000000   Number         0  stubs.o ABSOLUTE
    _printf_return_value                     0x00000000   Number         0  stubs.o ABSOLUTE
    _printf_s                                0x00000000   Number         0  stubs.o ABSOLUTE
    _printf_sizespec                         0x00000000   Number         0  stubs.o ABSOLUTE
    _printf_str                              0x00000000   Number         0  stubs.o ABSOLUTE
    _printf_truncate_signed                  0x00000000   Number         0  stubs.o ABSOLUTE
    _printf_truncate_unsigned                0x00000000   Number         0  stubs.o ABSOLUTE
    _printf_u                                0x00000000   Number         0  stubs.o ABSOLUTE
    _printf_wc                               0x00000000   Number         0  stubs.o ABSOLUTE
    _printf_wctomb                           0x00000000   Number         0  stubs.o ABSOLUTE
    _printf_widthprec                        0x00000000   Number         0  stubs.o ABSOLUTE
    _printf_x                                0x00000000   Number         0  stubs.o ABSOLUTE
    __cpp_initialize__aeabi_                  - Undefined Weak Reference
    __cxa_finalize                            - Undefined Weak Reference
    __decompress                              - Undefined Weak Reference
    _clock_init                               - Undefined Weak Reference
    _microlib_exit                            - Undefined Weak Reference
    __Vectors_Size                           0x00000188   Number         0  startup_stm32f407xx.o ABSOLUTE
    __Vectors                                0x08000000   Data           4  startup_stm32f407xx.o(RESET)
    __Vectors_End                            0x08000188   Data           0  startup_stm32f407xx.o(RESET)
    __main                                   0x08000189   Thumb Code     0  entry.o(.ARM.Collect$$$$00000000)
    _main_stk                                0x08000189   Thumb Code     0  entry2.o(.ARM.Collect$$$$00000001)
    _main_scatterload                        0x0800018d   Thumb Code     0  entry5.o(.ARM.Collect$$$$00000004)
    __main_after_scatterload                 0x08000191   Thumb Code     0  entry5.o(.ARM.Collect$$$$00000004)
    _main_clock                              0x08000191   Thumb Code     0  entry7b.o(.ARM.Collect$$$$00000008)
    _main_cpp_init                           0x08000191   Thumb Code     0  entry8b.o(.ARM.Collect$$$$0000000A)
    _main_init                               0x08000191   Thumb Code     0  entry9a.o(.ARM.Collect$$$$0000000B)
    __rt_final_cpp                           0x08000199   Thumb Code     0  entry10a.o(.ARM.Collect$$$$0000000D)
    __rt_final_exit                          0x08000199   Thumb Code     0  entry11a.o(.ARM.Collect$$$$0000000F)
    SVC_Handler                              0x0800019d   Thumb Code    28  port.o(.emb_text)
    __asm___6_port_c_39a90d8d__prvStartFirstTask 0x080001bd   Thumb Code    36  port.o(.emb_text)
    __asm___6_port_c_39a90d8d__prvEnableVFP  0x080001e5   Thumb Code    16  port.o(.emb_text)
    PendSV_Handler                           0x080001f9   Thumb Code    88  port.o(.emb_text)
    vPortGetIPSR                             0x08000255   Thumb Code     6  port.o(.emb_text)
    Reset_Handler                            0x0800025d   Thumb Code     8  startup_stm32f407xx.o(.text)
    ADC_IRQHandler                           0x08000277   Thumb Code     0  startup_stm32f407xx.o(.text)
    CAN1_RX0_IRQHandler                      0x08000277   Thumb Code     0  startup_stm32f407xx.o(.text)
    CAN1_RX1_IRQHandler                      0x08000277   Thumb Code     0  startup_stm32f407xx.o(.text)
    CAN1_SCE_IRQHandler                      0x08000277   Thumb Code     0  startup_stm32f407xx.o(.text)
    CAN1_TX_IRQHandler                       0x08000277   Thumb Code     0  startup_stm32f407xx.o(.text)
    CAN2_RX0_IRQHandler                      0x08000277   Thumb Code     0  startup_stm32f407xx.o(.text)
    CAN2_RX1_IRQHandler                      0x08000277   Thumb Code     0  startup_stm32f407xx.o(.text)
    CAN2_SCE_IRQHandler                      0x08000277   Thumb Code     0  startup_stm32f407xx.o(.text)
    CAN2_TX_IRQHandler                       0x08000277   Thumb Code     0  startup_stm32f407xx.o(.text)
    DCMI_IRQHandler                          0x08000277   Thumb Code     0  startup_stm32f407xx.o(.text)
    DMA1_Stream0_IRQHandler                  0x08000277   Thumb Code     0  startup_stm32f407xx.o(.text)
    DMA1_Stream1_IRQHandler                  0x08000277   Thumb Code     0  startup_stm32f407xx.o(.text)
    DMA1_Stream2_IRQHandler                  0x08000277   Thumb Code     0  startup_stm32f407xx.o(.text)
    DMA1_Stream3_IRQHandler                  0x08000277   Thumb Code     0  startup_stm32f407xx.o(.text)
    DMA1_Stream4_IRQHandler                  0x08000277   Thumb Code     0  startup_stm32f407xx.o(.text)
    DMA1_Stream5_IRQHandler                  0x08000277   Thumb Code     0  startup_stm32f407xx.o(.text)
    DMA1_Stream6_IRQHandler                  0x08000277   Thumb Code     0  startup_stm32f407xx.o(.text)
    DMA1_Stream7_IRQHandler                  0x08000277   Thumb Code     0  startup_stm32f407xx.o(.text)
    DMA2_Stream0_IRQHandler                  0x08000277   Thumb Code     0  startup_stm32f407xx.o(.text)
    DMA2_Stream1_IRQHandler                  0x08000277   Thumb Code     0  startup_stm32f407xx.o(.text)
    DMA2_Stream2_IRQHandler                  0x08000277   Thumb Code     0  startup_stm32f407xx.o(.text)
    DMA2_Stream3_IRQHandler                  0x08000277   Thumb Code     0  startup_stm32f407xx.o(.text)
    DMA2_Stream4_IRQHandler                  0x08000277   Thumb Code     0  startup_stm32f407xx.o(.text)
    DMA2_Stream5_IRQHandler                  0x08000277   Thumb Code     0  startup_stm32f407xx.o(.text)
    DMA2_Stream6_IRQHandler                  0x08000277   Thumb Code     0  startup_stm32f407xx.o(.text)
    DMA2_Stream7_IRQHandler                  0x08000277   Thumb Code     0  startup_stm32f407xx.o(.text)
    ETH_IRQHandler                           0x08000277   Thumb Code     0  startup_stm32f407xx.o(.text)
    ETH_WKUP_IRQHandler                      0x08000277   Thumb Code     0  startup_stm32f407xx.o(.text)
    EXTI0_IRQHandler                         0x08000277   Thumb Code     0  startup_stm32f407xx.o(.text)
    EXTI15_10_IRQHandler                     0x08000277   Thumb Code     0  startup_stm32f407xx.o(.text)
    EXTI1_IRQHandler                         0x08000277   Thumb Code     0  startup_stm32f407xx.o(.text)
    EXTI2_IRQHandler                         0x08000277   Thumb Code     0  startup_stm32f407xx.o(.text)
    EXTI3_IRQHandler                         0x08000277   Thumb Code     0  startup_stm32f407xx.o(.text)
    EXTI4_IRQHandler                         0x08000277   Thumb Code     0  startup_stm32f407xx.o(.text)
    EXTI9_5_IRQHandler                       0x08000277   Thumb Code     0  startup_stm32f407xx.o(.text)
    FLASH_IRQHandler                         0x08000277   Thumb Code     0  startup_stm32f407xx.o(.text)
    FMC_IRQHandler                           0x08000277   Thumb Code     0  startup_stm32f407xx.o(.text)
    FPU_IRQHandler                           0x08000277   Thumb Code     0  startup_stm32f407xx.o(.text)
    HASH_RNG_IRQHandler                      0x08000277   Thumb Code     0  startup_stm32f407xx.o(.text)
    I2C1_ER_IRQHandler                       0x08000277   Thumb Code     0  startup_stm32f407xx.o(.text)
    I2C1_EV_IRQHandler                       0x08000277   Thumb Code     0  startup_stm32f407xx.o(.text)
    I2C2_ER_IRQHandler                       0x08000277   Thumb Code     0  startup_stm32f407xx.o(.text)
    I2C2_EV_IRQHandler                       0x08000277   Thumb Code     0  startup_stm32f407xx.o(.text)
    I2C3_ER_IRQHandler                       0x08000277   Thumb Code     0  startup_stm32f407xx.o(.text)
    I2C3_EV_IRQHandler                       0x08000277   Thumb Code     0  startup_stm32f407xx.o(.text)
    OTG_FS_IRQHandler                        0x08000277   Thumb Code     0  startup_stm32f407xx.o(.text)
    OTG_FS_WKUP_IRQHandler                   0x08000277   Thumb Code     0  startup_stm32f407xx.o(.text)
    OTG_HS_EP1_IN_IRQHandler                 0x08000277   Thumb Code     0  startup_stm32f407xx.o(.text)
    OTG_HS_EP1_OUT_IRQHandler                0x08000277   Thumb Code     0  startup_stm32f407xx.o(.text)
    OTG_HS_IRQHandler                        0x08000277   Thumb Code     0  startup_stm32f407xx.o(.text)
    OTG_HS_WKUP_IRQHandler                   0x08000277   Thumb Code     0  startup_stm32f407xx.o(.text)
    PVD_IRQHandler                           0x08000277   Thumb Code     0  startup_stm32f407xx.o(.text)
    RCC_IRQHandler                           0x08000277   Thumb Code     0  startup_stm32f407xx.o(.text)
    RTC_Alarm_IRQHandler                     0x08000277   Thumb Code     0  startup_stm32f407xx.o(.text)
    RTC_WKUP_IRQHandler                      0x08000277   Thumb Code     0  startup_stm32f407xx.o(.text)
    SDIO_IRQHandler                          0x08000277   Thumb Code     0  startup_stm32f407xx.o(.text)
    SPI1_IRQHandler                          0x08000277   Thumb Code     0  startup_stm32f407xx.o(.text)
    SPI2_IRQHandler                          0x08000277   Thumb Code     0  startup_stm32f407xx.o(.text)
    SPI3_IRQHandler                          0x08000277   Thumb Code     0  startup_stm32f407xx.o(.text)
    TAMP_STAMP_IRQHandler                    0x08000277   Thumb Code     0  startup_stm32f407xx.o(.text)
    TIM1_BRK_TIM9_IRQHandler                 0x08000277   Thumb Code     0  startup_stm32f407xx.o(.text)
    TIM1_CC_IRQHandler                       0x08000277   Thumb Code     0  startup_stm32f407xx.o(.text)
    TIM1_TRG_COM_TIM11_IRQHandler            0x08000277   Thumb Code     0  startup_stm32f407xx.o(.text)
    TIM1_UP_TIM10_IRQHandler                 0x08000277   Thumb Code     0  startup_stm32f407xx.o(.text)
    TIM3_IRQHandler                          0x08000277   Thumb Code     0  startup_stm32f407xx.o(.text)
    TIM4_IRQHandler                          0x08000277   Thumb Code     0  startup_stm32f407xx.o(.text)
    TIM5_IRQHandler                          0x08000277   Thumb Code     0  startup_stm32f407xx.o(.text)
    TIM6_DAC_IRQHandler                      0x08000277   Thumb Code     0  startup_stm32f407xx.o(.text)
    TIM7_IRQHandler                          0x08000277   Thumb Code     0  startup_stm32f407xx.o(.text)
    TIM8_BRK_TIM12_IRQHandler                0x08000277   Thumb Code     0  startup_stm32f407xx.o(.text)
    TIM8_CC_IRQHandler                       0x08000277   Thumb Code     0  startup_stm32f407xx.o(.text)
    TIM8_TRG_COM_TIM14_IRQHandler            0x08000277   Thumb Code     0  startup_stm32f407xx.o(.text)
    TIM8_UP_TIM13_IRQHandler                 0x08000277   Thumb Code     0  startup_stm32f407xx.o(.text)
    UART4_IRQHandler                         0x08000277   Thumb Code     0  startup_stm32f407xx.o(.text)
    UART5_IRQHandler                         0x08000277   Thumb Code     0  startup_stm32f407xx.o(.text)
    USART2_IRQHandler                        0x08000277   Thumb Code     0  startup_stm32f407xx.o(.text)
    USART3_IRQHandler                        0x08000277   Thumb Code     0  startup_stm32f407xx.o(.text)
    USART6_IRQHandler                        0x08000277   Thumb Code     0  startup_stm32f407xx.o(.text)
    WWDG_IRQHandler                          0x08000277   Thumb Code     0  startup_stm32f407xx.o(.text)
    __aeabi_uldivmod                         0x08000281   Thumb Code    98  uldiv.o(.text)
    __rt_ctype_table                         0x080002e5   Thumb Code     4  ctype_o.o(.text)
    toupper                                  0x080002ed   Thumb Code    12  toupper.o(.text)
    __aeabi_memcpy                           0x080002f9   Thumb Code    36  memcpya.o(.text)
    __aeabi_memcpy4                          0x080002f9   Thumb Code     0  memcpya.o(.text)
    __aeabi_memcpy8                          0x080002f9   Thumb Code     0  memcpya.o(.text)
    __aeabi_memset                           0x0800031d   Thumb Code    14  memseta.o(.text)
    __aeabi_memset4                          0x0800031d   Thumb Code     0  memseta.o(.text)
    __aeabi_memset8                          0x0800031d   Thumb Code     0  memseta.o(.text)
    __aeabi_memclr                           0x0800032b   Thumb Code     4  memseta.o(.text)
    __aeabi_memclr4                          0x0800032b   Thumb Code     0  memseta.o(.text)
    __aeabi_memclr8                          0x0800032b   Thumb Code     0  memseta.o(.text)
    memset                                   0x0800032f   Thumb Code    18  memseta.o(.text)
    strlen                                   0x08000341   Thumb Code    14  strlen.o(.text)
    strcmp                                   0x0800034f   Thumb Code    28  strcmp.o(.text)
    strcpy                                   0x0800036b   Thumb Code    18  strcpy.o(.text)
    atoi                                     0x0800037d   Thumb Code    26  atoi.o(.text)
    __aeabi_f2d                              0x08000397   Thumb Code    38  f2d.o(.text)
    __aeabi_uidiv                            0x080003bd   Thumb Code     0  uidiv.o(.text)
    __aeabi_uidivmod                         0x080003bd   Thumb Code    44  uidiv.o(.text)
    __aeabi_llsl                             0x080003e9   Thumb Code    30  llshl.o(.text)
    _ll_shift_l                              0x080003e9   Thumb Code     0  llshl.o(.text)
    __aeabi_llsr                             0x08000407   Thumb Code    32  llushr.o(.text)
    _ll_ushift_r                             0x08000407   Thumb Code     0  llushr.o(.text)
    strtol                                   0x08000427   Thumb Code   112  strtol.o(.text)
    __I$use$fp                               0x08000497   Thumb Code     0  iusefp.o(.text)
    __aeabi_dadd                             0x08000497   Thumb Code   322  dadd.o(.text)
    __aeabi_dsub                             0x080005d9   Thumb Code     6  dadd.o(.text)
    __aeabi_drsub                            0x080005df   Thumb Code     6  dadd.o(.text)
    __aeabi_dmul                             0x080005e5   Thumb Code   228  dmul.o(.text)
    __aeabi_ddiv                             0x080006c9   Thumb Code   222  ddiv.o(.text)
    __aeabi_d2ulz                            0x080007a7   Thumb Code    48  dfixul.o(.text)
    __aeabi_cdrcmple                         0x080007d9   Thumb Code    48  cdrcmple.o(.text)
    __fp_status                              0x08000809   Thumb Code     4  fpstat.o(.text)
    __ieee_status                            0x08000809   Thumb Code     0  fpstat.o(.text)
    __scatterload                            0x0800080d   Thumb Code    28  init.o(.text)
    __scatterload_rt2                        0x0800080d   Thumb Code     0  init.o(.text)
    __aeabi_lasr                             0x08000831   Thumb Code    36  llsshr.o(.text)
    _ll_sshift_r                             0x08000831   Thumb Code     0  llsshr.o(.text)
    _strtoul                                 0x08000855   Thumb Code   158  _strtoul.o(.text)
    _double_round                            0x080008f3   Thumb Code    30  depilogue.o(.text)
    _double_epilogue                         0x08000911   Thumb Code   156  depilogue.o(.text)
    _chval                                   0x080009ad   Thumb Code    28  _chval.o(.text)
    ADC_ReadVoltage                          0x08000af1   Thumb Code   102  main.o(i.ADC_ReadVoltage)
    BusFault_Handler                         0x08000b61   Thumb Code     2  stm32f4xx_it.o(i.BusFault_Handler)
    CalculateConcentration                   0x08000b65   Thumb Code    48  main.o(i.CalculateConcentration)
    Cmd_CAL                                  0x08000b9d   Thumb Code    12  main.o(i.Cmd_CAL)
    Cmd_CLEAN                                0x08000bad   Thumb Code    24  main.o(i.Cmd_CLEAN)
    Cmd_DEBUG_MODE                           0x08000bd5   Thumb Code    12  main.o(i.Cmd_DEBUG_MODE)
    Cmd_DEBUG_OFF                            0x08000bf5   Thumb Code    12  main.o(i.Cmd_DEBUG_OFF)
    Cmd_DISP_STDA                            0x08000c19   Thumb Code    12  main.o(i.Cmd_DISP_STDA)
    Cmd_DISP_STDB                            0x08000c29   Thumb Code    12  main.o(i.Cmd_DISP_STDB)
    Cmd_ECAPE                                0x08000c39   Thumb Code     6  main.o(i.Cmd_ECAPE)
    Cmd_LAST_RESULT                          0x08000c51   Thumb Code    42  main.o(i.Cmd_LAST_RESULT)
    Cmd_LAST_SLOPE                           0x08000c81   Thumb Code    26  main.o(i.Cmd_LAST_SLOPE)
    Cmd_MAINT                                0x08000cb1   Thumb Code    12  main.o(i.Cmd_MAINT)
    Cmd_POWER_CLEAN                          0x08000cc1   Thumb Code    24  main.o(i.Cmd_POWER_CLEAN)
    Cmd_PRIME_DILUTED                        0x08000cf1   Thumb Code    12  main.o(i.Cmd_PRIME_DILUTED)
    Cmd_PRIME_REF                            0x08000d01   Thumb Code    12  main.o(i.Cmd_PRIME_REF)
    Cmd_PRIME_STDA                           0x08000d11   Thumb Code    12  main.o(i.Cmd_PRIME_STDA)
    Cmd_PRIME_STDB                           0x08000d21   Thumb Code    12  main.o(i.Cmd_PRIME_STDB)
    Cmd_READ_MV                              0x08000d31   Thumb Code   154  main.o(i.Cmd_READ_MV)
    Cmd_SAMPLE                               0x08000df5   Thumb Code    24  main.o(i.Cmd_SAMPLE)
    Cmd_START                                0x08000e1d   Thumb Code    98  main.o(i.Cmd_START)
    Cmd_URINE                                0x08000ec9   Thumb Code    24  main.o(i.Cmd_URINE)
    Cmd_VERSION                              0x08000ef1   Thumb Code     8  main.o(i.Cmd_VERSION)
    DebugMon_Handler                         0x08000efd   Thumb Code     2  stm32f4xx_it.o(i.DebugMon_Handler)
    Error_Handler                            0x08000eff   Thumb Code     4  main.o(i.Error_Handler)
    HAL_ADC_ConfigChannel                    0x08000f05   Thumb Code   316  stm32f4xx_hal_adc.o(i.HAL_ADC_ConfigChannel)
    HAL_ADC_GetValue                         0x08001051   Thumb Code     6  stm32f4xx_hal_adc.o(i.HAL_ADC_GetValue)
    HAL_ADC_Init                             0x08001057   Thumb Code    84  stm32f4xx_hal_adc.o(i.HAL_ADC_Init)
    HAL_ADC_MspInit                          0x080010ad   Thumb Code   130  adc.o(i.HAL_ADC_MspInit)
    HAL_ADC_PollForConversion                0x08001145   Thumb Code   170  stm32f4xx_hal_adc.o(i.HAL_ADC_PollForConversion)
    HAL_ADC_Start                            0x080011f1   Thumb Code   228  stm32f4xx_hal_adc.o(i.HAL_ADC_Start)
    HAL_ADC_Stop                             0x080012ed   Thumb Code    60  stm32f4xx_hal_adc.o(i.HAL_ADC_Stop)
    HAL_DMA_Abort                            0x08001329   Thumb Code   146  stm32f4xx_hal_dma.o(i.HAL_DMA_Abort)
    HAL_DMA_Abort_IT                         0x080013bb   Thumb Code    36  stm32f4xx_hal_dma.o(i.HAL_DMA_Abort_IT)
    HAL_Delay                                0x080013e1   Thumb Code    32  stm32f4xx_hal.o(i.HAL_Delay)
    HAL_GPIO_Init                            0x08001405   Thumb Code   450  stm32f4xx_hal_gpio.o(i.HAL_GPIO_Init)
    HAL_GPIO_TogglePin                       0x080015f5   Thumb Code    16  stm32f4xx_hal_gpio.o(i.HAL_GPIO_TogglePin)
    HAL_GPIO_WritePin                        0x08001605   Thumb Code    10  stm32f4xx_hal_gpio.o(i.HAL_GPIO_WritePin)
    HAL_GetTick                              0x08001611   Thumb Code     6  stm32f4xx_hal.o(i.HAL_GetTick)
    HAL_IncTick                              0x0800161d   Thumb Code    12  stm32f4xx_hal.o(i.HAL_IncTick)
    HAL_Init                                 0x0800162d   Thumb Code    48  stm32f4xx_hal.o(i.HAL_Init)
    HAL_InitTick                             0x08001661   Thumb Code    54  stm32f4xx_hal.o(i.HAL_InitTick)
    HAL_MspInit                              0x080016a1   Thumb Code    52  stm32f4xx_hal_msp.o(i.HAL_MspInit)
    HAL_NVIC_EnableIRQ                       0x080016d9   Thumb Code    26  stm32f4xx_hal_cortex.o(i.HAL_NVIC_EnableIRQ)
    HAL_NVIC_SetPriority                     0x080016f5   Thumb Code    60  stm32f4xx_hal_cortex.o(i.HAL_NVIC_SetPriority)
    HAL_NVIC_SetPriorityGrouping             0x08001735   Thumb Code    26  stm32f4xx_hal_cortex.o(i.HAL_NVIC_SetPriorityGrouping)
    HAL_RCC_ClockConfig                      0x08001759   Thumb Code   288  stm32f4xx_hal_rcc.o(i.HAL_RCC_ClockConfig)
    HAL_RCC_GetPCLK1Freq                     0x0800188d   Thumb Code    20  stm32f4xx_hal_rcc.o(i.HAL_RCC_GetPCLK1Freq)
    HAL_RCC_GetPCLK2Freq                     0x080018ad   Thumb Code    20  stm32f4xx_hal_rcc.o(i.HAL_RCC_GetPCLK2Freq)
    HAL_RCC_GetSysClockFreq                  0x080018cd   Thumb Code    88  stm32f4xx_hal_rcc.o(i.HAL_RCC_GetSysClockFreq)
    HAL_RCC_OscConfig                        0x08001931   Thumb Code   856  stm32f4xx_hal_rcc.o(i.HAL_RCC_OscConfig)
    HAL_SPI_Init                             0x08001c9d   Thumb Code   188  stm32f4xx_hal_spi.o(i.HAL_SPI_Init)
    HAL_SPI_MspInit                          0x08001d59   Thumb Code   154  spi.o(i.HAL_SPI_MspInit)
    HAL_SYSTICK_Config                       0x08001e09   Thumb Code    40  stm32f4xx_hal_cortex.o(i.HAL_SYSTICK_Config)
    HAL_TIMEx_MasterConfigSynchronization    0x08001e31   Thumb Code   116  stm32f4xx_hal_tim_ex.o(i.HAL_TIMEx_MasterConfigSynchronization)
    HAL_TIM_Base_Init                        0x08001ec1   Thumb Code    90  stm32f4xx_hal_tim.o(i.HAL_TIM_Base_Init)
    HAL_TIM_Base_MspInit                     0x08001f1d   Thumb Code    50  tim.o(i.HAL_TIM_Base_MspInit)
    HAL_TIM_Base_Start_IT                    0x08001f55   Thumb Code   100  stm32f4xx_hal_tim.o(i.HAL_TIM_Base_Start_IT)
    HAL_TIM_ConfigClockSource                0x08001fd5   Thumb Code   220  stm32f4xx_hal_tim.o(i.HAL_TIM_ConfigClockSource)
    HAL_UARTEx_RxEventCallback               0x080020b1   Thumb Code     2  stm32f4xx_hal_uart.o(i.HAL_UARTEx_RxEventCallback)
    HAL_UART_ErrorCallback                   0x080020b3   Thumb Code     2  stm32f4xx_hal_uart.o(i.HAL_UART_ErrorCallback)
    HAL_UART_IRQHandler                      0x080020b5   Thumb Code   636  stm32f4xx_hal_uart.o(i.HAL_UART_IRQHandler)
    HAL_UART_Init                            0x08002335   Thumb Code   100  stm32f4xx_hal_uart.o(i.HAL_UART_Init)
    HAL_UART_MspInit                         0x08002399   Thumb Code   174  usart.o(i.HAL_UART_MspInit)
    HAL_UART_Receive_IT                      0x0800245d   Thumb Code    28  stm32f4xx_hal_uart.o(i.HAL_UART_Receive_IT)
    HAL_UART_RxCpltCallback                  0x08002479   Thumb Code    78  main.o(i.HAL_UART_RxCpltCallback)
    HAL_UART_Transmit                        0x080024d9   Thumb Code   160  stm32f4xx_hal_uart.o(i.HAL_UART_Transmit)
    HAL_UART_TxCpltCallback                  0x08002579   Thumb Code     2  stm32f4xx_hal_uart.o(i.HAL_UART_TxCpltCallback)
    HardFault_Handler                        0x0800257b   Thumb Code     2  stm32f4xx_it.o(i.HardFault_Handler)
    MX_ADC1_Init                             0x0800257d   Thumb Code    88  adc.o(i.MX_ADC1_Init)
    MX_ADC2_Init                             0x080025e1   Thumb Code    86  adc.o(i.MX_ADC2_Init)
    MX_FREERTOS_Init                         0x08002645   Thumb Code    52  freertos.o(i.MX_FREERTOS_Init)
    MX_GPIO_Init                             0x08002681   Thumb Code   268  gpio.o(i.MX_GPIO_Init)
    MX_SPI1_Init                             0x080027a5   Thumb Code    60  spi.o(i.MX_SPI1_Init)
    MX_SPI2_Init                             0x080027e9   Thumb Code    60  spi.o(i.MX_SPI2_Init)
    MX_TIM2_Init                             0x0800282d   Thumb Code    96  tim.o(i.MX_TIM2_Init)
    MX_USART1_UART_Init                      0x08002891   Thumb Code    48  usart.o(i.MX_USART1_UART_Init)
    MX_USART3_UART_Init                      0x080028c9   Thumb Code    48  usart.o(i.MX_USART3_UART_Init)
    MemManage_Handler                        0x08002b15   Thumb Code     2  stm32f4xx_it.o(i.MemManage_Handler)
    Motor_Enable                             0x08002b19   Thumb Code    32  main.o(i.Motor_Enable)
    Motor_Init                               0x08002b3d   Thumb Code   148  main.o(i.Motor_Init)
    Motor_InitAll                            0x08002be1   Thumb Code   126  main.o(i.Motor_InitAll)
    Motor_ProcessStep                        0x08002e4d   Thumb Code    74  main.o(i.Motor_ProcessStep)
    Motor_SetDirection                       0x08002e9d   Thumb Code    32  main.o(i.Motor_SetDirection)
    Motor_StartMove                          0x08002ec1   Thumb Code    52  main.o(i.Motor_StartMove)
    Motor_Stop                               0x08002ef9   Thumb Code    46  main.o(i.Motor_Stop)
    Motor_Stop_All                           0x08002f2d   Thumb Code    20  main.o(i.Motor_Stop_All)
    NMI_Handler                              0x08002f41   Thumb Code     2  stm32f4xx_it.o(i.NMI_Handler)
    Parse_Command                            0x08002f45   Thumb Code   624  main.o(i.Parse_Command)
    PerformCalibration                       0x08003331   Thumb Code   296  main.o(i.PerformCalibration)
    Process_Abort                            0x08003491   Thumb Code    14  main.o(i.Process_Abort)
    Process_CheckTimeout                     0x080034a5   Thumb Code    78  main.o(i.Process_CheckTimeout)
    Process_RunStep                          0x08003539   Thumb Code    94  main.o(i.Process_RunStep)
    Process_StartProcedure                   0x0800359d   Thumb Code    62  main.o(i.Process_StartProcedure)
    Read_ElectrodeMV                         0x080035f1   Thumb Code    92  main.o(i.Read_ElectrodeMV)
    Read_Temperature                         0x08003655   Thumb Code    20  main.o(i.Read_Temperature)
    StartDefaultTask                         0x08003671   Thumb Code    40  freertos.o(i.StartDefaultTask)
    StartMotorTask                           0x080036b1   Thumb Code    36  main.o(i.StartMotorTask)
    SysTick_Handler                          0x080036dd   Thumb Code    24  stm32f4xx_it.o(i.SysTick_Handler)
    SystemClock_Config                       0x080036f5   Thumb Code   140  main.o(i.SystemClock_Config)
    SystemInit                               0x08003789   Thumb Code    12  system_stm32f4xx.o(i.SystemInit)
    TIM2_IRQHandler                          0x08003799   Thumb Code    16  stm32f4xx_it.o(i.TIM2_IRQHandler)
    TIM_Base_SetConfig                       0x080037a9   Thumb Code   164  stm32f4xx_hal_tim.o(i.TIM_Base_SetConfig)
    TIM_ETR_SetConfig                        0x08003879   Thumb Code    20  stm32f4xx_hal_tim.o(i.TIM_ETR_SetConfig)
    UART_SendFormatted                       0x08003a01   Thumb Code    30  main.o(i.UART_SendFormatted)
    UART_SendResponse                        0x08003a21   Thumb Code    44  main.o(i.UART_SendResponse)
    UART_SendString                          0x08003a69   Thumb Code    24  main.o(i.UART_SendString)
    UART_Start_Receive_IT                    0x08003b91   Thumb Code    54  stm32f4xx_hal_uart.o(i.UART_Start_Receive_IT)
    USART1_IRQHandler                        0x08003c39   Thumb Code     6  stm32f4xx_it.o(i.USART1_IRQHandler)
    UpdateLastResult                         0x08003c45   Thumb Code   152  main.o(i.UpdateLastResult)
    UsageFault_Handler                       0x08003d31   Thumb Code     2  stm32f4xx_it.o(i.UsageFault_Handler)
    __0snprintf                              0x08003d35   Thumb Code    44  printfa.o(i.__0snprintf)
    __1snprintf                              0x08003d35   Thumb Code     0  printfa.o(i.__0snprintf)
    __2snprintf                              0x08003d35   Thumb Code     0  printfa.o(i.__0snprintf)
    __c89snprintf                            0x08003d35   Thumb Code     0  printfa.o(i.__0snprintf)
    snprintf                                 0x08003d35   Thumb Code     0  printfa.o(i.__0snprintf)
    __0sprintf                               0x08003d65   Thumb Code    34  printfa.o(i.__0sprintf)
    __1sprintf                               0x08003d65   Thumb Code     0  printfa.o(i.__0sprintf)
    __2sprintf                               0x08003d65   Thumb Code     0  printfa.o(i.__0sprintf)
    __c89sprintf                             0x08003d65   Thumb Code     0  printfa.o(i.__0sprintf)
    sprintf                                  0x08003d65   Thumb Code     0  printfa.o(i.__0sprintf)
    __0vsnprintf                             0x08003d8d   Thumb Code    40  printfa.o(i.__0vsnprintf)
    __1vsnprintf                             0x08003d8d   Thumb Code     0  printfa.o(i.__0vsnprintf)
    __2vsnprintf                             0x08003d8d   Thumb Code     0  printfa.o(i.__0vsnprintf)
    __c89vsnprintf                           0x08003d8d   Thumb Code     0  printfa.o(i.__0vsnprintf)
    vsnprintf                                0x08003d8d   Thumb Code     0  printfa.o(i.__0vsnprintf)
    __ARM_fpclassifyf                        0x08003db9   Thumb Code    38  fpclassifyf.o(i.__ARM_fpclassifyf)
    __aeabi_errno_addr                       0x08003e01   Thumb Code     4  errno.o(i.__aeabi_errno_addr)
    __rt_errno_addr                          0x08003e01   Thumb Code     0  errno.o(i.__aeabi_errno_addr)
    __hardfp_log10f                          0x08003e09   Thumb Code   332  log10f.o(i.__hardfp_log10f)
    __hardfp_powf                            0x08003f89   Thumb Code  1606  powf.o(i.__hardfp_powf)
    __mathlib_powf                           0x08003f89   Thumb Code     0  powf.o(i.__hardfp_powf)
    __mathlib_flt_divzero                    0x080045ed   Thumb Code    14  funder.o(i.__mathlib_flt_divzero)
    __mathlib_flt_infnan                     0x08004601   Thumb Code     6  funder.o(i.__mathlib_flt_infnan)
    __mathlib_flt_infnan2                    0x08004607   Thumb Code     6  funder.o(i.__mathlib_flt_infnan2)
    __mathlib_flt_invalid                    0x0800460d   Thumb Code    10  funder.o(i.__mathlib_flt_invalid)
    __mathlib_flt_overflow                   0x0800461d   Thumb Code    10  funder.o(i.__mathlib_flt_overflow)
    __mathlib_flt_underflow                  0x0800462d   Thumb Code    10  funder.o(i.__mathlib_flt_underflow)
    __scatterload_copy                       0x0800463d   Thumb Code    14  handlers.o(i.__scatterload_copy)
    __scatterload_null                       0x0800464b   Thumb Code     2  handlers.o(i.__scatterload_null)
    __scatterload_zeroinit                   0x0800464d   Thumb Code    14  handlers.o(i.__scatterload_zeroinit)
    __set_errno                              0x0800465d   Thumb Code     6  errno.o(i.__set_errno)
    main                                     0x08005095   Thumb Code   168  main.o(i.main)
    osDelay                                  0x080051a9   Thumb Code    14  cmsis_os.o(i.osDelay)
    osKernelStart                            0x080051b7   Thumb Code    10  cmsis_os.o(i.osKernelStart)
    osThreadCreate                           0x080051c1   Thumb Code    84  cmsis_os.o(i.osThreadCreate)
    pvPortMalloc                             0x08005561   Thumb Code   216  heap_4.o(i.pvPortMalloc)
    pxPortInitialiseStack                    0x0800563d   Thumb Code    40  port.o(i.pxPortInitialiseStack)
    uxListRemove                             0x08005669   Thumb Code    38  list.o(i.uxListRemove)
    vApplicationGetIdleTaskMemory            0x08005691   Thumb Code    16  freertos.o(i.vApplicationGetIdleTaskMemory)
    vListInitialise                          0x080056a5   Thumb Code    22  list.o(i.vListInitialise)
    vListInitialiseItem                      0x080056bb   Thumb Code     6  list.o(i.vListInitialiseItem)
    vListInsert                              0x080056c1   Thumb Code    48  list.o(i.vListInsert)
    vListInsertEnd                           0x080056f1   Thumb Code    24  list.o(i.vListInsertEnd)
    vPortEnterCritical                       0x08005709   Thumb Code    54  port.o(i.vPortEnterCritical)
    vPortExitCritical                        0x08005749   Thumb Code    34  port.o(i.vPortExitCritical)
    vPortFree                                0x08005771   Thumb Code    94  heap_4.o(i.vPortFree)
    vPortSetupTimerInterrupt                 0x080057d5   Thumb Code    32  port.o(i.vPortSetupTimerInterrupt)
    vTaskDelay                               0x080057f9   Thumb Code    66  tasks.o(i.vTaskDelay)
    vTaskStartScheduler                      0x08005845   Thumb Code    90  tasks.o(i.vTaskStartScheduler)
    vTaskSuspendAll                          0x080058b1   Thumb Code    10  tasks.o(i.vTaskSuspendAll)
    vTaskSwitchContext                       0x080058c1   Thumb Code    82  tasks.o(i.vTaskSwitchContext)
    xPortStartScheduler                      0x0800591d   Thumb Code   222  port.o(i.xPortStartScheduler)
    xPortSysTickHandler                      0x08005a11   Thumb Code    38  port.o(i.xPortSysTickHandler)
    xTaskCreate                              0x08005a3d   Thumb Code    90  tasks.o(i.xTaskCreate)
    xTaskCreateStatic                        0x08005a97   Thumb Code    86  tasks.o(i.xTaskCreateStatic)
    xTaskGetSchedulerState                   0x08005aed   Thumb Code    22  tasks.o(i.xTaskGetSchedulerState)
    xTaskIncrementTick                       0x08005b09   Thumb Code   194  tasks.o(i.xTaskIncrementTick)
    xTaskResumeAll                           0x08005bd5   Thumb Code   182  tasks.o(i.xTaskResumeAll)
    AHBPrescTable                            0x08005dcc   Data          16  system_stm32f4xx.o(.constdata)
    APBPrescTable                            0x08005ddc   Data           8  system_stm32f4xx.o(.constdata)
    __ctype_table                            0x08005f64   Data         129  ctype_o.o(.constdata)
    Region$$Table$$Base                      0x080061b0   Number         0  anon$$obj.o(Region$$Table)
    Region$$Table$$Limit                     0x080061d0   Number         0  anon$$obj.o(Region$$Table)
    rx_index                                 0x20000000   Data           1  main.o(.data)
    cmd_ready                                0x20000001   Data           1  main.o(.data)
    debug_mode                               0x20000002   Data           1  main.o(.data)
    rx_byte                                  0x20000004   Data           1  main.o(.data)
    step_timer_count                         0x20000008   Data           4  main.o(.data)
    version_str                              0x2000000c   Data           4  main.o(.data)
    cal_na                                   0x20000028   Data          12  main.o(.data)
    cal_k                                    0x20000034   Data          12  main.o(.data)
    cal_cl                                   0x20000040   Data          12  main.o(.data)
    defaultTaskHandle                        0x2000004c   Data           4  freertos.o(.data)
    motorTaskHandle                          0x20000050   Data           4  freertos.o(.data)
    uwTickFreq                               0x20000054   Data           1  stm32f4xx_hal.o(.data)
    uwTickPrio                               0x20000058   Data           4  stm32f4xx_hal.o(.data)
    uwTick                                   0x2000005c   Data           4  stm32f4xx_hal.o(.data)
    SystemCoreClock                          0x20000060   Data           4  system_stm32f4xx.o(.data)
    pxCurrentTCB                             0x20000064   Data           4  tasks.o(.data)
    procCtrl                                 0x200000d0   Data          24  main.o(.bss)
    lastResults                              0x200000e8   Data         300  main.o(.bss)
    motors                                   0x20000214   Data         120  main.o(.bss)
    rx_buffer                                0x2000028c   Data          64  main.o(.bss)
    cmd_buffer                               0x200002cc   Data          64  main.o(.bss)
    hadc1                                    0x20000560   Data          72  adc.o(.bss)
    hadc2                                    0x200005a8   Data          72  adc.o(.bss)
    hspi1                                    0x200005f0   Data          88  spi.o(.bss)
    hspi2                                    0x20000648   Data          88  spi.o(.bss)
    htim2                                    0x200006a0   Data          72  tim.o(.bss)
    huart1                                   0x200006e8   Data          72  usart.o(.bss)
    huart3                                   0x20000730   Data          72  usart.o(.bss)
    __initial_sp                             0x20004868   Data           0  startup_stm32f407xx.o(STACK)



==============================================================================

Memory Map of the image

  Image Entry point : 0x08000189

  Load Region LR_IROM1 (Base: 0x08000000, Size: 0x000062a0, Max: 0x00080000, ABSOLUTE)

    Execution Region ER_IROM1 (Exec base: 0x08000000, Load base: 0x08000000, Size: 0x000061d0, Max: 0x00080000, ABSOLUTE)

    Exec Addr    Load Addr    Size         Type   Attr      Idx    E Section Name        Object

    0x08000000   0x08000000   0x00000188   Data   RO            3    RESET               startup_stm32f407xx.o
    0x08000188   0x08000188   0x00000000   Code   RO         5410  * .ARM.Collect$$$$00000000  mc_w.l(entry.o)
    0x08000188   0x08000188   0x00000004   Code   RO         5740    .ARM.Collect$$$$00000001  mc_w.l(entry2.o)
    0x0800018c   0x0800018c   0x00000004   Code   RO         5743    .ARM.Collect$$$$00000004  mc_w.l(entry5.o)
    0x08000190   0x08000190   0x00000000   Code   RO         5745    .ARM.Collect$$$$00000008  mc_w.l(entry7b.o)
    0x08000190   0x08000190   0x00000000   Code   RO         5747    .ARM.Collect$$$$0000000A  mc_w.l(entry8b.o)
    0x08000190   0x08000190   0x00000008   Code   RO         5748    .ARM.Collect$$$$0000000B  mc_w.l(entry9a.o)
    0x08000198   0x08000198   0x00000000   Code   RO         5750    .ARM.Collect$$$$0000000D  mc_w.l(entry10a.o)
    0x08000198   0x08000198   0x00000000   Code   RO         5752    .ARM.Collect$$$$0000000F  mc_w.l(entry11a.o)
    0x08000198   0x08000198   0x00000004   Code   RO         5741    .ARM.Collect$$$$00002712  mc_w.l(entry2.o)
    0x0800019c   0x0800019c   0x000000be   Code   RO         5305    .emb_text           port.o
    0x0800025a   0x0800025a   0x00000002   PAD
    0x0800025c   0x0800025c   0x00000024   Code   RO            4    .text               startup_stm32f407xx.o
    0x08000280   0x08000280   0x00000062   Code   RO         5413    .text               mc_w.l(uldiv.o)
    0x080002e2   0x080002e2   0x00000002   PAD
    0x080002e4   0x080002e4   0x00000008   Code   RO         5415    .text               mc_w.l(ctype_o.o)
    0x080002ec   0x080002ec   0x0000000c   Code   RO         5443    .text               mc_w.l(toupper.o)
    0x080002f8   0x080002f8   0x00000024   Code   RO         5445    .text               mc_w.l(memcpya.o)
    0x0800031c   0x0800031c   0x00000024   Code   RO         5449    .text               mc_w.l(memseta.o)
    0x08000340   0x08000340   0x0000000e   Code   RO         5451    .text               mc_w.l(strlen.o)
    0x0800034e   0x0800034e   0x0000001c   Code   RO         5453    .text               mc_w.l(strcmp.o)
    0x0800036a   0x0800036a   0x00000012   Code   RO         5455    .text               mc_w.l(strcpy.o)
    0x0800037c   0x0800037c   0x0000001a   Code   RO         5720    .text               mc_w.l(atoi.o)
    0x08000396   0x08000396   0x00000026   Code   RO         5722    .text               mf_w.l(f2d.o)
    0x080003bc   0x080003bc   0x0000002c   Code   RO         5755    .text               mc_w.l(uidiv.o)
    0x080003e8   0x080003e8   0x0000001e   Code   RO         5757    .text               mc_w.l(llshl.o)
    0x08000406   0x08000406   0x00000020   Code   RO         5759    .text               mc_w.l(llushr.o)
    0x08000426   0x08000426   0x00000070   Code   RO         5768    .text               mc_w.l(strtol.o)
    0x08000496   0x08000496   0x00000000   Code   RO         5770    .text               mc_w.l(iusefp.o)
    0x08000496   0x08000496   0x0000014e   Code   RO         5771    .text               mf_w.l(dadd.o)
    0x080005e4   0x080005e4   0x000000e4   Code   RO         5773    .text               mf_w.l(dmul.o)
    0x080006c8   0x080006c8   0x000000de   Code   RO         5775    .text               mf_w.l(ddiv.o)
    0x080007a6   0x080007a6   0x00000030   Code   RO         5777    .text               mf_w.l(dfixul.o)
    0x080007d6   0x080007d6   0x00000002   PAD
    0x080007d8   0x080007d8   0x00000030   Code   RO         5779    .text               mf_w.l(cdrcmple.o)
    0x08000808   0x08000808   0x00000004   Code   RO         5781    .text               mf_w.l(fpstat.o)
    0x0800080c   0x0800080c   0x00000024   Code   RO         5783    .text               mc_w.l(init.o)
    0x08000830   0x08000830   0x00000024   Code   RO         5785    .text               mc_w.l(llsshr.o)
    0x08000854   0x08000854   0x0000009e   Code   RO         5787    .text               mc_w.l(_strtoul.o)
    0x080008f2   0x080008f2   0x000000ba   Code   RO         5789    .text               mf_w.l(depilogue.o)
    0x080009ac   0x080009ac   0x0000001c   Code   RO         5791    .text               mc_w.l(_chval.o)
    0x080009c8   0x080009c8   0x00000128   Code   RO          970    i.ADC_Init          stm32f4xx_hal_adc.o
    0x08000af0   0x08000af0   0x00000070   Code   RO           13    i.ADC_ReadVoltage   main.o
    0x08000b60   0x08000b60   0x00000002   Code   RO          867    i.BusFault_Handler  stm32f4xx_it.o
    0x08000b62   0x08000b62   0x00000002   PAD
    0x08000b64   0x08000b64   0x00000038   Code   RO           14    i.CalculateConcentration  main.o
    0x08000b9c   0x08000b9c   0x00000010   Code   RO           15    i.Cmd_CAL           main.o
    0x08000bac   0x08000bac   0x00000028   Code   RO           16    i.Cmd_CLEAN         main.o
    0x08000bd4   0x08000bd4   0x00000020   Code   RO           17    i.Cmd_DEBUG_MODE    main.o
    0x08000bf4   0x08000bf4   0x00000024   Code   RO           18    i.Cmd_DEBUG_OFF     main.o
    0x08000c18   0x08000c18   0x00000010   Code   RO           19    i.Cmd_DISP_STDA     main.o
    0x08000c28   0x08000c28   0x00000010   Code   RO           20    i.Cmd_DISP_STDB     main.o
    0x08000c38   0x08000c38   0x00000018   Code   RO           21    i.Cmd_ECAPE         main.o
    0x08000c50   0x08000c50   0x00000030   Code   RO           22    i.Cmd_LAST_RESULT   main.o
    0x08000c80   0x08000c80   0x00000030   Code   RO           23    i.Cmd_LAST_SLOPE    main.o
    0x08000cb0   0x08000cb0   0x00000010   Code   RO           24    i.Cmd_MAINT         main.o
    0x08000cc0   0x08000cc0   0x00000030   Code   RO           25    i.Cmd_POWER_CLEAN   main.o
    0x08000cf0   0x08000cf0   0x00000010   Code   RO           26    i.Cmd_PRIME_DILUTED  main.o
    0x08000d00   0x08000d00   0x00000010   Code   RO           27    i.Cmd_PRIME_REF     main.o
    0x08000d10   0x08000d10   0x00000010   Code   RO           28    i.Cmd_PRIME_STDA    main.o
    0x08000d20   0x08000d20   0x00000010   Code   RO           29    i.Cmd_PRIME_STDB    main.o
    0x08000d30   0x08000d30   0x000000c4   Code   RO           30    i.Cmd_READ_MV       main.o
    0x08000df4   0x08000df4   0x00000028   Code   RO           31    i.Cmd_SAMPLE        main.o
    0x08000e1c   0x08000e1c   0x000000ac   Code   RO           32    i.Cmd_START         main.o
    0x08000ec8   0x08000ec8   0x00000028   Code   RO           33    i.Cmd_URINE         main.o
    0x08000ef0   0x08000ef0   0x0000000c   Code   RO           34    i.Cmd_VERSION       main.o
    0x08000efc   0x08000efc   0x00000002   Code   RO          868    i.DebugMon_Handler  stm32f4xx_it.o
    0x08000efe   0x08000efe   0x00000004   Code   RO           35    i.Error_Handler     main.o
    0x08000f02   0x08000f02   0x00000002   PAD
    0x08000f04   0x08000f04   0x0000014c   Code   RO          972    i.HAL_ADC_ConfigChannel  stm32f4xx_hal_adc.o
    0x08001050   0x08001050   0x00000006   Code   RO          979    i.HAL_ADC_GetValue  stm32f4xx_hal_adc.o
    0x08001056   0x08001056   0x00000054   Code   RO          981    i.HAL_ADC_Init      stm32f4xx_hal_adc.o
    0x080010aa   0x080010aa   0x00000002   PAD
    0x080010ac   0x080010ac   0x00000098   Code   RO          676    i.HAL_ADC_MspInit   adc.o
    0x08001144   0x08001144   0x000000aa   Code   RO          985    i.HAL_ADC_PollForConversion  stm32f4xx_hal_adc.o
    0x080011ee   0x080011ee   0x00000002   PAD
    0x080011f0   0x080011f0   0x000000fc   Code   RO          987    i.HAL_ADC_Start     stm32f4xx_hal_adc.o
    0x080012ec   0x080012ec   0x0000003c   Code   RO          990    i.HAL_ADC_Stop      stm32f4xx_hal_adc.o
    0x08001328   0x08001328   0x00000092   Code   RO         1704    i.HAL_DMA_Abort     stm32f4xx_hal_dma.o
    0x080013ba   0x080013ba   0x00000024   Code   RO         1705    i.HAL_DMA_Abort_IT  stm32f4xx_hal_dma.o
    0x080013de   0x080013de   0x00000002   PAD
    0x080013e0   0x080013e0   0x00000024   Code   RO         2141    i.HAL_Delay         stm32f4xx_hal.o
    0x08001404   0x08001404   0x000001f0   Code   RO         1597    i.HAL_GPIO_Init     stm32f4xx_hal_gpio.o
    0x080015f4   0x080015f4   0x00000010   Code   RO         1600    i.HAL_GPIO_TogglePin  stm32f4xx_hal_gpio.o
    0x08001604   0x08001604   0x0000000a   Code   RO         1601    i.HAL_GPIO_WritePin  stm32f4xx_hal_gpio.o
    0x0800160e   0x0800160e   0x00000002   PAD
    0x08001610   0x08001610   0x0000000c   Code   RO         2147    i.HAL_GetTick       stm32f4xx_hal.o
    0x0800161c   0x0800161c   0x00000010   Code   RO         2153    i.HAL_IncTick       stm32f4xx_hal.o
    0x0800162c   0x0800162c   0x00000034   Code   RO         2154    i.HAL_Init          stm32f4xx_hal.o
    0x08001660   0x08001660   0x00000040   Code   RO         2155    i.HAL_InitTick      stm32f4xx_hal.o
    0x080016a0   0x080016a0   0x00000038   Code   RO          943    i.HAL_MspInit       stm32f4xx_hal_msp.o
    0x080016d8   0x080016d8   0x0000001a   Code   RO         1989    i.HAL_NVIC_EnableIRQ  stm32f4xx_hal_cortex.o
    0x080016f2   0x080016f2   0x00000002   PAD
    0x080016f4   0x080016f4   0x00000040   Code   RO         1995    i.HAL_NVIC_SetPriority  stm32f4xx_hal_cortex.o
    0x08001734   0x08001734   0x00000024   Code   RO         1996    i.HAL_NVIC_SetPriorityGrouping  stm32f4xx_hal_cortex.o
    0x08001758   0x08001758   0x00000134   Code   RO         1243    i.HAL_RCC_ClockConfig  stm32f4xx_hal_rcc.o
    0x0800188c   0x0800188c   0x00000020   Code   RO         1250    i.HAL_RCC_GetPCLK1Freq  stm32f4xx_hal_rcc.o
    0x080018ac   0x080018ac   0x00000020   Code   RO         1251    i.HAL_RCC_GetPCLK2Freq  stm32f4xx_hal_rcc.o
    0x080018cc   0x080018cc   0x00000064   Code   RO         1252    i.HAL_RCC_GetSysClockFreq  stm32f4xx_hal_rcc.o
    0x08001930   0x08001930   0x0000036c   Code   RO         1255    i.HAL_RCC_OscConfig  stm32f4xx_hal_rcc.o
    0x08001c9c   0x08001c9c   0x000000bc   Code   RO         2403    i.HAL_SPI_Init      stm32f4xx_hal_spi.o
    0x08001d58   0x08001d58   0x000000b0   Code   RO          724    i.HAL_SPI_MspInit   spi.o
    0x08001e08   0x08001e08   0x00000028   Code   RO         2000    i.HAL_SYSTICK_Config  stm32f4xx_hal_cortex.o
    0x08001e30   0x08001e30   0x00000090   Code   RO         3439    i.HAL_TIMEx_MasterConfigSynchronization  stm32f4xx_hal_tim_ex.o
    0x08001ec0   0x08001ec0   0x0000005a   Code   RO         2716    i.HAL_TIM_Base_Init  stm32f4xx_hal_tim.o
    0x08001f1a   0x08001f1a   0x00000002   PAD
    0x08001f1c   0x08001f1c   0x00000038   Code   RO          772    i.HAL_TIM_Base_MspInit  tim.o
    0x08001f54   0x08001f54   0x00000080   Code   RO         2721    i.HAL_TIM_Base_Start_IT  stm32f4xx_hal_tim.o
    0x08001fd4   0x08001fd4   0x000000dc   Code   RO         2725    i.HAL_TIM_ConfigClockSource  stm32f4xx_hal_tim.o
    0x080020b0   0x080020b0   0x00000002   Code   RO         3699    i.HAL_UARTEx_RxEventCallback  stm32f4xx_hal_uart.o
    0x080020b2   0x080020b2   0x00000002   Code   RO         3713    i.HAL_UART_ErrorCallback  stm32f4xx_hal_uart.o
    0x080020b4   0x080020b4   0x00000280   Code   RO         3716    i.HAL_UART_IRQHandler  stm32f4xx_hal_uart.o
    0x08002334   0x08002334   0x00000064   Code   RO         3717    i.HAL_UART_Init     stm32f4xx_hal_uart.o
    0x08002398   0x08002398   0x000000c4   Code   RO          814    i.HAL_UART_MspInit  usart.o
    0x0800245c   0x0800245c   0x0000001c   Code   RO         3722    i.HAL_UART_Receive_IT  stm32f4xx_hal_uart.o
    0x08002478   0x08002478   0x00000060   Code   RO           37    i.HAL_UART_RxCpltCallback  main.o
    0x080024d8   0x080024d8   0x000000a0   Code   RO         3725    i.HAL_UART_Transmit  stm32f4xx_hal_uart.o
    0x08002578   0x08002578   0x00000002   Code   RO         3728    i.HAL_UART_TxCpltCallback  stm32f4xx_hal_uart.o
    0x0800257a   0x0800257a   0x00000002   Code   RO          869    i.HardFault_Handler  stm32f4xx_it.o
    0x0800257c   0x0800257c   0x00000064   Code   RO          677    i.MX_ADC1_Init      adc.o
    0x080025e0   0x080025e0   0x00000064   Code   RO          678    i.MX_ADC2_Init      adc.o
    0x08002644   0x08002644   0x0000003c   Code   RO          620    i.MX_FREERTOS_Init  freertos.o
    0x08002680   0x08002680   0x00000124   Code   RO          596    i.MX_GPIO_Init      gpio.o
    0x080027a4   0x080027a4   0x00000044   Code   RO          725    i.MX_SPI1_Init      spi.o
    0x080027e8   0x080027e8   0x00000044   Code   RO          726    i.MX_SPI2_Init      spi.o
    0x0800282c   0x0800282c   0x00000064   Code   RO          773    i.MX_TIM2_Init      tim.o
    0x08002890   0x08002890   0x00000038   Code   RO          815    i.MX_USART1_UART_Init  usart.o
    0x080028c8   0x080028c8   0x00000038   Code   RO          816    i.MX_USART3_UART_Init  usart.o
    0x08002900   0x08002900   0x00000214   Code   RO           38    i.MeasureAndDispense  main.o
    0x08002b14   0x08002b14   0x00000002   Code   RO          870    i.MemManage_Handler  stm32f4xx_it.o
    0x08002b16   0x08002b16   0x00000002   PAD
    0x08002b18   0x08002b18   0x00000024   Code   RO           39    i.Motor_Enable      main.o
    0x08002b3c   0x08002b3c   0x000000a4   Code   RO           40    i.Motor_Init        main.o
    0x08002be0   0x08002be0   0x0000008c   Code   RO           41    i.Motor_InitAll     main.o
    0x08002c6c   0x08002c6c   0x00000030   Code   RO           42    i.Motor_MoveSteps   main.o
    0x08002c9c   0x08002c9c   0x000001b0   Code   RO           43    i.Motor_MoveStepsWithLiquidCheck  main.o
    0x08002e4c   0x08002e4c   0x00000050   Code   RO           44    i.Motor_ProcessStep  main.o
    0x08002e9c   0x08002e9c   0x00000024   Code   RO           45    i.Motor_SetDirection  main.o
    0x08002ec0   0x08002ec0   0x00000038   Code   RO           46    i.Motor_StartMove   main.o
    0x08002ef8   0x08002ef8   0x00000034   Code   RO           47    i.Motor_Stop        main.o
    0x08002f2c   0x08002f2c   0x00000014   Code   RO           48    i.Motor_Stop_All    main.o
    0x08002f40   0x08002f40   0x00000002   Code   RO          871    i.NMI_Handler       stm32f4xx_it.o
    0x08002f42   0x08002f42   0x00000002   PAD
    0x08002f44   0x08002f44   0x000003ec   Code   RO           49    i.Parse_Command     main.o
    0x08003330   0x08003330   0x00000160   Code   RO           50    i.PerformCalibration  main.o
    0x08003490   0x08003490   0x00000014   Code   RO           51    i.Process_Abort     main.o
    0x080034a4   0x080034a4   0x00000094   Code   RO           52    i.Process_CheckTimeout  main.o
    0x08003538   0x08003538   0x00000064   Code   RO           53    i.Process_RunStep   main.o
    0x0800359c   0x0800359c   0x00000054   Code   RO           54    i.Process_StartProcedure  main.o
    0x080035f0   0x080035f0   0x00000064   Code   RO           55    i.Read_ElectrodeMV  main.o
    0x08003654   0x08003654   0x0000001c   Code   RO           56    i.Read_Temperature  main.o
    0x08003670   0x08003670   0x00000040   Code   RO          621    i.StartDefaultTask  freertos.o
    0x080036b0   0x080036b0   0x0000002c   Code   RO           57    i.StartMotorTask    main.o
    0x080036dc   0x080036dc   0x00000018   Code   RO          872    i.SysTick_Handler   stm32f4xx_it.o
    0x080036f4   0x080036f4   0x00000094   Code   RO           58    i.SystemClock_Config  main.o
    0x08003788   0x08003788   0x00000010   Code   RO         4051    i.SystemInit        system_stm32f4xx.o
    0x08003798   0x08003798   0x00000010   Code   RO          873    i.TIM2_IRQHandler   stm32f4xx_it.o
    0x080037a8   0x080037a8   0x000000d0   Code   RO         2809    i.TIM_Base_SetConfig  stm32f4xx_hal_tim.o
    0x08003878   0x08003878   0x00000014   Code   RO         2820    i.TIM_ETR_SetConfig  stm32f4xx_hal_tim.o
    0x0800388c   0x0800388c   0x00000010   Code   RO         2821    i.TIM_ITRx_SetConfig  stm32f4xx_hal_tim.o
    0x0800389c   0x0800389c   0x00000022   Code   RO         2827    i.TIM_TI1_ConfigInputStage  stm32f4xx_hal_tim.o
    0x080038be   0x080038be   0x00000024   Code   RO         2829    i.TIM_TI2_ConfigInputStage  stm32f4xx_hal_tim.o
    0x080038e2   0x080038e2   0x0000000e   Code   RO         3730    i.UART_DMAAbortOnError  stm32f4xx_hal_uart.o
    0x080038f0   0x080038f0   0x0000004e   Code   RO         3740    i.UART_EndRxTransfer  stm32f4xx_hal_uart.o
    0x0800393e   0x0800393e   0x000000c2   Code   RO         3742    i.UART_Receive_IT   stm32f4xx_hal_uart.o
    0x08003a00   0x08003a00   0x0000001e   Code   RO           59    i.UART_SendFormatted  main.o
    0x08003a1e   0x08003a1e   0x00000002   PAD
    0x08003a20   0x08003a20   0x00000048   Code   RO           60    i.UART_SendResponse  main.o
    0x08003a68   0x08003a68   0x0000001c   Code   RO           61    i.UART_SendString   main.o
    0x08003a84   0x08003a84   0x0000010c   Code   RO         3743    i.UART_SetConfig    stm32f4xx_hal_uart.o
    0x08003b90   0x08003b90   0x00000036   Code   RO         3745    i.UART_Start_Receive_IT  stm32f4xx_hal_uart.o
    0x08003bc6   0x08003bc6   0x00000072   Code   RO         3746    i.UART_WaitOnFlagUntilTimeout  stm32f4xx_hal_uart.o
    0x08003c38   0x08003c38   0x0000000c   Code   RO          874    i.USART1_IRQHandler  stm32f4xx_it.o
    0x08003c44   0x08003c44   0x000000ec   Code   RO           62    i.UpdateLastResult  main.o
    0x08003d30   0x08003d30   0x00000002   Code   RO          875    i.UsageFault_Handler  stm32f4xx_it.o
    0x08003d32   0x08003d32   0x00000002   PAD
    0x08003d34   0x08003d34   0x00000030   Code   RO         5693    i.__0snprintf       mc_w.l(printfa.o)
    0x08003d64   0x08003d64   0x00000028   Code   RO         5694    i.__0sprintf        mc_w.l(printfa.o)
    0x08003d8c   0x08003d8c   0x0000002c   Code   RO         5697    i.__0vsnprintf      mc_w.l(printfa.o)
    0x08003db8   0x08003db8   0x00000026   Code   RO         5724    i.__ARM_fpclassifyf  m_wm.l(fpclassifyf.o)
    0x08003dde   0x08003dde   0x00000020   Code   RO         2002    i.__NVIC_SetPriority  stm32f4xx_hal_cortex.o
    0x08003dfe   0x08003dfe   0x00000002   PAD
    0x08003e00   0x08003e00   0x00000008   Code   RO         5761    i.__aeabi_errno_addr  mc_w.l(errno.o)
    0x08003e08   0x08003e08   0x00000180   Code   RO         5382    i.__hardfp_log10f   m_wm.l(log10f.o)
    0x08003f88   0x08003f88   0x00000664   Code   RO         5396    i.__hardfp_powf     m_wm.l(powf.o)
    0x080045ec   0x080045ec   0x00000014   Code   RO         5726    i.__mathlib_flt_divzero  m_wm.l(funder.o)
    0x08004600   0x08004600   0x00000006   Code   RO         5727    i.__mathlib_flt_infnan  m_wm.l(funder.o)
    0x08004606   0x08004606   0x00000006   Code   RO         5728    i.__mathlib_flt_infnan2  m_wm.l(funder.o)
    0x0800460c   0x0800460c   0x00000010   Code   RO         5729    i.__mathlib_flt_invalid  m_wm.l(funder.o)
    0x0800461c   0x0800461c   0x00000010   Code   RO         5730    i.__mathlib_flt_overflow  m_wm.l(funder.o)
    0x0800462c   0x0800462c   0x00000010   Code   RO         5732    i.__mathlib_flt_underflow  m_wm.l(funder.o)
    0x0800463c   0x0800463c   0x0000000e   Code   RO         5795    i.__scatterload_copy  mc_w.l(handlers.o)
    0x0800464a   0x0800464a   0x00000002   Code   RO         5796    i.__scatterload_null  mc_w.l(handlers.o)
    0x0800464c   0x0800464c   0x0000000e   Code   RO         5797    i.__scatterload_zeroinit  mc_w.l(handlers.o)
    0x0800465a   0x0800465a   0x00000002   PAD
    0x0800465c   0x0800465c   0x0000000c   Code   RO         5763    i.__set_errno       mc_w.l(errno.o)
    0x08004668   0x08004668   0x00000184   Code   RO         5699    i._fp_digits        mc_w.l(printfa.o)
    0x080047ec   0x080047ec   0x000006dc   Code   RO         5700    i._printf_core      mc_w.l(printfa.o)
    0x08004ec8   0x08004ec8   0x00000024   Code   RO         5701    i._printf_post_padding  mc_w.l(printfa.o)
    0x08004eec   0x08004eec   0x0000002e   Code   RO         5702    i._printf_pre_padding  mc_w.l(printfa.o)
    0x08004f1a   0x08004f1a   0x00000016   Code   RO         5703    i._snputc           mc_w.l(printfa.o)
    0x08004f30   0x08004f30   0x0000000a   Code   RO         5704    i._sputc            mc_w.l(printfa.o)
    0x08004f3a   0x08004f3a   0x0000000c   Code   RO           63    i.action_cal_step1  main.o
    0x08004f46   0x08004f46   0x00000002   PAD
    0x08004f48   0x08004f48   0x00000010   Code   RO           64    i.action_cal_step2  main.o
    0x08004f58   0x08004f58   0x00000002   Code   RO           65    i.action_cal_step3  main.o
    0x08004f5a   0x08004f5a   0x0000000c   Code   RO           66    i.action_cal_step4  main.o
    0x08004f66   0x08004f66   0x00000002   PAD
    0x08004f68   0x08004f68   0x00000010   Code   RO           67    i.action_cal_step5  main.o
    0x08004f78   0x08004f78   0x00000002   Code   RO           68    i.action_cal_step6  main.o
    0x08004f7a   0x08004f7a   0x00000002   PAD
    0x08004f7c   0x08004f7c   0x0000003c   Code   RO           69    i.action_cal_step7  main.o
    0x08004fb8   0x08004fb8   0x0000001e   Code   RO           70    i.action_clean      main.o
    0x08004fd6   0x08004fd6   0x0000000a   Code   RO           71    i.action_disp_stda  main.o
    0x08004fe0   0x08004fe0   0x0000000c   Code   RO           72    i.action_disp_stdb  main.o
    0x08004fec   0x08004fec   0x00000002   Code   RO           73    i.action_none       main.o
    0x08004fee   0x08004fee   0x0000001e   Code   RO           74    i.action_power_clean  main.o
    0x0800500c   0x0800500c   0x0000000c   Code   RO           75    i.action_prime_diluted  main.o
    0x08005018   0x08005018   0x0000000c   Code   RO           76    i.action_prime_ref  main.o
    0x08005024   0x08005024   0x00000020   Code   RO           77    i.action_prime_stda  main.o
    0x08005044   0x08005044   0x00000020   Code   RO           78    i.action_prime_stdb  main.o
    0x08005064   0x08005064   0x00000018   Code   RO           79    i.action_sample_measure  main.o
    0x0800507c   0x0800507c   0x00000018   Code   RO           80    i.action_urine_measure  main.o
    0x08005094   0x08005094   0x00000108   Code   RO           81    i.main              main.o
    0x0800519c   0x0800519c   0x0000000c   Code   RO         4871    i.makeFreeRtosPriority  cmsis_os.o
    0x080051a8   0x080051a8   0x0000000e   Code   RO         4873    i.osDelay           cmsis_os.o
    0x080051b6   0x080051b6   0x0000000a   Code   RO         4876    i.osKernelStart     cmsis_os.o
    0x080051c0   0x080051c0   0x00000054   Code   RO         4910    i.osThreadCreate    cmsis_os.o
    0x08005214   0x08005214   0x00000070   Code   RO         4553    i.prvAddCurrentTaskToDelayedList  tasks.o
    0x08005284   0x08005284   0x000000d0   Code   RO         4554    i.prvAddNewTaskToReadyList  tasks.o
    0x08005354   0x08005354   0x00000034   Code   RO         4555    i.prvDeleteTCB      tasks.o
    0x08005388   0x08005388   0x0000004c   Code   RO         5238    i.prvHeapInit       heap_4.o
    0x080053d4   0x080053d4   0x00000060   Code   RO         4556    i.prvIdleTask       tasks.o
    0x08005434   0x08005434   0x00000098   Code   RO         4557    i.prvInitialiseNewTask  tasks.o
    0x080054cc   0x080054cc   0x0000004c   Code   RO         5239    i.prvInsertBlockIntoFreeList  heap_4.o
    0x08005518   0x08005518   0x00000020   Code   RO         4558    i.prvResetNextTaskUnblockTime  tasks.o
    0x08005538   0x08005538   0x00000028   Code   RO         5306    i.prvTaskExitError  port.o
    0x08005560   0x08005560   0x000000dc   Code   RO         5240    i.pvPortMalloc      heap_4.o
    0x0800563c   0x0800563c   0x0000002c   Code   RO         5307    i.pxPortInitialiseStack  port.o
    0x08005668   0x08005668   0x00000026   Code   RO         4189    i.uxListRemove      list.o
    0x0800568e   0x0800568e   0x00000002   PAD
    0x08005690   0x08005690   0x00000014   Code   RO          622    i.vApplicationGetIdleTaskMemory  freertos.o
    0x080056a4   0x080056a4   0x00000016   Code   RO         4190    i.vListInitialise   list.o
    0x080056ba   0x080056ba   0x00000006   Code   RO         4191    i.vListInitialiseItem  list.o
    0x080056c0   0x080056c0   0x00000030   Code   RO         4192    i.vListInsert       list.o
    0x080056f0   0x080056f0   0x00000018   Code   RO         4193    i.vListInsertEnd    list.o
    0x08005708   0x08005708   0x00000040   Code   RO         5309    i.vPortEnterCritical  port.o
    0x08005748   0x08005748   0x00000028   Code   RO         5310    i.vPortExitCritical  port.o
    0x08005770   0x08005770   0x00000064   Code   RO         5241    i.vPortFree         heap_4.o
    0x080057d4   0x080057d4   0x00000024   Code   RO         5311    i.vPortSetupTimerInterrupt  port.o
    0x080057f8   0x080057f8   0x0000004c   Code   RO         4567    i.vTaskDelay        tasks.o
    0x08005844   0x08005844   0x0000006c   Code   RO         4580    i.vTaskStartScheduler  tasks.o
    0x080058b0   0x080058b0   0x00000010   Code   RO         4582    i.vTaskSuspendAll   tasks.o
    0x080058c0   0x080058c0   0x0000005c   Code   RO         4583    i.vTaskSwitchContext  tasks.o
    0x0800591c   0x0800591c   0x000000f4   Code   RO         5313    i.xPortStartScheduler  port.o
    0x08005a10   0x08005a10   0x0000002c   Code   RO         5314    i.xPortSysTickHandler  port.o
    0x08005a3c   0x08005a3c   0x0000005a   Code   RO         4586    i.xTaskCreate       tasks.o
    0x08005a96   0x08005a96   0x00000056   Code   RO         4587    i.xTaskCreateStatic  tasks.o
    0x08005aec   0x08005aec   0x0000001c   Code   RO         4591    i.xTaskGetSchedulerState  tasks.o
    0x08005b08   0x08005b08   0x000000cc   Code   RO         4594    i.xTaskIncrementTick  tasks.o
    0x08005bd4   0x08005bd4   0x000000c4   Code   RO         4600    i.xTaskResumeAll    tasks.o
    0x08005c98   0x08005c98   0x000000fc   Data   RO           83    .constdata          main.o
    0x08005d94   0x08005d94   0x00000038   Data   RO          624    .constdata          freertos.o
    0x08005dcc   0x08005dcc   0x00000010   Data   RO         4052    .constdata          system_stm32f4xx.o
    0x08005ddc   0x08005ddc   0x00000008   Data   RO         4053    .constdata          system_stm32f4xx.o
    0x08005de4   0x08005de4   0x00000040   Data   RO         5385    .constdata          m_wm.l(log10f.o)
    0x08005e24   0x08005e24   0x00000140   Data   RO         5399    .constdata          m_wm.l(powf.o)
    0x08005f64   0x08005f64   0x00000081   Data   RO         5416    .constdata          mc_w.l(ctype_o.o)
    0x08005fe5   0x08005fe5   0x00000003   PAD
    0x08005fe8   0x08005fe8   0x00000004   Data   RO         5417    .constdata          mc_w.l(ctype_o.o)
    0x08005fec   0x08005fec   0x000001ab   Data   RO           84    .conststring        main.o
    0x08006197   0x08006197   0x00000001   PAD
    0x08006198   0x08006198   0x00000018   Data   RO          625    .conststring        freertos.o
    0x080061b0   0x080061b0   0x00000020   Data   RO         5793    Region$$Table       anon$$obj.o


    Execution Region RW_IRAM1 (Exec base: 0x20000000, Load base: 0x080061d0, Size: 0x00004868, Max: 0x0001c000, ABSOLUTE)

    Exec Addr    Load Addr    Size         Type   Attr      Idx    E Section Name        Object

    0x20000000   0x080061d0   0x0000004c   Data   RW           85    .data               main.o
    0x2000004c   0x0800621c   0x00000008   Data   RW          626    .data               freertos.o
    0x20000054   0x08006224   0x0000000c   Data   RW         2161    .data               stm32f4xx_hal.o
    0x20000060   0x08006230   0x00000004   Data   RW         4054    .data               system_stm32f4xx.o
    0x20000064   0x08006234   0x0000003c   Data   RW         4603    .data               tasks.o
    0x200000a0   0x08006270   0x00000020   Data   RW         5247    .data               heap_4.o
    0x200000c0   0x08006290   0x0000000c   Data   RW         5315    .data               port.o
    0x200000cc   0x0800629c   0x00000004   Data   RW         5764    .data               mc_w.l(errno.o)
    0x200000d0        -       0x0000023c   Zero   RW           82    .bss                main.o
    0x2000030c        -       0x00000254   Zero   RW          623    .bss                freertos.o
    0x20000560        -       0x00000090   Zero   RW          679    .bss                adc.o
    0x200005f0        -       0x000000b0   Zero   RW          727    .bss                spi.o
    0x200006a0        -       0x00000048   Zero   RW          774    .bss                tim.o
    0x200006e8        -       0x00000090   Zero   RW          818    .bss                usart.o
    0x20000778        -       0x000000f0   Zero   RW         4602    .bss                tasks.o
    0x20000868        -       0x00003c00   Zero   RW         5246    .bss                heap_4.o
    0x20004468        -       0x00000400   Zero   RW            1    STACK               startup_stm32f407xx.o


    Execution Region RW_IRAM2 (Exec base: 0x2001c000, Load base: 0x080062a0, Size: 0x00000000, Max: 0x00004000, ABSOLUTE)

    **** No section assigned to this execution region ****


==============================================================================

Image component sizes


      Code (inc. data)   RO Data    RW Data    ZI Data      Debug   Object Name

       352         48          0          0        144       2318   adc.o
       120          0          0          0          0      23081   cmsis_os.o
         0          0          0          0          0      16792   event_groups.o
       144         36         80          8        596       2630   freertos.o
       292         24          0          0          0       1015   gpio.o
       472         24          0         32      15360       7255   heap_4.o
       138          0          0          0          0       3406   list.o
      5726       1588        679         76        572     786923   main.o
       702         72          0         12          0      10740   port.o
       312         38          0          0        176       2270   spi.o
        36          8        392          0       1024        812   startup_stm32f407xx.o
       180         28          0         12          0       9229   stm32f4xx_hal.o
      1200         52          0          0          0       5741   stm32f4xx_hal_adc.o
       198         14          0          0          0      33679   stm32f4xx_hal_cortex.o
       182          0          0          0          0       2027   stm32f4xx_hal_dma.o
       522         46          0          0          0       2741   stm32f4xx_hal_gpio.o
        56          4          0          0          0        822   stm32f4xx_hal_msp.o
      1348         76          0          0          0       5116   stm32f4xx_hal_rcc.o
       188          0          0          0          0       1171   stm32f4xx_hal_spi.o
       752         72          0          0          0       6827   stm32f4xx_hal_tim.o
       144         28          0          0          0       1328   stm32f4xx_hal_tim_ex.o
      1656         14          0          0          0      11112   stm32f4xx_hal_uart.o
        64          6          0          0          0       4057   stm32f4xx_it.o
         0          0          0          0          0        392   stream_buffer.o
        16          4         24          4          0       1055   system_stm32f4xx.o
      1548        118          0         60        240      19723   tasks.o
       156         10          0          0         72       1606   tim.o
       308         38          0          0        144       2391   usart.o

    ----------------------------------------------------------------------
     16848       2348       1208        204      18328     966259   Object Totals
         0          0         32          0          0          0   (incl. Generated)
        36          0          1          0          0          0   (incl. Padding)

    ----------------------------------------------------------------------

      Code (inc. data)   RO Data    RW Data    ZI Data      Debug   Library Member Name

        38          0          0          0          0        116   fpclassifyf.o
        80         24          0          0          0        696   funder.o
       384         52         64          0          0        140   log10f.o
      1636        110        320          0          0        372   powf.o
        28          0          0          0          0         68   _chval.o
       158          0          0          0          0         92   _strtoul.o
        26          0          0          0          0         80   atoi.o
         8          4        133          0          0         68   ctype_o.o
         0          0          0          0          0          0   entry.o
         0          0          0          0          0          0   entry10a.o
         0          0          0          0          0          0   entry11a.o
         8          4          0          0          0          0   entry2.o
         4          0          0          0          0          0   entry5.o
         0          0          0          0          0          0   entry7b.o
         0          0          0          0          0          0   entry8b.o
         8          4          0          0          0          0   entry9a.o
        20         10          0          4          0        136   errno.o
        30          0          0          0          0          0   handlers.o
        36          8          0          0          0         68   init.o
         0          0          0          0          0          0   iusefp.o
        30          0          0          0          0         68   llshl.o
        36          0          0          0          0         68   llsshr.o
        32          0          0          0          0         68   llushr.o
        36          0          0          0          0         68   memcpya.o
        36          0          0          0          0        108   memseta.o
      2390         94          0          0          0        752   printfa.o
        28          0          0          0          0         76   strcmp.o
        18          0          0          0          0         68   strcpy.o
        14          0          0          0          0         68   strlen.o
       112          0          0          0          0         88   strtol.o
        12          0          0          0          0         68   toupper.o
        44          0          0          0          0         80   uidiv.o
        98          0          0          0          0         92   uldiv.o
        48          0          0          0          0         68   cdrcmple.o
       334          0          0          0          0        148   dadd.o
       222          0          0          0          0        100   ddiv.o
       186          0          0          0          0        176   depilogue.o
        48          0          0          0          0         68   dfixul.o
       228          0          0          0          0         96   dmul.o
        38          0          0          0          0         68   f2d.o
         4          0          0          0          0         68   fpstat.o

    ----------------------------------------------------------------------
      6464        310        520          4          0       4300   Library Totals
         6          0          3          0          0          0   (incl. Padding)

    ----------------------------------------------------------------------

      Code (inc. data)   RO Data    RW Data    ZI Data      Debug   Library Name

      2138        186        384          0          0       1324   m_wm.l
      3212        124        133          4          0       2184   mc_w.l
      1108          0          0          0          0        792   mf_w.l

    ----------------------------------------------------------------------
      6464        310        520          4          0       4300   Library Totals

    ----------------------------------------------------------------------

==============================================================================


      Code (inc. data)   RO Data    RW Data    ZI Data      Debug   

     23312       2658       1728        208      18328     950951   Grand Totals
     23312       2658       1728        208      18328     950951   ELF Image Totals
     23312       2658       1728        208          0          0   ROM Totals

==============================================================================

    Total RO  Size (Code + RO Data)                25040 (  24.45kB)
    Total RW  Size (RW Data + ZI Data)             18536 (  18.10kB)
    Total ROM Size (Code + RO Data + RW Data)      25248 (  24.66kB)

==============================================================================

