Component: ARM Compiler 5.06 update 6 (build 750) Tool: armlink [4d35ed]

==============================================================================

Section Cross References

    startup_stm32f407xx.o(STACK) refers (Special) to heapauxi.o(.text) for __use_two_region_memory
    startup_stm32f407xx.o(HEAP) refers (Special) to heapauxi.o(.text) for __use_two_region_memory
    startup_stm32f407xx.o(RESET) refers (Special) to heapauxi.o(.text) for __use_two_region_memory
    startup_stm32f407xx.o(RESET) refers to startup_stm32f407xx.o(STACK) for __initial_sp
    startup_stm32f407xx.o(RESET) refers to startup_stm32f407xx.o(.text) for Reset_Handler
    startup_stm32f407xx.o(RESET) refers to stm32f4xx_it.o(i.NMI_Handler) for NMI_Handler
    startup_stm32f407xx.o(RESET) refers to stm32f4xx_it.o(i.HardFault_Handler) for HardFault_Handler
    startup_stm32f407xx.o(RESET) refers to stm32f4xx_it.o(i.MemManage_Handler) for MemManage_Handler
    startup_stm32f407xx.o(RESET) refers to stm32f4xx_it.o(i.BusFault_Handler) for BusFault_Handler
    startup_stm32f407xx.o(RESET) refers to stm32f4xx_it.o(i.UsageFault_Handler) for UsageFault_Handler
    startup_stm32f407xx.o(RESET) refers to port.o(.emb_text) for SVC_Handler
    startup_stm32f407xx.o(RESET) refers to stm32f4xx_it.o(i.DebugMon_Handler) for DebugMon_Handler
    startup_stm32f407xx.o(RESET) refers to stm32f4xx_it.o(i.SysTick_Handler) for SysTick_Handler
    startup_stm32f407xx.o(RESET) refers to stm32f4xx_it.o(i.TIM2_IRQHandler) for TIM2_IRQHandler
    startup_stm32f407xx.o(RESET) refers to stm32f4xx_it.o(i.USART1_IRQHandler) for USART1_IRQHandler
    startup_stm32f407xx.o(.text) refers (Special) to heapauxi.o(.text) for __use_two_region_memory
    startup_stm32f407xx.o(.text) refers to system_stm32f4xx.o(i.SystemInit) for SystemInit
    startup_stm32f407xx.o(.text) refers to __main.o(!!!main) for __main
    startup_stm32f407xx.o(.text) refers to startup_stm32f407xx.o(HEAP) for Heap_Mem
    startup_stm32f407xx.o(.text) refers to startup_stm32f407xx.o(STACK) for Stack_Mem
    main.o(i.HAL_TIM_PeriodElapsedCallback) refers to main.o(i.Motor_ProcessStep) for Motor_ProcessStep
    main.o(i.HAL_TIM_PeriodElapsedCallback) refers to main.o(.data) for .data
    main.o(i.Motor_Enable) refers to stm32f4xx_hal_gpio.o(i.HAL_GPIO_WritePin) for HAL_GPIO_WritePin
    main.o(i.Motor_Enable) refers to main.o(.bss) for .bss
    main.o(i.Motor_Init) refers to stm32f4xx_hal_gpio.o(i.HAL_GPIO_WritePin) for HAL_GPIO_WritePin
    main.o(i.Motor_Init) refers to main.o(i.Motor_SetDirection) for Motor_SetDirection
    main.o(i.Motor_Init) refers to main.o(i.Motor_Enable) for Motor_Enable
    main.o(i.Motor_Init) refers to stm32f4xx_hal.o(i.HAL_Delay) for HAL_Delay
    main.o(i.Motor_Init) refers to main.o(.bss) for .bss
    main.o(i.Motor_InitAll) refers to main.o(i.Motor_Init) for Motor_Init
    main.o(i.Motor_ProcessStep) refers to stm32f4xx_hal.o(i.HAL_GetTick) for HAL_GetTick
    main.o(i.Motor_ProcessStep) refers to stm32f4xx_hal_gpio.o(i.HAL_GPIO_TogglePin) for HAL_GPIO_TogglePin
    main.o(i.Motor_ProcessStep) refers to main.o(i.Motor_Enable) for Motor_Enable
    main.o(i.Motor_ProcessStep) refers to main.o(.data) for .data
    main.o(i.Motor_ProcessStep) refers to main.o(.bss) for .bss
    main.o(i.Motor_SetDirection) refers to stm32f4xx_hal_gpio.o(i.HAL_GPIO_WritePin) for HAL_GPIO_WritePin
    main.o(i.Motor_SetDirection) refers to main.o(.bss) for .bss
    main.o(i.Motor_StartMove) refers to main.o(i.Motor_SetDirection) for Motor_SetDirection
    main.o(i.Motor_StartMove) refers to main.o(i.Motor_Enable) for Motor_Enable
    main.o(i.Motor_StartMove) refers to main.o(.bss) for .bss
    main.o(i.Motor_Stop) refers to main.o(i.Motor_Enable) for Motor_Enable
    main.o(i.Motor_Stop) refers to stm32f4xx_hal_gpio.o(i.HAL_GPIO_WritePin) for HAL_GPIO_WritePin
    main.o(i.Motor_Stop) refers to stm32f4xx_hal.o(i.HAL_Delay) for HAL_Delay
    main.o(i.Motor_Stop) refers to main.o(.bss) for .bss
    main.o(i.Motor_Stop_All) refers to main.o(i.Motor_Stop) for Motor_Stop
    main.o(i.StartMotorTask) refers to main.o(i.Motor_InitAll) for Motor_InitAll
    main.o(i.SystemClock_Config) refers to rt_memclr_w.o(.text) for __aeabi_memclr4
    main.o(i.SystemClock_Config) refers to stm32f4xx_hal_rcc.o(i.HAL_RCC_OscConfig) for HAL_RCC_OscConfig
    main.o(i.SystemClock_Config) refers to stm32f4xx_hal_rcc.o(i.HAL_RCC_ClockConfig) for HAL_RCC_ClockConfig
    main.o(i.main) refers to stm32f4xx_hal.o(i.HAL_Init) for HAL_Init
    main.o(i.main) refers to main.o(i.SystemClock_Config) for SystemClock_Config
    main.o(i.main) refers to gpio.o(i.MX_GPIO_Init) for MX_GPIO_Init
    main.o(i.main) refers to spi.o(i.MX_SPI1_Init) for MX_SPI1_Init
    main.o(i.main) refers to spi.o(i.MX_SPI2_Init) for MX_SPI2_Init
    main.o(i.main) refers to tim.o(i.MX_TIM2_Init) for MX_TIM2_Init
    main.o(i.main) refers to usart.o(i.MX_USART1_UART_Init) for MX_USART1_UART_Init
[...]
    ..\Drivers\STM32F4xx_HAL_Driver\Src\stm32f4xx_hal_dma_ex.c 0x00000000   Number         0  stm32f4xx_hal_dma_ex.o ABSOLUTE
    ..\Drivers\STM32F4xx_HAL_Driver\Src\stm32f4xx_hal_exti.c 0x00000000   Number         0  stm32f4xx_hal_exti.o ABSOLUTE
    ..\Drivers\STM32F4xx_HAL_Driver\Src\stm32f4xx_hal_flash.c 0x00000000   Number         0  stm32f4xx_hal_flash.o ABSOLUTE
    ..\Drivers\STM32F4xx_HAL_Driver\Src\stm32f4xx_hal_flash_ex.c 0x00000000   Number         0  stm32f4xx_hal_flash_ex.o ABSOLUTE
    ..\Drivers\STM32F4xx_HAL_Driver\Src\stm32f4xx_hal_flash_ramfunc.c 0x00000000   Number         0  stm32f4xx_hal_flash_ramfunc.o ABSOLUTE
    ..\Drivers\STM32F4xx_HAL_Driver\Src\stm32f4xx_hal_gpio.c 0x00000000   Number         0  stm32f4xx_hal_gpio.o ABSOLUTE
    ..\Drivers\STM32F4xx_HAL_Driver\Src\stm32f4xx_hal_pwr.c 0x00000000   Number         0  stm32f4xx_hal_pwr.o ABSOLUTE
    ..\Drivers\STM32F4xx_HAL_Driver\Src\stm32f4xx_hal_pwr_ex.c 0x00000000   Number         0  stm32f4xx_hal_pwr_ex.o ABSOLUTE
    ..\Drivers\STM32F4xx_HAL_Driver\Src\stm32f4xx_hal_rcc.c 0x00000000   Number         0  stm32f4xx_hal_rcc.o ABSOLUTE
    ..\Drivers\STM32F4xx_HAL_Driver\Src\stm32f4xx_hal_rcc_ex.c 0x00000000   Number         0  stm32f4xx_hal_rcc_ex.o ABSOLUTE
    ..\Drivers\STM32F4xx_HAL_Driver\Src\stm32f4xx_hal_spi.c 0x00000000   Number         0  stm32f4xx_hal_spi.o ABSOLUTE
    ..\Drivers\STM32F4xx_HAL_Driver\Src\stm32f4xx_hal_tim.c 0x00000000   Number         0  stm32f4xx_hal_tim.o ABSOLUTE
    ..\Drivers\STM32F4xx_HAL_Driver\Src\stm32f4xx_hal_tim_ex.c 0x00000000   Number         0  stm32f4xx_hal_tim_ex.o ABSOLUTE
    ..\Drivers\STM32F4xx_HAL_Driver\Src\stm32f4xx_hal_uart.c 0x00000000   Number         0  stm32f4xx_hal_uart.o ABSOLUTE
    ..\Middlewares\Third_Party\FreeRTOS\Source\CMSIS_RTOS\cmsis_os.c 0x00000000   Number         0  cmsis_os.o ABSOLUTE
    ..\Middlewares\Third_Party\FreeRTOS\Source\portable\RVDS\ARM_CM4F\port.c 0x00000000   Number         0  port.o ABSOLUTE
    dc.s                                     0x00000000   Number         0  dc.o ABSOLUTE
    startup_stm32f407xx.s                    0x00000000   Number         0  startup_stm32f407xx.o ABSOLUTE
    RESET                                    0x08000000   Section      392  startup_stm32f407xx.o(RESET)
    !!!main                                  0x08000188   Section        8  __main.o(!!!main)
    !!!scatter                               0x08000190   Section       52  __scatter.o(!!!scatter)
    !!handler_copy                           0x080001c4   Section       26  __scatter_copy.o(!!handler_copy)
    !!handler_zi                             0x080001e0   Section       28  __scatter_zi.o(!!handler_zi)
    .ARM.Collect$$libinit$$00000000          0x080001fc   Section        2  libinit.o(.ARM.Collect$$libinit$$00000000)
    .ARM.Collect$$libinit$$00000001          0x080001fe   Section        4  libinit2.o(.ARM.Collect$$libinit$$00000001)
    .ARM.Collect$$libinit$$00000004          0x08000202   Section        0  libinit2.o(.ARM.Collect$$libinit$$00000004)
    .ARM.Collect$$libinit$$0000000A          0x08000202   Section        0  libinit2.o(.ARM.Collect$$libinit$$0000000A)
    .ARM.Collect$$libinit$$0000000C          0x08000202   Section        0  libinit2.o(.ARM.Collect$$libinit$$0000000C)
    .ARM.Collect$$libinit$$0000000E          0x08000202   Section        0  libinit2.o(.ARM.Collect$$libinit$$0000000E)
    .ARM.Collect$$libinit$$00000011          0x08000202   Section        0  libinit2.o(.ARM.Collect$$libinit$$00000011)
    .ARM.Collect$$libinit$$00000013          0x08000202   Section        0  libinit2.o(.ARM.Collect$$libinit$$00000013)
    .ARM.Collect$$libinit$$00000015          0x08000202   Section        0  libinit2.o(.ARM.Collect$$libinit$$00000015)
    .ARM.Collect$$libinit$$00000017          0x08000202   Section        0  libinit2.o(.ARM.Collect$$libinit$$00000017)
    .ARM.Collect$$libinit$$00000019          0x08000202   Section        0  libinit2.o(.ARM.Collect$$libinit$$00000019)
    .ARM.Collect$$libinit$$0000001B          0x08000202   Section        0  libinit2.o(.ARM.Collect$$libinit$$0000001B)
    .ARM.Collect$$libinit$$0000001D          0x08000202   Section        0  libinit2.o(.ARM.Collect$$libinit$$0000001D)
    .ARM.Collect$$libinit$$0000001F          0x08000202   Section        0  libinit2.o(.ARM.Collect$$libinit$$0000001F)
    .ARM.Collect$$libinit$$00000021          0x08000202   Section        0  libinit2.o(.ARM.Collect$$libinit$$00000021)
    .ARM.Collect$$libinit$$00000023          0x08000202   Section        0  libinit2.o(.ARM.Collect$$libinit$$00000023)
    .ARM.Collect$$libinit$$00000025          0x08000202   Section        0  libinit2.o(.ARM.Collect$$libinit$$00000025)
    .ARM.Collect$$libinit$$0000002C          0x08000202   Section        0  libinit2.o(.ARM.Collect$$libinit$$0000002C)
    .ARM.Collect$$libinit$$0000002E          0x08000202   Section        0  libinit2.o(.ARM.Collect$$libinit$$0000002E)
    .ARM.Collect$$libinit$$00000030          0x08000202   Section        0  libinit2.o(.ARM.Collect$$libinit$$00000030)
    .ARM.Collect$$libinit$$00000032          0x08000202   Section        0  libinit2.o(.ARM.Collect$$libinit$$00000032)
    .ARM.Collect$$libinit$$00000033          0x08000202   Section        2  libinit2.o(.ARM.Collect$$libinit$$00000033)
    .ARM.Collect$$libshutdown$$00000000      0x08000204   Section        2  libshutdown.o(.ARM.Collect$$libshutdown$$00000000)
    .ARM.Collect$$libshutdown$$00000002      0x08000206   Section        0  libshutdown2.o(.ARM.Collect$$libshutdown$$00000002)
    .ARM.Collect$$libshutdown$$00000004      0x08000206   Section        0  libshutdown2.o(.ARM.Collect$$libshutdown$$00000004)
    .ARM.Collect$$libshutdown$$00000007      0x08000206   Section        0  libshutdown2.o(.ARM.Collect$$libshutdown$$00000007)
    .ARM.Collect$$libshutdown$$0000000A      0x08000206   Section        0  libshutdown2.o(.ARM.Collect$$libshutdown$$0000000A)
    .ARM.Collect$$libshutdown$$0000000C      0x08000206   Section        0  libshutdown2.o(.ARM.Collect$$libshutdown$$0000000C)
    .ARM.Collect$$libshutdown$$0000000F      0x08000206   Section        0  libshutdown2.o(.ARM.Collect$$libshutdown$$0000000F)
    .ARM.Collect$$libshutdown$$00000010      0x08000206   Section        2  libshutdown2.o(.ARM.Collect$$libshutdown$$00000010)
    .ARM.Collect$$rtentry$$00000000          0x08000208   Section        0  __rtentry.o(.ARM.Collect$$rtentry$$00000000)
    .ARM.Collect$$rtentry$$00000002          0x08000208   Section        0  __rtentry2.o(.ARM.Collect$$rtentry$$00000002)
    .ARM.Collect$$rtentry$$00000004          0x08000208   Section        6  __rtentry4.o(.ARM.Collect$$rtentry$$00000004)
    .ARM.Collect$$rtentry$$00000009          0x0800020e   Section        0  __rtentry2.o(.ARM.Collect$$rtentry$$00000009)
    .ARM.Collect$$rtentry$$0000000A          0x0800020e   Section        4  __rtentry2.o(.ARM.Collect$$rtentry$$0000000A)
    .ARM.Collect$$rtentry$$0000000C          0x08000212   Section        0  __rtentry2.o(.ARM.Collect$$rtentry$$0000000C)
    .ARM.Collect$$rtentry$$0000000D          0x08000212   Section        8  __rtentry2.o(.ARM.Collect$$rtentry$$0000000D)
    .ARM.Collect$$rtexit$$00000000           0x0800021a   Section        2  rtexit.o(.ARM.Collect$$rtexit$$00000000)
    .ARM.Collect$$rtexit$$00000002           0x0800021c   Section        0  rtexit2.o(.ARM.Collect$$rtexit$$00000002)
    .ARM.Collect$$rtexit$$00000003           0x0800021c   Section        4  rtexit2.o(.ARM.Collect$$rtexit$$00000003)
    .ARM.Collect$$rtexit$$00000004           0x08000220   Section        6  rtexit2.o(.ARM.Collect$$rtexit$$00000004)
    .emb_text                                0x08000228   Section      190  port.o(.emb_text)
    $v0                                      0x08000228   Number         0  port.o(.emb_text)
    .text                                    0x080002e8   Section       64  startup_stm32f407xx.o(.text)
    $v0                                      0x080002e8   Number         0  startup_stm32f407xx.o(.text)
    .text                                    0x08000328   Section      238  lludivv7m.o(.text)
    .text                                    0x08000416   Section      100  rt_memcpy_w.o(.text)
    .text                                    0x0800047a   Section       78  rt_memclr_w.o(.text)
    .text                                    0x080004c8   Section        0  heapauxi.o(.text)
    .text                                    0x080004ce   Section       74  sys_stackheap_outer.o(.text)
    .text                                    0x08000518   Section        0  exit.o(.text)
    .text                                    0x0800052c   Section        8  libspace.o(.text)
    .text                                    0x08000534   Section        0  sys_exit.o(.text)
    .text                                    0x08000540   Section        2  use_no_semi.o(.text)
    .text                                    0x08000542   Section        0  indicate_semi.o(.text)
    i.ADC_Init                               0x08000544   Section        0  stm32f4xx_hal_adc.o(i.ADC_Init)
    ADC_Init                                 0x08000545   Thumb Code   284  stm32f4xx_hal_adc.o(i.ADC_Init)
    i.BusFault_Handler                       0x0800066c   Section        0  stm32f4xx_it.o(i.BusFault_Handler)
    i.DebugMon_Handler                       0x0800066e   Section        0  stm32f4xx_it.o(i.DebugMon_Handler)
    i.Error_Handler                          0x08000670   Section        0  main.o(i.Error_Handler)
    i.HAL_ADC_ConfigChannel                  0x08000674   Section        0  stm32f4xx_hal_adc.o(i.HAL_ADC_ConfigChannel)
    i.HAL_ADC_Init                           0x080007c0   Section        0  stm32f4xx_hal_adc.o(i.HAL_ADC_Init)
    i.HAL_ADC_MspInit                        0x08000814   Section        0  adc.o(i.HAL_ADC_MspInit)
    i.HAL_DMA_Abort                          0x080008ac   Section        0  stm32f4xx_hal_dma.o(i.HAL_DMA_Abort)
    i.HAL_DMA_Abort_IT                       0x0800093e   Section        0  stm32f4xx_hal_dma.o(i.HAL_DMA_Abort_IT)
    i.HAL_Delay                              0x08000964   Section        0  stm32f4xx_hal.o(i.HAL_Delay)
    i.HAL_GPIO_Init                          0x08000988   Section        0  stm32f4xx_hal_gpio.o(i.HAL_GPIO_Init)
    i.HAL_GPIO_TogglePin                     0x08000b78   Section        0  stm32f4xx_hal_gpio.o(i.HAL_GPIO_TogglePin)
    i.HAL_GPIO_WritePin                      0x08000b88   Section        0  stm32f4xx_hal_gpio.o(i.HAL_GPIO_WritePin)
    i.HAL_GetTick                            0x08000b94   Section        0  stm32f4xx_hal.o(i.HAL_GetTick)
    i.HAL_IncTick                            0x08000ba0   Section        0  stm32f4xx_hal.o(i.HAL_IncTick)
    i.HAL_Init                               0x08000bb0   Section        0  stm32f4xx_hal.o(i.HAL_Init)
    i.HAL_InitTick                           0x08000be4   Section        0  stm32f4xx_hal.o(i.HAL_InitTick)
    i.HAL_MspInit                            0x08000c24   Section        0  stm32f4xx_hal_msp.o(i.HAL_MspInit)
    i.HAL_NVIC_EnableIRQ                     0x08000c5c   Section        0  stm32f4xx_hal_cortex.o(i.HAL_NVIC_EnableIRQ)
    i.HAL_NVIC_SetPriority                   0x08000c78   Section        0  stm32f4xx_hal_cortex.o(i.HAL_NVIC_SetPriority)
    i.HAL_NVIC_SetPriorityGrouping           0x08000cb8   Section        0  stm32f4xx_hal_cortex.o(i.HAL_NVIC_SetPriorityGrouping)
    i.HAL_RCC_ClockConfig                    0x08000cdc   Section        0  stm32f4xx_hal_rcc.o(i.HAL_RCC_ClockConfig)
    i.HAL_RCC_GetPCLK1Freq                   0x08000e10   Section        0  stm32f4xx_hal_rcc.o(i.HAL_RCC_GetPCLK1Freq)
    i.HAL_RCC_GetPCLK2Freq                   0x08000e30   Section        0  stm32f4xx_hal_rcc.o(i.HAL_RCC_GetPCLK2Freq)
    i.HAL_RCC_GetSysClockFreq                0x08000e50   Section        0  stm32f4xx_hal_rcc.o(i.HAL_RCC_GetSysClockFreq)
    i.HAL_RCC_OscConfig                      0x08000eb4   Section        0  stm32f4xx_hal_rcc.o(i.HAL_RCC_OscConfig)
    i.HAL_SPI_Init                           0x08001220   Section        0  stm32f4xx_hal_spi.o(i.HAL_SPI_Init)
    i.HAL_SPI_MspInit                        0x080012dc   Section        0  spi.o(i.HAL_SPI_MspInit)
    i.HAL_SYSTICK_Config                     0x0800138c   Section        0  stm32f4xx_hal_cortex.o(i.HAL_SYSTICK_Config)
    i.HAL_TIMEx_BreakCallback                0x080013b4   Section        0  stm32f4xx_hal_tim_ex.o(i.HAL_TIMEx_BreakCallback)
    i.HAL_TIMEx_CommutCallback               0x080013b6   Section        0  stm32f4xx_hal_tim_ex.o(i.HAL_TIMEx_CommutCallback)
    i.HAL_TIMEx_MasterConfigSynchronization  0x080013b8   Section        0  stm32f4xx_hal_tim_ex.o(i.HAL_TIMEx_MasterConfigSynchronization)
    i.HAL_TIM_Base_Init                      0x08001448   Section        0  stm32f4xx_hal_tim.o(i.HAL_TIM_Base_Init)
    i.HAL_TIM_Base_MspInit                   0x080014a4   Section        0  tim.o(i.HAL_TIM_Base_MspInit)
    i.HAL_TIM_Base_Start_IT                  0x080014dc   Section        0  stm32f4xx_hal_tim.o(i.HAL_TIM_Base_Start_IT)
    i.HAL_TIM_ConfigClockSource              0x0800155c   Section        0  stm32f4xx_hal_tim.o(i.HAL_TIM_ConfigClockSource)
    i.HAL_TIM_IC_CaptureCallback             0x08001638   Section        0  stm32f4xx_hal_tim.o(i.HAL_TIM_IC_CaptureCallback)
    i.HAL_TIM_IRQHandler                     0x0800163a   Section        0  stm32f4xx_hal_tim.o(i.HAL_TIM_IRQHandler)
    i.HAL_TIM_OC_DelayElapsedCallback        0x0800176a   Section        0  stm32f4xx_hal_tim.o(i.HAL_TIM_OC_DelayElapsedCallback)
    i.HAL_TIM_PWM_PulseFinishedCallback      0x0800176c   Section        0  stm32f4xx_hal_tim.o(i.HAL_TIM_PWM_PulseFinishedCallback)
    i.HAL_TIM_PeriodElapsedCallback          0x08001770   Section        0  main.o(i.HAL_TIM_PeriodElapsedCallback)
    i.HAL_TIM_TriggerCallback                0x08001798   Section        0  stm32f4xx_hal_tim.o(i.HAL_TIM_TriggerCallback)
    i.HAL_UARTEx_RxEventCallback             0x0800179a   Section        0  stm32f4xx_hal_uart.o(i.HAL_UARTEx_RxEventCallback)
    i.HAL_UART_ErrorCallback                 0x0800179c   Section        0  stm32f4xx_hal_uart.o(i.HAL_UART_ErrorCallback)
    i.HAL_UART_IRQHandler                    0x080017a0   Section        0  stm32f4xx_hal_uart.o(i.HAL_UART_IRQHandler)
    i.HAL_UART_Init                          0x08001a20   Section        0  stm32f4xx_hal_uart.o(i.HAL_UART_Init)
    i.HAL_UART_MspInit                       0x08001a84   Section        0  usart.o(i.HAL_UART_MspInit)
    i.HAL_UART_RxCpltCallback                0x08001b48   Section        0  stm32f4xx_hal_uart.o(i.HAL_UART_RxCpltCallback)
    i.HAL_UART_Transmit                      0x08001b4a   Section        0  stm32f4xx_hal_uart.o(i.HAL_UART_Transmit)
    i.HAL_UART_TxCpltCallback                0x08001bea   Section        0  stm32f4xx_hal_uart.o(i.HAL_UART_TxCpltCallback)
    i.HardFault_Handler                      0x08001bec   Section        0  stm32f4xx_it.o(i.HardFault_Handler)
    i.MX_ADC1_Init                           0x08001bf0   Section        0  adc.o(i.MX_ADC1_Init)
    i.MX_ADC2_Init                           0x08001c54   Section        0  adc.o(i.MX_ADC2_Init)
    i.MX_FREERTOS_Init                       0x08001cb8   Section        0  freertos.o(i.MX_FREERTOS_Init)
    i.MX_GPIO_Init                           0x08001cf4   Section        0  gpio.o(i.MX_GPIO_Init)
    i.MX_SPI1_Init                           0x08001e18   Section        0  spi.o(i.MX_SPI1_Init)
    i.MX_SPI2_Init                           0x08001e5c   Section        0  spi.o(i.MX_SPI2_Init)
    i.MX_TIM2_Init                           0x08001ea0   Section        0  tim.o(i.MX_TIM2_Init)
    i.MX_USART1_UART_Init                    0x08001f04   Section        0  usart.o(i.MX_USART1_UART_Init)
    i.MX_USART3_UART_Init                    0x08001f3c   Section        0  usart.o(i.MX_USART3_UART_Init)
    i.MemManage_Handler                      0x08001f74   Section        0  stm32f4xx_it.o(i.MemManage_Handler)
    i.Motor_Enable                           0x08001f78   Section        0  main.o(i.Motor_Enable)
    i.Motor_Init                             0x08001f9c   Section        0  main.o(i.Motor_Init)
    i.Motor_InitAll                          0x08002044   Section        0  main.o(i.Motor_InitAll)
    i.Motor_ProcessStep                      0x08002058   Section        0  main.o(i.Motor_ProcessStep)
    i.Motor_SetDirection                     0x080020c0   Section        0  main.o(i.Motor_SetDirection)
    i.Motor_StartMove                        0x080020e4   Section        0  main.o(i.Motor_StartMove)
    i.NMI_Handler                            0x0800211c   Section        0  stm32f4xx_it.o(i.NMI_Handler)
    i.StartDefaultTask                       0x08002120   Section        0  freertos.o(i.StartDefaultTask)
    i.StartMotorTask                         0x080021bc   Section        0  main.o(i.StartMotorTask)
    i.SysTick_Handler                        0x080021c2   Section        0  stm32f4xx_it.o(i.SysTick_Handler)
    i.SystemClock_Config                     0x080021dc   Section        0  main.o(i.SystemClock_Config)
    i.SystemInit                             0x08002270   Section        0  system_stm32f4xx.o(i.SystemInit)
    i.TIM2_IRQHandler                        0x08002280   Section        0  stm32f4xx_it.o(i.TIM2_IRQHandler)
    i.TIM_Base_SetConfig                     0x080022a8   Section        0  stm32f4xx_hal_tim.o(i.TIM_Base_SetConfig)
    i.TIM_ETR_SetConfig                      0x08002378   Section        0  stm32f4xx_hal_tim.o(i.TIM_ETR_SetConfig)
    i.TIM_ITRx_SetConfig                     0x0800238c   Section        0  stm32f4xx_hal_tim.o(i.TIM_ITRx_SetConfig)
    TIM_ITRx_SetConfig                       0x0800238d   Thumb Code    16  stm32f4xx_hal_tim.o(i.TIM_ITRx_SetConfig)
    i.TIM_TI1_ConfigInputStage               0x0800239c   Section        0  stm32f4xx_hal_tim.o(i.TIM_TI1_ConfigInputStage)
    TIM_TI1_ConfigInputStage                 0x0800239d   Thumb Code    34  stm32f4xx_hal_tim.o(i.TIM_TI1_ConfigInputStage)
    i.TIM_TI2_ConfigInputStage               0x080023be   Section        0  stm32f4xx_hal_tim.o(i.TIM_TI2_ConfigInputStage)
    TIM_TI2_ConfigInputStage                 0x080023bf   Thumb Code    36  stm32f4xx_hal_tim.o(i.TIM_TI2_ConfigInputStage)
    i.UART_DMAAbortOnError                   0x080023e2   Section        0  stm32f4xx_hal_uart.o(i.UART_DMAAbortOnError)
    UART_DMAAbortOnError                     0x080023e3   Thumb Code    14  stm32f4xx_hal_uart.o(i.UART_DMAAbortOnError)
    i.UART_EndRxTransfer                     0x080023f0   Section        0  stm32f4xx_hal_uart.o(i.UART_EndRxTransfer)
    UART_EndRxTransfer                       0x080023f1   Thumb Code    78  stm32f4xx_hal_uart.o(i.UART_EndRxTransfer)
    i.UART_Receive_IT                        0x0800243e   Section        0  stm32f4xx_hal_uart.o(i.UART_Receive_IT)
    UART_Receive_IT                          0x0800243f   Thumb Code   194  stm32f4xx_hal_uart.o(i.UART_Receive_IT)
    i.UART_SetConfig                         0x08002500   Section        0  stm32f4xx_hal_uart.o(i.UART_SetConfig)
    UART_SetConfig                           0x08002501   Thumb Code   258  stm32f4xx_hal_uart.o(i.UART_SetConfig)
    i.UART_WaitOnFlagUntilTimeout            0x0800260c   Section        0  stm32f4xx_hal_uart.o(i.UART_WaitOnFlagUntilTimeout)
    UART_WaitOnFlagUntilTimeout              0x0800260d   Thumb Code   114  stm32f4xx_hal_uart.o(i.UART_WaitOnFlagUntilTimeout)
    i.USART1_IRQHandler                      0x08002680   Section        0  stm32f4xx_it.o(i.USART1_IRQHandler)
    i.UsageFault_Handler                     0x0800268c   Section        0  stm32f4xx_it.o(i.UsageFault_Handler)
    i.__NVIC_SetPriority                     0x0800268e   Section        0  stm32f4xx_hal_cortex.o(i.__NVIC_SetPriority)
    __NVIC_SetPriority                       0x0800268f   Thumb Code    32  stm32f4xx_hal_cortex.o(i.__NVIC_SetPriority)
    i.main                                   0x080026b0   Section        0  main.o(i.main)
    i.makeFreeRtosPriority                   0x08002724   Section        0  cmsis_os.o(i.makeFreeRtosPriority)
    makeFreeRtosPriority                     0x08002725   Thumb Code    12  cmsis_os.o(i.makeFreeRtosPriority)
    i.osDelay                                0x08002730   Section        0  cmsis_os.o(i.osDelay)
    i.osKernelStart                          0x0800273e   Section        0  cmsis_os.o(i.osKernelStart)
    i.osThreadCreate                         0x08002748   Section        0  cmsis_os.o(i.osThreadCreate)
    i.prvAddCurrentTaskToDelayedList         0x0800279c   Section        0  tasks.o(i.prvAddCurrentTaskToDelayedList)
    prvAddCurrentTaskToDelayedList           0x0800279d   Thumb Code   102  tasks.o(i.prvAddCurrentTaskToDelayedList)
    i.prvAddNewTaskToReadyList               0x0800280c   Section        0  tasks.o(i.prvAddNewTaskToReadyList)
    prvAddNewTaskToReadyList                 0x0800280d   Thumb Code   194  tasks.o(i.prvAddNewTaskToReadyList)
    i.prvDeleteTCB                           0x080028dc   Section        0  tasks.o(i.prvDeleteTCB)
    prvDeleteTCB                             0x080028dd   Thumb Code    52  tasks.o(i.prvDeleteTCB)
    i.prvHeapInit                            0x08002910   Section        0  heap_4.o(i.prvHeapInit)
    prvHeapInit                              0x08002911   Thumb Code    66  heap_4.o(i.prvHeapInit)
    i.prvIdleTask                            0x0800295c   Section        0  tasks.o(i.prvIdleTask)
    prvIdleTask                              0x0800295d   Thumb Code    82  tasks.o(i.prvIdleTask)
    i.prvInitialiseNewTask                   0x080029bc   Section        0  tasks.o(i.prvInitialiseNewTask)
    prvInitialiseNewTask                     0x080029bd   Thumb Code   152  tasks.o(i.prvInitialiseNewTask)
    i.prvInsertBlockIntoFreeList             0x08002a54   Section        0  heap_4.o(i.prvInsertBlockIntoFreeList)
    prvInsertBlockIntoFreeList               0x08002a55   Thumb Code    72  heap_4.o(i.prvInsertBlockIntoFreeList)
    i.prvResetNextTaskUnblockTime            0x08002aa0   Section        0  tasks.o(i.prvResetNextTaskUnblockTime)
    prvResetNextTaskUnblockTime              0x08002aa1   Thumb Code    26  tasks.o(i.prvResetNextTaskUnblockTime)
    i.prvTaskExitError                       0x08002ac0   Section        0  port.o(i.prvTaskExitError)
    prvTaskExitError                         0x08002ac1   Thumb Code    36  port.o(i.prvTaskExitError)
    i.pvPortMalloc                           0x08002ae8   Section        0  heap_4.o(i.pvPortMalloc)
    i.pxPortInitialiseStack                  0x08002bc4   Section        0  port.o(i.pxPortInitialiseStack)
    i.uxListRemove                           0x08002bf0   Section        0  list.o(i.uxListRemove)
    i.vApplicationGetIdleTaskMemory          0x08002c18   Section        0  freertos.o(i.vApplicationGetIdleTaskMemory)
    i.vListInitialise                        0x08002c2c   Section        0  list.o(i.vListInitialise)
    i.vListInitialiseItem                    0x08002c42   Section        0  list.o(i.vListInitialiseItem)
    i.vListInsert                            0x08002c48   Section        0  list.o(i.vListInsert)
    i.vListInsertEnd                         0x08002c78   Section        0  list.o(i.vListInsertEnd)
    i.vPortEnterCritical                     0x08002c90   Section        0  port.o(i.vPortEnterCritical)
    i.vPortExitCritical                      0x08002cd0   Section        0  port.o(i.vPortExitCritical)
    i.vPortFree                              0x08002cf8   Section        0  heap_4.o(i.vPortFree)
    i.vPortSetupTimerInterrupt               0x08002d5c   Section        0  port.o(i.vPortSetupTimerInterrupt)
    i.vTaskDelay                             0x08002d80   Section        0  tasks.o(i.vTaskDelay)
    i.vTaskStartScheduler                    0x08002dcc   Section        0  tasks.o(i.vTaskStartScheduler)
    i.vTaskSuspendAll                        0x08002e38   Section        0  tasks.o(i.vTaskSuspendAll)
    i.vTaskSwitchContext                     0x08002e48   Section        0  tasks.o(i.vTaskSwitchContext)
    i.xPortStartScheduler                    0x08002ea4   Section        0  port.o(i.xPortStartScheduler)
    i.xPortSysTickHandler                    0x08002f98   Section        0  port.o(i.xPortSysTickHandler)
    i.xTaskCreate                            0x08002fc4   Section        0  tasks.o(i.xTaskCreate)
    i.xTaskCreateStatic                      0x0800301e   Section        0  tasks.o(i.xTaskCreateStatic)
    i.xTaskGetSchedulerState                 0x08003074   Section        0  tasks.o(i.xTaskGetSchedulerState)
    i.xTaskIncrementTick                     0x08003090   Section        0  tasks.o(i.xTaskIncrementTick)
    i.xTaskResumeAll                         0x0800315c   Section        0  tasks.o(i.xTaskResumeAll)
    x$fpl$fpinit                             0x08003220   Section       10  fpinit.o(x$fpl$fpinit)
    $v0                                      0x08003220   Number         0  fpinit.o(x$fpl$fpinit)
    .constdata                               0x0800322c   Section       56  freertos.o(.constdata)
    .constdata                               0x08003264   Section       16  system_stm32f4xx.o(.constdata)
    .constdata                               0x08003274   Section        8  system_stm32f4xx.o(.constdata)
    .conststring                             0x0800327c   Section       24  freertos.o(.conststring)
    .data                                    0x20000000   Section        8  main.o(.data)
    last_step_time                           0x20000004   Data           4  main.o(.data)
    .data                                    0x20000008   Section        8  freertos.o(.data)
    .data                                    0x20000010   Section       12  stm32f4xx_hal.o(.data)
    .data                                    0x2000001c   Section        4  system_stm32f4xx.o(.data)
    .data                                    0x20000020   Section       60  tasks.o(.data)
    uxDeletedTasksWaitingCleanUp             0x20000024   Data           4  tasks.o(.data)
    uxCurrentNumberOfTasks                   0x20000028   Data           4  tasks.o(.data)
    xTickCount                               0x2000002c   Data           4  tasks.o(.data)
    uxTopReadyPriority                       0x20000030   Data           4  tasks.o(.data)
    xSchedulerRunning                        0x20000034   Data           4  tasks.o(.data)
    xPendedTicks                             0x20000038   Data           4  tasks.o(.data)
    xYieldPending                            0x2000003c   Data           4  tasks.o(.data)
    xNumOfOverflows                          0x20000040   Data           4  tasks.o(.data)
    uxTaskNumber                             0x20000044   Data           4  tasks.o(.data)
    xNextTaskUnblockTime                     0x20000048   Data           4  tasks.o(.data)
    xIdleTaskHandle                          0x2000004c   Data           4  tasks.o(.data)
    uxSchedulerSuspended                     0x20000050   Data           4  tasks.o(.data)
    pxDelayedTaskList                        0x20000054   Data           4  tasks.o(.data)
    pxOverflowDelayedTaskList                0x20000058   Data           4  tasks.o(.data)
    .data                                    0x2000005c   Section       32  heap_4.o(.data)
    pxEnd                                    0x2000005c   Data           4  heap_4.o(.data)
    xFreeBytesRemaining                      0x20000060   Data           4  heap_4.o(.data)
    xMinimumEverFreeBytesRemaining           0x20000064   Data           4  heap_4.o(.data)
    xNumberOfSuccessfulAllocations           0x20000068   Data           4  heap_4.o(.data)
    xNumberOfSuccessfulFrees                 0x2000006c   Data           4  heap_4.o(.data)
    xBlockAllocatedBit                       0x20000070   Data           4  heap_4.o(.data)
    xStart                                   0x20000074   Data           8  heap_4.o(.data)
    .data                                    0x2000007c   Section       12  port.o(.data)
    ucMaxSysCallPriority                     0x2000007c   Data           1  port.o(.data)
    uxCriticalNesting                        0x20000080   Data           4  port.o(.data)
    ulMaxPRIGROUPValue                       0x20000084   Data           4  port.o(.data)
    .bss                                     0x20000088   Section      120  main.o(.bss)
    .bss                                     0x20000100   Section      596  freertos.o(.bss)
    xIdleTaskTCBBuffer                       0x20000100   Data          84  freertos.o(.bss)
    xIdleStack                               0x20000154   Data         512  freertos.o(.bss)
    .bss                                     0x20000354   Section      144  adc.o(.bss)
    .bss                                     0x200003e4   Section      176  spi.o(.bss)
    .bss                                     0x20000494   Section       72  tim.o(.bss)
    .bss                                     0x200004dc   Section      144  usart.o(.bss)
    .bss                                     0x2000056c   Section      240  tasks.o(.bss)
    pxReadyTasksLists                        0x2000056c   Data         140  tasks.o(.bss)
    xDelayedTaskList1                        0x200005f8   Data          20  tasks.o(.bss)
    xDelayedTaskList2                        0x2000060c   Data          20  tasks.o(.bss)
    xPendingReadyList                        0x20000620   Data          20  tasks.o(.bss)
    xTasksWaitingTermination                 0x20000634   Data          20  tasks.o(.bss)
    xSuspendedTaskList                       0x20000648   Data          20  tasks.o(.bss)
    .bss                                     0x2000065c   Section    15360  heap_4.o(.bss)
    ucHeap                                   0x2000065c   Data       15360  heap_4.o(.bss)
    .bss                                     0x2000425c   Section       96  libspace.o(.bss)
    HEAP                                     0x200042c0   Section      512  startup_stm32f407xx.o(HEAP)
    Heap_Mem                                 0x200042c0   Data         512  startup_stm32f407xx.o(HEAP)
    STACK                                    0x200044c0   Section     1024  startup_stm32f407xx.o(STACK)
    Stack_Mem                                0x200044c0   Data        1024  startup_stm32f407xx.o(STACK)
    __initial_sp                             0x200048c0   Data           0  startup_stm32f407xx.o(STACK)

    Global Symbols

    Symbol Name                              Value     Ov Type        Size  Object(Section)

    BuildAttributes$$THM_ISAv4$E$P$D$K$B$S$7EM$VFPi3$EXTD16$VFPS$VFMA$PE$A:L22UL41UL21$X:L11$S22US41US21$IEEE1$IW$USESV6$~STKCKD$USESV7$~SHL$OSPACE$ROPI$EBA8$UX$STANDARDLIB$REQ8$PRES8$EABIv2 0x00000000   Number         0  anon$$obj.o ABSOLUTE
    __ARM_use_no_argv                        0x00000000   Number         0  main.o ABSOLUTE
    __ARM_exceptions_init                     - Undefined Weak Reference
    __alloca_initialize                       - Undefined Weak Reference
    __arm_preinit_                            - Undefined Weak Reference
    __cpp_initialize__aeabi_                  - Undefined Weak Reference
    __cxa_finalize                            - Undefined Weak Reference
    __rt_locale                               - Undefined Weak Reference
    __sigvec_lookup                           - Undefined Weak Reference
    _atexit_init                              - Undefined Weak Reference
    _call_atexit_fns                          - Undefined Weak Reference
    _clock_init                               - Undefined Weak Reference
    _fp_trap_init                             - Undefined Weak Reference
    _fp_trap_shutdown                         - Undefined Weak Reference
    _get_lc_collate                           - Undefined Weak Reference
    _get_lc_ctype                             - Undefined Weak Reference
    _get_lc_monetary                          - Undefined Weak Reference
    _get_lc_numeric                           - Undefined Weak Reference
    _get_lc_time                              - Undefined Weak Reference
    _getenv_init                              - Undefined Weak Reference
    _handle_redirection                       - Undefined Weak Reference
    _init_alloc                               - Undefined Weak Reference
    _init_user_alloc                          - Undefined Weak Reference
    _initio                                   - Undefined Weak Reference
    _rand_init                                - Undefined Weak Reference
    _signal_finish                            - Undefined Weak Reference
    _signal_init                              - Undefined Weak Reference
    _terminate_alloc                          - Undefined Weak Reference
    _terminate_user_alloc                     - Undefined Weak Reference
    _terminateio                              - Undefined Weak Reference
    __Vectors_Size                           0x00000188   Number         0  startup_stm32f407xx.o ABSOLUTE
    __Vectors                                0x08000000   Data           4  startup_stm32f407xx.o(RESET)
    __Vectors_End                            0x08000188   Data           0  startup_stm32f407xx.o(RESET)
    __main                                   0x08000189   Thumb Code     8  __main.o(!!!main)
    __scatterload                            0x08000191   Thumb Code     0  __scatter.o(!!!scatter)
    __scatterload_rt2                        0x08000191   Thumb Code    44  __scatter.o(!!!scatter)
    __scatterload_rt2_thumb_only             0x08000191   Thumb Code     0  __scatter.o(!!!scatter)
    __scatterload_null                       0x0800019f   Thumb Code     0  __scatter.o(!!!scatter)
    __scatterload_copy                       0x080001c5   Thumb Code    26  __scatter_copy.o(!!handler_copy)
    __scatterload_zeroinit                   0x080001e1   Thumb Code    28  __scatter_zi.o(!!handler_zi)
    __rt_lib_init                            0x080001fd   Thumb Code     0  libinit.o(.ARM.Collect$$libinit$$00000000)
    __rt_lib_init_fp_1                       0x080001ff   Thumb Code     0  libinit2.o(.ARM.Collect$$libinit$$00000001)
    __rt_lib_init_alloca_1                   0x08000203   Thumb Code     0  libinit2.o(.ARM.Collect$$libinit$$0000002E)
    __rt_lib_init_argv_1                     0x08000203   Thumb Code     0  libinit2.o(.ARM.Collect$$libinit$$0000002C)
    __rt_lib_init_atexit_1                   0x08000203   Thumb Code     0  libinit2.o(.ARM.Collect$$libinit$$0000001B)
    __rt_lib_init_clock_1                    0x08000203   Thumb Code     0  libinit2.o(.ARM.Collect$$libinit$$00000021)
    __rt_lib_init_cpp_1                      0x08000203   Thumb Code     0  libinit2.o(.ARM.Collect$$libinit$$00000032)
    __rt_lib_init_exceptions_1               0x08000203   Thumb Code     0  libinit2.o(.ARM.Collect$$libinit$$00000030)
    __rt_lib_init_fp_trap_1                  0x08000203   Thumb Code     0  libinit2.o(.ARM.Collect$$libinit$$0000001F)
    __rt_lib_init_getenv_1                   0x08000203   Thumb Code     0  libinit2.o(.ARM.Collect$$libinit$$00000023)
    __rt_lib_init_heap_1                     0x08000203   Thumb Code     0  libinit2.o(.ARM.Collect$$libinit$$0000000A)
    __rt_lib_init_lc_collate_1               0x08000203   Thumb Code     0  libinit2.o(.ARM.Collect$$libinit$$00000011)
    __rt_lib_init_lc_ctype_1                 0x08000203   Thumb Code     0  libinit2.o(.ARM.Collect$$libinit$$00000013)
    __rt_lib_init_lc_monetary_1              0x08000203   Thumb Code     0  libinit2.o(.ARM.Collect$$libinit$$00000015)
    __rt_lib_init_lc_numeric_1               0x08000203   Thumb Code     0  libinit2.o(.ARM.Collect$$libinit$$00000017)
    __rt_lib_init_lc_time_1                  0x08000203   Thumb Code     0  libinit2.o(.ARM.Collect$$libinit$$00000019)
    __rt_lib_init_preinit_1                  0x08000203   Thumb Code     0  libinit2.o(.ARM.Collect$$libinit$$00000004)
    __rt_lib_init_rand_1                     0x08000203   Thumb Code     0  libinit2.o(.ARM.Collect$$libinit$$0000000E)
    __rt_lib_init_return                     0x08000203   Thumb Code     0  libinit2.o(.ARM.Collect$$libinit$$00000033)
    __rt_lib_init_signal_1                   0x08000203   Thumb Code     0  libinit2.o(.ARM.Collect$$libinit$$0000001D)
    __rt_lib_init_stdio_1                    0x08000203   Thumb Code     0  libinit2.o(.ARM.Collect$$libinit$$00000025)
    __rt_lib_init_user_alloc_1               0x08000203   Thumb Code     0  libinit2.o(.ARM.Collect$$libinit$$0000000C)
    __rt_lib_shutdown                        0x08000205   Thumb Code     0  libshutdown.o(.ARM.Collect$$libshutdown$$00000000)
    __rt_lib_shutdown_cpp_1                  0x08000207   Thumb Code     0  libshutdown2.o(.ARM.Collect$$libshutdown$$00000002)
    __rt_lib_shutdown_fp_trap_1              0x08000207   Thumb Code     0  libshutdown2.o(.ARM.Collect$$libshutdown$$00000007)
    __rt_lib_shutdown_heap_1                 0x08000207   Thumb Code     0  libshutdown2.o(.ARM.Collect$$libshutdown$$0000000F)
    __rt_lib_shutdown_return                 0x08000207   Thumb Code     0  libshutdown2.o(.ARM.Collect$$libshutdown$$00000010)
    __rt_lib_shutdown_signal_1               0x08000207   Thumb Code     0  libshutdown2.o(.ARM.Collect$$libshutdown$$0000000A)
    __rt_lib_shutdown_stdio_1                0x08000207   Thumb Code     0  libshutdown2.o(.ARM.Collect$$libshutdown$$00000004)
    __rt_lib_shutdown_user_alloc_1           0x08000207   Thumb Code     0  libshutdown2.o(.ARM.Collect$$libshutdown$$0000000C)
    __rt_entry                               0x08000209   Thumb Code     0  __rtentry.o(.ARM.Collect$$rtentry$$00000000)
    __rt_entry_presh_1                       0x08000209   Thumb Code     0  __rtentry2.o(.ARM.Collect$$rtentry$$00000002)
    __rt_entry_sh                            0x08000209   Thumb Code     0  __rtentry4.o(.ARM.Collect$$rtentry$$00000004)
    __rt_entry_li                            0x0800020f   Thumb Code     0  __rtentry2.o(.ARM.Collect$$rtentry$$0000000A)
    __rt_entry_postsh_1                      0x0800020f   Thumb Code     0  __rtentry2.o(.ARM.Collect$$rtentry$$00000009)
    __rt_entry_main                          0x08000213   Thumb Code     0  __rtentry2.o(.ARM.Collect$$rtentry$$0000000D)
    __rt_entry_postli_1                      0x08000213   Thumb Code     0  __rtentry2.o(.ARM.Collect$$rtentry$$0000000C)
    __rt_exit                                0x0800021b   Thumb Code     0  rtexit.o(.ARM.Collect$$rtexit$$00000000)
    __rt_exit_ls                             0x0800021d   Thumb Code     0  rtexit2.o(.ARM.Collect$$rtexit$$00000003)
    __rt_exit_prels_1                        0x0800021d   Thumb Code     0  rtexit2.o(.ARM.Collect$$rtexit$$00000002)
    __rt_exit_exit                           0x08000221   Thumb Code     0  rtexit2.o(.ARM.Collect$$rtexit$$00000004)
    SVC_Handler                              0x08000229   Thumb Code    28  port.o(.emb_text)
    __asm___6_port_c_39a90d8d__prvStartFirstTask 0x08000249   Thumb Code    36  port.o(.emb_text)
    __asm___6_port_c_39a90d8d__prvEnableVFP  0x08000271   Thumb Code    16  port.o(.emb_text)
    PendSV_Handler                           0x08000285   Thumb Code    88  port.o(.emb_text)
    vPortGetIPSR                             0x080002e1   Thumb Code     6  port.o(.emb_text)
    Reset_Handler                            0x080002e9   Thumb Code     8  startup_stm32f407xx.o(.text)
    ADC_IRQHandler                           0x08000303   Thumb Code     0  startup_stm32f407xx.o(.text)
    CAN1_RX0_IRQHandler                      0x08000303   Thumb Code     0  startup_stm32f407xx.o(.text)
    CAN1_RX1_IRQHandler                      0x08000303   Thumb Code     0  startup_stm32f407xx.o(.text)
    CAN1_SCE_IRQHandler                      0x08000303   Thumb Code     0  startup_stm32f407xx.o(.text)
    CAN1_TX_IRQHandler                       0x08000303   Thumb Code     0  startup_stm32f407xx.o(.text)
    CAN2_RX0_IRQHandler                      0x08000303   Thumb Code     0  startup_stm32f407xx.o(.text)
    CAN2_RX1_IRQHandler                      0x08000303   Thumb Code     0  startup_stm32f407xx.o(.text)
    CAN2_SCE_IRQHandler                      0x08000303   Thumb Code     0  startup_stm32f407xx.o(.text)
    CAN2_TX_IRQHandler                       0x08000303   Thumb Code     0  startup_stm32f407xx.o(.text)
    DCMI_IRQHandler                          0x08000303   Thumb Code     0  startup_stm32f407xx.o(.text)
    DMA1_Stream0_IRQHandler                  0x08000303   Thumb Code     0  startup_stm32f407xx.o(.text)
    DMA1_Stream1_IRQHandler                  0x08000303   Thumb Code     0  startup_stm32f407xx.o(.text)
    DMA1_Stream2_IRQHandler                  0x08000303   Thumb Code     0  startup_stm32f407xx.o(.text)
    DMA1_Stream3_IRQHandler                  0x08000303   Thumb Code     0  startup_stm32f407xx.o(.text)
    DMA1_Stream4_IRQHandler                  0x08000303   Thumb Code     0  startup_stm32f407xx.o(.text)
    DMA1_Stream5_IRQHandler                  0x08000303   Thumb Code     0  startup_stm32f407xx.o(.text)
    DMA1_Stream6_IRQHandler                  0x08000303   Thumb Code     0  startup_stm32f407xx.o(.text)
    DMA1_Stream7_IRQHandler                  0x08000303   Thumb Code     0  startup_stm32f407xx.o(.text)
    DMA2_Stream0_IRQHandler                  0x08000303   Thumb Code     0  startup_stm32f407xx.o(.text)
    DMA2_Stream1_IRQHandler                  0x08000303   Thumb Code     0  startup_stm32f407xx.o(.text)
    DMA2_Stream2_IRQHandler                  0x08000303   Thumb Code     0  startup_stm32f407xx.o(.text)
    DMA2_Stream3_IRQHandler                  0x08000303   Thumb Code     0  startup_stm32f407xx.o(.text)
    DMA2_Stream4_IRQHandler                  0x08000303   Thumb Code     0  startup_stm32f407xx.o(.text)
    DMA2_Stream5_IRQHandler                  0x08000303   Thumb Code     0  startup_stm32f407xx.o(.text)
    DMA2_Stream6_IRQHandler                  0x08000303   Thumb Code     0  startup_stm32f407xx.o(.text)
    DMA2_Stream7_IRQHandler                  0x08000303   Thumb Code     0  startup_stm32f407xx.o(.text)
    ETH_IRQHandler                           0x08000303   Thumb Code     0  startup_stm32f407xx.o(.text)
    ETH_WKUP_IRQHandler                      0x08000303   Thumb Code     0  startup_stm32f407xx.o(.text)
    EXTI0_IRQHandler                         0x08000303   Thumb Code     0  startup_stm32f407xx.o(.text)
    EXTI15_10_IRQHandler                     0x08000303   Thumb Code     0  startup_stm32f407xx.o(.text)
    EXTI1_IRQHandler                         0x08000303   Thumb Code     0  startup_stm32f407xx.o(.text)
    EXTI2_IRQHandler                         0x08000303   Thumb Code     0  startup_stm32f407xx.o(.text)
    EXTI3_IRQHandler                         0x08000303   Thumb Code     0  startup_stm32f407xx.o(.text)
    EXTI4_IRQHandler                         0x08000303   Thumb Code     0  startup_stm32f407xx.o(.text)
    EXTI9_5_IRQHandler                       0x08000303   Thumb Code     0  startup_stm32f407xx.o(.text)
    FLASH_IRQHandler                         0x08000303   Thumb Code     0  startup_stm32f407xx.o(.text)
    FMC_IRQHandler                           0x08000303   Thumb Code     0  startup_stm32f407xx.o(.text)
    FPU_IRQHandler                           0x08000303   Thumb Code     0  startup_stm32f407xx.o(.text)
    HASH_RNG_IRQHandler                      0x08000303   Thumb Code     0  startup_stm32f407xx.o(.text)
    I2C1_ER_IRQHandler                       0x08000303   Thumb Code     0  startup_stm32f407xx.o(.text)
    I2C1_EV_IRQHandler                       0x08000303   Thumb Code     0  startup_stm32f407xx.o(.text)
    I2C2_ER_IRQHandler                       0x08000303   Thumb Code     0  startup_stm32f407xx.o(.text)
    I2C2_EV_IRQHandler                       0x08000303   Thumb Code     0  startup_stm32f407xx.o(.text)
    I2C3_ER_IRQHandler                       0x08000303   Thumb Code     0  startup_stm32f407xx.o(.text)
    I2C3_EV_IRQHandler                       0x08000303   Thumb Code     0  startup_stm32f407xx.o(.text)
    OTG_FS_IRQHandler                        0x08000303   Thumb Code     0  startup_stm32f407xx.o(.text)
    OTG_FS_WKUP_IRQHandler                   0x08000303   Thumb Code     0  startup_stm32f407xx.o(.text)
    OTG_HS_EP1_IN_IRQHandler                 0x08000303   Thumb Code     0  startup_stm32f407xx.o(.text)
    OTG_HS_EP1_OUT_IRQHandler                0x08000303   Thumb Code     0  startup_stm32f407xx.o(.text)
    OTG_HS_IRQHandler                        0x08000303   Thumb Code     0  startup_stm32f407xx.o(.text)
    OTG_HS_WKUP_IRQHandler                   0x08000303   Thumb Code     0  startup_stm32f407xx.o(.text)
    PVD_IRQHandler                           0x08000303   Thumb Code     0  startup_stm32f407xx.o(.text)
    RCC_IRQHandler                           0x08000303   Thumb Code     0  startup_stm32f407xx.o(.text)
    RTC_Alarm_IRQHandler                     0x08000303   Thumb Code     0  startup_stm32f407xx.o(.text)
    RTC_WKUP_IRQHandler                      0x08000303   Thumb Code     0  startup_stm32f407xx.o(.text)
    SDIO_IRQHandler                          0x08000303   Thumb Code     0  startup_stm32f407xx.o(.text)
    SPI1_IRQHandler                          0x08000303   Thumb Code     0  startup_stm32f407xx.o(.text)
    SPI2_IRQHandler                          0x08000303   Thumb Code     0  startup_stm32f407xx.o(.text)
    SPI3_IRQHandler                          0x08000303   Thumb Code     0  startup_stm32f407xx.o(.text)
    TAMP_STAMP_IRQHandler                    0x08000303   Thumb Code     0  startup_stm32f407xx.o(.text)
    TIM1_BRK_TIM9_IRQHandler                 0x08000303   Thumb Code     0  startup_stm32f407xx.o(.text)
    TIM1_CC_IRQHandler                       0x08000303   Thumb Code     0  startup_stm32f407xx.o(.text)
    TIM1_TRG_COM_TIM11_IRQHandler            0x08000303   Thumb Code     0  startup_stm32f407xx.o(.text)
    TIM1_UP_TIM10_IRQHandler                 0x08000303   Thumb Code     0  startup_stm32f407xx.o(.text)
    TIM3_IRQHandler                          0x08000303   Thumb Code     0  startup_stm32f407xx.o(.text)
    TIM4_IRQHandler                          0x08000303   Thumb Code     0  startup_stm32f407xx.o(.text)
    TIM5_IRQHandler                          0x08000303   Thumb Code     0  startup_stm32f407xx.o(.text)
    TIM6_DAC_IRQHandler                      0x08000303   Thumb Code     0  startup_stm32f407xx.o(.text)
    TIM7_IRQHandler                          0x08000303   Thumb Code     0  startup_stm32f407xx.o(.text)
    TIM8_BRK_TIM12_IRQHandler                0x08000303   Thumb Code     0  startup_stm32f407xx.o(.text)
    TIM8_CC_IRQHandler                       0x08000303   Thumb Code     0  startup_stm32f407xx.o(.text)
    TIM8_TRG_COM_TIM14_IRQHandler            0x08000303   Thumb Code     0  startup_stm32f407xx.o(.text)
    TIM8_UP_TIM13_IRQHandler                 0x08000303   Thumb Code     0  startup_stm32f407xx.o(.text)
    UART4_IRQHandler                         0x08000303   Thumb Code     0  startup_stm32f407xx.o(.text)
    UART5_IRQHandler                         0x08000303   Thumb Code     0  startup_stm32f407xx.o(.text)
    USART2_IRQHandler                        0x08000303   Thumb Code     0  startup_stm32f407xx.o(.text)
    USART3_IRQHandler                        0x08000303   Thumb Code     0  startup_stm32f407xx.o(.text)
    USART6_IRQHandler                        0x08000303   Thumb Code     0  startup_stm32f407xx.o(.text)
    WWDG_IRQHandler                          0x08000303   Thumb Code     0  startup_stm32f407xx.o(.text)
    __user_initial_stackheap                 0x08000305   Thumb Code     0  startup_stm32f407xx.o(.text)
    __aeabi_uldivmod                         0x08000329   Thumb Code     0  lludivv7m.o(.text)
    _ll_udiv                                 0x08000329   Thumb Code   238  lludivv7m.o(.text)
    __aeabi_memcpy4                          0x08000417   Thumb Code     0  rt_memcpy_w.o(.text)
    __aeabi_memcpy8                          0x08000417   Thumb Code     0  rt_memcpy_w.o(.text)
    __rt_memcpy_w                            0x08000417   Thumb Code   100  rt_memcpy_w.o(.text)
    _memcpy_lastbytes_aligned                0x0800045f   Thumb Code     0  rt_memcpy_w.o(.text)
    __aeabi_memclr4                          0x0800047b   Thumb Code     0  rt_memclr_w.o(.text)
    __aeabi_memclr8                          0x0800047b   Thumb Code     0  rt_memclr_w.o(.text)
    __rt_memclr_w                            0x0800047b   Thumb Code    78  rt_memclr_w.o(.text)
    _memset_w                                0x0800047f   Thumb Code     0  rt_memclr_w.o(.text)
    __use_two_region_memory                  0x080004c9   Thumb Code     2  heapauxi.o(.text)
    __rt_heap_escrow$2region                 0x080004cb   Thumb Code     2  heapauxi.o(.text)
    __rt_heap_expand$2region                 0x080004cd   Thumb Code     2  heapauxi.o(.text)
    __user_setup_stackheap                   0x080004cf   Thumb Code    74  sys_stackheap_outer.o(.text)
    exit                                     0x08000519   Thumb Code    18  exit.o(.text)
    __user_libspace                          0x0800052d   Thumb Code     8  libspace.o(.text)
    __user_perproc_libspace                  0x0800052d   Thumb Code     0  libspace.o(.text)
    __user_perthread_libspace                0x0800052d   Thumb Code     0  libspace.o(.text)
    _sys_exit                                0x08000535   Thumb Code     8  sys_exit.o(.text)
    __I$use$semihosting                      0x08000541   Thumb Code     0  use_no_semi.o(.text)
    __use_no_semihosting_swi                 0x08000541   Thumb Code     2  use_no_semi.o(.text)
    __semihosting_library_function           0x08000543   Thumb Code     0  indicate_semi.o(.text)
    BusFault_Handler                         0x0800066d   Thumb Code     2  stm32f4xx_it.o(i.BusFault_Handler)
    DebugMon_Handler                         0x0800066f   Thumb Code     2  stm32f4xx_it.o(i.DebugMon_Handler)
    Error_Handler                            0x08000671   Thumb Code     4  main.o(i.Error_Handler)
    HAL_ADC_ConfigChannel                    0x08000675   Thumb Code   316  stm32f4xx_hal_adc.o(i.HAL_ADC_ConfigChannel)
    HAL_ADC_Init                             0x080007c1   Thumb Code    84  stm32f4xx_hal_adc.o(i.HAL_ADC_Init)
    HAL_ADC_MspInit                          0x08000815   Thumb Code   130  adc.o(i.HAL_ADC_MspInit)
    HAL_DMA_Abort                            0x080008ad   Thumb Code   146  stm32f4xx_hal_dma.o(i.HAL_DMA_Abort)
    HAL_DMA_Abort_IT                         0x0800093f   Thumb Code    36  stm32f4xx_hal_dma.o(i.HAL_DMA_Abort_IT)
    HAL_Delay                                0x08000965   Thumb Code    32  stm32f4xx_hal.o(i.HAL_Delay)
    HAL_GPIO_Init                            0x08000989   Thumb Code   450  stm32f4xx_hal_gpio.o(i.HAL_GPIO_Init)
    HAL_GPIO_TogglePin                       0x08000b79   Thumb Code    16  stm32f4xx_hal_gpio.o(i.HAL_GPIO_TogglePin)
    HAL_GPIO_WritePin                        0x08000b89   Thumb Code    10  stm32f4xx_hal_gpio.o(i.HAL_GPIO_WritePin)
    HAL_GetTick                              0x08000b95   Thumb Code     6  stm32f4xx_hal.o(i.HAL_GetTick)
    HAL_IncTick                              0x08000ba1   Thumb Code    12  stm32f4xx_hal.o(i.HAL_IncTick)
    HAL_Init                                 0x08000bb1   Thumb Code    48  stm32f4xx_hal.o(i.HAL_Init)
    HAL_InitTick                             0x08000be5   Thumb Code    54  stm32f4xx_hal.o(i.HAL_InitTick)
    HAL_MspInit                              0x08000c25   Thumb Code    52  stm32f4xx_hal_msp.o(i.HAL_MspInit)
    HAL_NVIC_EnableIRQ                       0x08000c5d   Thumb Code    26  stm32f4xx_hal_cortex.o(i.HAL_NVIC_EnableIRQ)
    HAL_NVIC_SetPriority                     0x08000c79   Thumb Code    60  stm32f4xx_hal_cortex.o(i.HAL_NVIC_SetPriority)
    HAL_NVIC_SetPriorityGrouping             0x08000cb9   Thumb Code    26  stm32f4xx_hal_cortex.o(i.HAL_NVIC_SetPriorityGrouping)
    HAL_RCC_ClockConfig                      0x08000cdd   Thumb Code   288  stm32f4xx_hal_rcc.o(i.HAL_RCC_ClockConfig)
    HAL_RCC_GetPCLK1Freq                     0x08000e11   Thumb Code    20  stm32f4xx_hal_rcc.o(i.HAL_RCC_GetPCLK1Freq)
    HAL_RCC_GetPCLK2Freq                     0x08000e31   Thumb Code    20  stm32f4xx_hal_rcc.o(i.HAL_RCC_GetPCLK2Freq)
    HAL_RCC_GetSysClockFreq                  0x08000e51   Thumb Code    88  stm32f4xx_hal_rcc.o(i.HAL_RCC_GetSysClockFreq)
    HAL_RCC_OscConfig                        0x08000eb5   Thumb Code   856  stm32f4xx_hal_rcc.o(i.HAL_RCC_OscConfig)
    HAL_SPI_Init                             0x08001221   Thumb Code   188  stm32f4xx_hal_spi.o(i.HAL_SPI_Init)
    HAL_SPI_MspInit                          0x080012dd   Thumb Code   154  spi.o(i.HAL_SPI_MspInit)
    HAL_SYSTICK_Config                       0x0800138d   Thumb Code    40  stm32f4xx_hal_cortex.o(i.HAL_SYSTICK_Config)
    HAL_TIMEx_BreakCallback                  0x080013b5   Thumb Code     2  stm32f4xx_hal_tim_ex.o(i.HAL_TIMEx_BreakCallback)
    HAL_TIMEx_CommutCallback                 0x080013b7   Thumb Code     2  stm32f4xx_hal_tim_ex.o(i.HAL_TIMEx_CommutCallback)
    HAL_TIMEx_MasterConfigSynchronization    0x080013b9   Thumb Code   116  stm32f4xx_hal_tim_ex.o(i.HAL_TIMEx_MasterConfigSynchronization)
    HAL_TIM_Base_Init                        0x08001449   Thumb Code    90  stm32f4xx_hal_tim.o(i.HAL_TIM_Base_Init)
    HAL_TIM_Base_MspInit                     0x080014a5   Thumb Code    50  tim.o(i.HAL_TIM_Base_MspInit)
    HAL_TIM_Base_Start_IT                    0x080014dd   Thumb Code   100  stm32f4xx_hal_tim.o(i.HAL_TIM_Base_Start_IT)
    HAL_TIM_ConfigClockSource                0x0800155d   Thumb Code   220  stm32f4xx_hal_tim.o(i.HAL_TIM_ConfigClockSource)
    HAL_TIM_IC_CaptureCallback               0x08001639   Thumb Code     2  stm32f4xx_hal_tim.o(i.HAL_TIM_IC_CaptureCallback)
    HAL_TIM_IRQHandler                       0x0800163b   Thumb Code   304  stm32f4xx_hal_tim.o(i.HAL_TIM_IRQHandler)
    HAL_TIM_OC_DelayElapsedCallback          0x0800176b   Thumb Code     2  stm32f4xx_hal_tim.o(i.HAL_TIM_OC_DelayElapsedCallback)
    HAL_TIM_PWM_PulseFinishedCallback        0x0800176d   Thumb Code     2  stm32f4xx_hal_tim.o(i.HAL_TIM_PWM_PulseFinishedCallback)
    HAL_TIM_PeriodElapsedCallback            0x08001771   Thumb Code    34  main.o(i.HAL_TIM_PeriodElapsedCallback)
    HAL_TIM_TriggerCallback                  0x08001799   Thumb Code     2  stm32f4xx_hal_tim.o(i.HAL_TIM_TriggerCallback)
    HAL_UARTEx_RxEventCallback               0x0800179b   Thumb Code     2  stm32f4xx_hal_uart.o(i.HAL_UARTEx_RxEventCallback)
    HAL_UART_ErrorCallback                   0x0800179d   Thumb Code     2  stm32f4xx_hal_uart.o(i.HAL_UART_ErrorCallback)
    HAL_UART_IRQHandler                      0x080017a1   Thumb Code   636  stm32f4xx_hal_uart.o(i.HAL_UART_IRQHandler)
    HAL_UART_Init                            0x08001a21   Thumb Code   100  stm32f4xx_hal_uart.o(i.HAL_UART_Init)
    HAL_UART_MspInit                         0x08001a85   Thumb Code   174  usart.o(i.HAL_UART_MspInit)
    HAL_UART_RxCpltCallback                  0x08001b49   Thumb Code     2  stm32f4xx_hal_uart.o(i.HAL_UART_RxCpltCallback)
    HAL_UART_Transmit                        0x08001b4b   Thumb Code   160  stm32f4xx_hal_uart.o(i.HAL_UART_Transmit)
    HAL_UART_TxCpltCallback                  0x08001beb   Thumb Code     2  stm32f4xx_hal_uart.o(i.HAL_UART_TxCpltCallback)
    HardFault_Handler                        0x08001bed   Thumb Code     2  stm32f4xx_it.o(i.HardFault_Handler)
    MX_ADC1_Init                             0x08001bf1   Thumb Code    88  adc.o(i.MX_ADC1_Init)
    MX_ADC2_Init                             0x08001c55   Thumb Code    86  adc.o(i.MX_ADC2_Init)
    MX_FREERTOS_Init                         0x08001cb9   Thumb Code    52  freertos.o(i.MX_FREERTOS_Init)
    MX_GPIO_Init                             0x08001cf5   Thumb Code   268  gpio.o(i.MX_GPIO_Init)
    MX_SPI1_Init                             0x08001e19   Thumb Code    60  spi.o(i.MX_SPI1_Init)
    MX_SPI2_Init                             0x08001e5d   Thumb Code    60  spi.o(i.MX_SPI2_Init)
    MX_TIM2_Init                             0x08001ea1   Thumb Code    96  tim.o(i.MX_TIM2_Init)
    MX_USART1_UART_Init                      0x08001f05   Thumb Code    48  usart.o(i.MX_USART1_UART_Init)
    MX_USART3_UART_Init                      0x08001f3d   Thumb Code    48  usart.o(i.MX_USART3_UART_Init)
    MemManage_Handler                        0x08001f75   Thumb Code     2  stm32f4xx_it.o(i.MemManage_Handler)
    Motor_Enable                             0x08001f79   Thumb Code    32  main.o(i.Motor_Enable)
    Motor_Init                               0x08001f9d   Thumb Code   150  main.o(i.Motor_Init)
    Motor_InitAll                            0x08002045   Thumb Code    20  main.o(i.Motor_InitAll)
    Motor_ProcessStep                        0x08002059   Thumb Code    94  main.o(i.Motor_ProcessStep)
    Motor_SetDirection                       0x080020c1   Thumb Code    32  main.o(i.Motor_SetDirection)
    Motor_StartMove                          0x080020e5   Thumb Code    52  main.o(i.Motor_StartMove)
    NMI_Handler                              0x0800211d   Thumb Code     2  stm32f4xx_it.o(i.NMI_Handler)
    StartDefaultTask                         0x08002121   Thumb Code    60  freertos.o(i.StartDefaultTask)
    StartMotorTask                           0x080021bd   Thumb Code     6  main.o(i.StartMotorTask)
    SysTick_Handler                          0x080021c3   Thumb Code    24  stm32f4xx_it.o(i.SysTick_Handler)
    SystemClock_Config                       0x080021dd   Thumb Code   140  main.o(i.SystemClock_Config)
    SystemInit                               0x08002271   Thumb Code    12  system_stm32f4xx.o(i.SystemInit)
    TIM2_IRQHandler                          0x08002281   Thumb Code    32  stm32f4xx_it.o(i.TIM2_IRQHandler)
    TIM_Base_SetConfig                       0x080022a9   Thumb Code   164  stm32f4xx_hal_tim.o(i.TIM_Base_SetConfig)
    TIM_ETR_SetConfig                        0x08002379   Thumb Code    20  stm32f4xx_hal_tim.o(i.TIM_ETR_SetConfig)
    USART1_IRQHandler                        0x08002681   Thumb Code     6  stm32f4xx_it.o(i.USART1_IRQHandler)
    UsageFault_Handler                       0x0800268d   Thumb Code     2  stm32f4xx_it.o(i.UsageFault_Handler)
    main                                     0x080026b1   Thumb Code    78  main.o(i.main)
    osDelay                                  0x08002731   Thumb Code    14  cmsis_os.o(i.osDelay)
    osKernelStart                            0x0800273f   Thumb Code    10  cmsis_os.o(i.osKernelStart)
    osThreadCreate                           0x08002749   Thumb Code    84  cmsis_os.o(i.osThreadCreate)
    pvPortMalloc                             0x08002ae9   Thumb Code   216  heap_4.o(i.pvPortMalloc)
    pxPortInitialiseStack                    0x08002bc5   Thumb Code    40  port.o(i.pxPortInitialiseStack)
    uxListRemove                             0x08002bf1   Thumb Code    38  list.o(i.uxListRemove)
    vApplicationGetIdleTaskMemory            0x08002c19   Thumb Code    16  freertos.o(i.vApplicationGetIdleTaskMemory)
    vListInitialise                          0x08002c2d   Thumb Code    22  list.o(i.vListInitialise)
    vListInitialiseItem                      0x08002c43   Thumb Code     6  list.o(i.vListInitialiseItem)
    vListInsert                              0x08002c49   Thumb Code    48  list.o(i.vListInsert)
    vListInsertEnd                           0x08002c79   Thumb Code    24  list.o(i.vListInsertEnd)
    vPortEnterCritical                       0x08002c91   Thumb Code    54  port.o(i.vPortEnterCritical)
    vPortExitCritical                        0x08002cd1   Thumb Code    34  port.o(i.vPortExitCritical)
    vPortFree                                0x08002cf9   Thumb Code    94  heap_4.o(i.vPortFree)
    vPortSetupTimerInterrupt                 0x08002d5d   Thumb Code    32  port.o(i.vPortSetupTimerInterrupt)
    vTaskDelay                               0x08002d81   Thumb Code    66  tasks.o(i.vTaskDelay)
    vTaskStartScheduler                      0x08002dcd   Thumb Code    90  tasks.o(i.vTaskStartScheduler)
    vTaskSuspendAll                          0x08002e39   Thumb Code    10  tasks.o(i.vTaskSuspendAll)
    vTaskSwitchContext                       0x08002e49   Thumb Code    82  tasks.o(i.vTaskSwitchContext)
    xPortStartScheduler                      0x08002ea5   Thumb Code   222  port.o(i.xPortStartScheduler)
    xPortSysTickHandler                      0x08002f99   Thumb Code    38  port.o(i.xPortSysTickHandler)
    xTaskCreate                              0x08002fc5   Thumb Code    90  tasks.o(i.xTaskCreate)
    xTaskCreateStatic                        0x0800301f   Thumb Code    86  tasks.o(i.xTaskCreateStatic)
    xTaskGetSchedulerState                   0x08003075   Thumb Code    22  tasks.o(i.xTaskGetSchedulerState)
    xTaskIncrementTick                       0x08003091   Thumb Code   194  tasks.o(i.xTaskIncrementTick)
    xTaskResumeAll                           0x0800315d   Thumb Code   182  tasks.o(i.xTaskResumeAll)
    _fp_init                                 0x08003221   Thumb Code    10  fpinit.o(x$fpl$fpinit)
    __fplib_config_fpu_vfp                   0x08003229   Thumb Code     0  fpinit.o(x$fpl$fpinit)
    __fplib_config_pureend_doubles           0x08003229   Thumb Code     0  fpinit.o(x$fpl$fpinit)
    AHBPrescTable                            0x08003264   Data          16  system_stm32f4xx.o(.constdata)
    APBPrescTable                            0x08003274   Data           8  system_stm32f4xx.o(.constdata)
    Region$$Table$$Base                      0x08003294   Number         0  anon$$obj.o(Region$$Table)
    Region$$Table$$Limit                     0x080032b4   Number         0  anon$$obj.o(Region$$Table)
    step_timer_count                         0x20000000   Data           4  main.o(.data)
    defaultTaskHandle                        0x20000008   Data           4  freertos.o(.data)
    motorTaskHandle                          0x2000000c   Data           4  freertos.o(.data)
    uwTickFreq                               0x20000010   Data           1  stm32f4xx_hal.o(.data)
    uwTickPrio                               0x20000014   Data           4  stm32f4xx_hal.o(.data)
    uwTick                                   0x20000018   Data           4  stm32f4xx_hal.o(.data)
    SystemCoreClock                          0x2000001c   Data           4  system_stm32f4xx.o(.data)
    pxCurrentTCB                             0x20000020   Data           4  tasks.o(.data)
    motors                                   0x20000088   Data         120  main.o(.bss)
    hadc1                                    0x20000354   Data          72  adc.o(.bss)
    hadc2                                    0x2000039c   Data          72  adc.o(.bss)
    hspi1                                    0x200003e4   Data          88  spi.o(.bss)
    hspi2                                    0x2000043c   Data          88  spi.o(.bss)
    htim2                                    0x20000494   Data          72  tim.o(.bss)
    huart1                                   0x200004dc   Data          72  usart.o(.bss)
    huart3                                   0x20000524   Data          72  usart.o(.bss)
    __libspace_start                         0x2000425c   Data          96  libspace.o(.bss)
    __temporary_stack_top$libspace           0x200042bc   Data           0  libspace.o(.bss)



==============================================================================

Memory Map of the image

  Image Entry point : 0x08000189

  Load Region LR_IROM1 (Base: 0x08000000, Size: 0x0000333c, Max: 0x00080000, ABSOLUTE)

    Execution Region ER_IROM1 (Exec base: 0x08000000, Load base: 0x08000000, Size: 0x000032b4, Max: 0x00080000, ABSOLUTE)

    Exec Addr    Load Addr    Size         Type   Attr      Idx    E Section Name        Object

    0x08000000   0x08000000   0x00000188   Data   RO            3    RESET               startup_stm32f407xx.o
    0x08000188   0x08000188   0x00000008   Code   RO         5081  * !!!main             c_w.l(__main.o)
    0x08000190   0x08000190   0x00000034   Code   RO         5250    !!!scatter          c_w.l(__scatter.o)
    0x080001c4   0x080001c4   0x0000001a   Code   RO         5252    !!handler_copy      c_w.l(__scatter_copy.o)
    0x080001de   0x080001de   0x00000002   PAD
    0x080001e0   0x080001e0   0x0000001c   Code   RO         5254    !!handler_zi        c_w.l(__scatter_zi.o)
    0x080001fc   0x080001fc   0x00000002   Code   RO         5120    .ARM.Collect$$libinit$$00000000  c_w.l(libinit.o)
    0x080001fe   0x080001fe   0x00000004   Code   RO         5132    .ARM.Collect$$libinit$$00000001  c_w.l(libinit2.o)
    0x08000202   0x08000202   0x00000000   Code   RO         5135    .ARM.Collect$$libinit$$00000004  c_w.l(libinit2.o)
    0x08000202   0x08000202   0x00000000   Code   RO         5138    .ARM.Collect$$libinit$$0000000A  c_w.l(libinit2.o)
    0x08000202   0x08000202   0x00000000   Code   RO         5140    .ARM.Collect$$libinit$$0000000C  c_w.l(libinit2.o)
    0x08000202   0x08000202   0x00000000   Code   RO         5142    .ARM.Collect$$libinit$$0000000E  c_w.l(libinit2.o)
    0x08000202   0x08000202   0x00000000   Code   RO         5145    .ARM.Collect$$libinit$$00000011  c_w.l(libinit2.o)
    0x08000202   0x08000202   0x00000000   Code   RO         5147    .ARM.Collect$$libinit$$00000013  c_w.l(libinit2.o)
    0x08000202   0x08000202   0x00000000   Code   RO         5149    .ARM.Collect$$libinit$$00000015  c_w.l(libinit2.o)
    0x08000202   0x08000202   0x00000000   Code   RO         5151    .ARM.Collect$$libinit$$00000017  c_w.l(libinit2.o)
    0x08000202   0x08000202   0x00000000   Code   RO         5153    .ARM.Collect$$libinit$$00000019  c_w.l(libinit2.o)
    0x08000202   0x08000202   0x00000000   Code   RO         5155    .ARM.Collect$$libinit$$0000001B  c_w.l(libinit2.o)
    0x08000202   0x08000202   0x00000000   Code   RO         5157    .ARM.Collect$$libinit$$0000001D  c_w.l(libinit2.o)
    0x08000202   0x08000202   0x00000000   Code   RO         5159    .ARM.Collect$$libinit$$0000001F  c_w.l(libinit2.o)
    0x08000202   0x08000202   0x00000000   Code   RO         5161    .ARM.Collect$$libinit$$00000021  c_w.l(libinit2.o)
    0x08000202   0x08000202   0x00000000   Code   RO         5163    .ARM.Collect$$libinit$$00000023  c_w.l(libinit2.o)
    0x08000202   0x08000202   0x00000000   Code   RO         5165    .ARM.Collect$$libinit$$00000025  c_w.l(libinit2.o)
    0x08000202   0x08000202   0x00000000   Code   RO         5169    .ARM.Collect$$libinit$$0000002C  c_w.l(libinit2.o)
    0x08000202   0x08000202   0x00000000   Code   RO         5171    .ARM.Collect$$libinit$$0000002E  c_w.l(libinit2.o)
    0x08000202   0x08000202   0x00000000   Code   RO         5173    .ARM.Collect$$libinit$$00000030  c_w.l(libinit2.o)
    0x08000202   0x08000202   0x00000000   Code   RO         5175    .ARM.Collect$$libinit$$00000032  c_w.l(libinit2.o)
    0x08000202   0x08000202   0x00000002   Code   RO         5176    .ARM.Collect$$libinit$$00000033  c_w.l(libinit2.o)
    0x08000204   0x08000204   0x00000002   Code   RO         5207    .ARM.Collect$$libshutdown$$00000000  c_w.l(libshutdown.o)
    0x08000206   0x08000206   0x00000000   Code   RO         5233    .ARM.Collect$$libshutdown$$00000002  c_w.l(libshutdown2.o)
    0x08000206   0x08000206   0x00000000   Code   RO         5235    .ARM.Collect$$libshutdown$$00000004  c_w.l(libshutdown2.o)
    0x08000206   0x08000206   0x00000000   Code   RO         5238    .ARM.Collect$$libshutdown$$00000007  c_w.l(libshutdown2.o)
    0x08000206   0x08000206   0x00000000   Code   RO         5241    .ARM.Collect$$libshutdown$$0000000A  c_w.l(libshutdown2.o)
    0x08000206   0x08000206   0x00000000   Code   RO         5243    .ARM.Collect$$libshutdown$$0000000C  c_w.l(libshutdown2.o)
    0x08000206   0x08000206   0x00000000   Code   RO         5246    .ARM.Collect$$libshutdown$$0000000F  c_w.l(libshutdown2.o)
    0x08000206   0x08000206   0x00000002   Code   RO         5247    .ARM.Collect$$libshutdown$$00000010  c_w.l(libshutdown2.o)
    0x08000208   0x08000208   0x00000000   Code   RO         5083    .ARM.Collect$$rtentry$$00000000  c_w.l(__rtentry.o)
    0x08000208   0x08000208   0x00000000   Code   RO         5091    .ARM.Collect$$rtentry$$00000002  c_w.l(__rtentry2.o)
    0x08000208   0x08000208   0x00000006   Code   RO         5103    .ARM.Collect$$rtentry$$00000004  c_w.l(__rtentry4.o)
    0x0800020e   0x0800020e   0x00000000   Code   RO         5093    .ARM.Collect$$rtentry$$00000009  c_w.l(__rtentry2.o)
    0x0800020e   0x0800020e   0x00000004   Code   RO         5094    .ARM.Collect$$rtentry$$0000000A  c_w.l(__rtentry2.o)
    0x08000212   0x08000212   0x00000000   Code   RO         5096    .ARM.Collect$$rtentry$$0000000C  c_w.l(__rtentry2.o)
    0x08000212   0x08000212   0x00000008   Code   RO         5097    .ARM.Collect$$rtentry$$0000000D  c_w.l(__rtentry2.o)
    0x0800021a   0x0800021a   0x00000002   Code   RO         5124    .ARM.Collect$$rtexit$$00000000  c_w.l(rtexit.o)
    0x0800021c   0x0800021c   0x00000000   Code   RO         5180    .ARM.Collect$$rtexit$$00000002  c_w.l(rtexit2.o)
    0x0800021c   0x0800021c   0x00000004   Code   RO         5181    .ARM.Collect$$rtexit$$00000003  c_w.l(rtexit2.o)
    0x08000220   0x08000220   0x00000006   Code   RO         5182    .ARM.Collect$$rtexit$$00000004  c_w.l(rtexit2.o)
    0x08000226   0x08000226   0x00000002   PAD
    0x08000228   0x08000228   0x000000be   Code   RO         4990    .emb_text           port.o
    0x080002e6   0x080002e6   0x00000002   PAD
    0x080002e8   0x080002e8   0x00000040   Code   RO            4    .text               startup_stm32f407xx.o
    0x08000328   0x08000328   0x000000ee   Code   RO         5069    .text               c_w.l(lludivv7m.o)
    0x08000416   0x08000416   0x00000064   Code   RO         5073    .text               c_w.l(rt_memcpy_w.o)
    0x0800047a   0x0800047a   0x0000004e   Code   RO         5077    .text               c_w.l(rt_memclr_w.o)
    0x080004c8   0x080004c8   0x00000006   Code   RO         5079    .text               c_w.l(heapauxi.o)
    0x080004ce   0x080004ce   0x0000004a   Code   RO         5107    .text               c_w.l(sys_stackheap_outer.o)
    0x08000518   0x08000518   0x00000012   Code   RO         5109    .text               c_w.l(exit.o)
    0x0800052a   0x0800052a   0x00000002   PAD
    0x0800052c   0x0800052c   0x00000008   Code   RO         5121    .text               c_w.l(libspace.o)
    0x08000534   0x08000534   0x0000000c   Code   RO         5177    .text               c_w.l(sys_exit.o)
    0x08000540   0x08000540   0x00000002   Code   RO         5196    .text               c_w.l(use_no_semi.o)
    0x08000542   0x08000542   0x00000000   Code   RO         5198    .text               c_w.l(indicate_semi.o)
    0x08000542   0x08000542   0x00000002   PAD
    0x08000544   0x08000544   0x00000128   Code   RO          655    i.ADC_Init          stm32f4xx_hal_adc.o
    0x0800066c   0x0800066c   0x00000002   Code   RO          552    i.BusFault_Handler  stm32f4xx_it.o
    0x0800066e   0x0800066e   0x00000002   Code   RO          553    i.DebugMon_Handler  stm32f4xx_it.o
    0x08000670   0x08000670   0x00000004   Code   RO           13    i.Error_Handler     main.o
    0x08000674   0x08000674   0x0000014c   Code   RO          657    i.HAL_ADC_ConfigChannel  stm32f4xx_hal_adc.o
    0x080007c0   0x080007c0   0x00000054   Code   RO          666    i.HAL_ADC_Init      stm32f4xx_hal_adc.o
    0x08000814   0x08000814   0x00000098   Code   RO          367    i.HAL_ADC_MspInit   adc.o
    0x080008ac   0x080008ac   0x00000092   Code   RO         1389    i.HAL_DMA_Abort     stm32f4xx_hal_dma.o
    0x0800093e   0x0800093e   0x00000024   Code   RO         1390    i.HAL_DMA_Abort_IT  stm32f4xx_hal_dma.o
    0x08000962   0x08000962   0x00000002   PAD
    0x08000964   0x08000964   0x00000024   Code   RO         1826    i.HAL_Delay         stm32f4xx_hal.o
    0x08000988   0x08000988   0x000001f0   Code   RO         1282    i.HAL_GPIO_Init     stm32f4xx_hal_gpio.o
    0x08000b78   0x08000b78   0x00000010   Code   RO         1285    i.HAL_GPIO_TogglePin  stm32f4xx_hal_gpio.o
    0x08000b88   0x08000b88   0x0000000a   Code   RO         1286    i.HAL_GPIO_WritePin  stm32f4xx_hal_gpio.o
    0x08000b92   0x08000b92   0x00000002   PAD
    0x08000b94   0x08000b94   0x0000000c   Code   RO         1832    i.HAL_GetTick       stm32f4xx_hal.o
    0x08000ba0   0x08000ba0   0x00000010   Code   RO         1838    i.HAL_IncTick       stm32f4xx_hal.o
    0x08000bb0   0x08000bb0   0x00000034   Code   RO         1839    i.HAL_Init          stm32f4xx_hal.o
    0x08000be4   0x08000be4   0x00000040   Code   RO         1840    i.HAL_InitTick      stm32f4xx_hal.o
    0x08000c24   0x08000c24   0x00000038   Code   RO          628    i.HAL_MspInit       stm32f4xx_hal_msp.o
    0x08000c5c   0x08000c5c   0x0000001a   Code   RO         1674    i.HAL_NVIC_EnableIRQ  stm32f4xx_hal_cortex.o
    0x08000c76   0x08000c76   0x00000002   PAD
    0x08000c78   0x08000c78   0x00000040   Code   RO         1680    i.HAL_NVIC_SetPriority  stm32f4xx_hal_cortex.o
    0x08000cb8   0x08000cb8   0x00000024   Code   RO         1681    i.HAL_NVIC_SetPriorityGrouping  stm32f4xx_hal_cortex.o
    0x08000cdc   0x08000cdc   0x00000134   Code   RO          928    i.HAL_RCC_ClockConfig  stm32f4xx_hal_rcc.o
    0x08000e10   0x08000e10   0x00000020   Code   RO          935    i.HAL_RCC_GetPCLK1Freq  stm32f4xx_hal_rcc.o
    0x08000e30   0x08000e30   0x00000020   Code   RO          936    i.HAL_RCC_GetPCLK2Freq  stm32f4xx_hal_rcc.o
    0x08000e50   0x08000e50   0x00000064   Code   RO          937    i.HAL_RCC_GetSysClockFreq  stm32f4xx_hal_rcc.o
    0x08000eb4   0x08000eb4   0x0000036c   Code   RO          940    i.HAL_RCC_OscConfig  stm32f4xx_hal_rcc.o
    0x08001220   0x08001220   0x000000bc   Code   RO         2088    i.HAL_SPI_Init      stm32f4xx_hal_spi.o
    0x080012dc   0x080012dc   0x000000b0   Code   RO          415    i.HAL_SPI_MspInit   spi.o
    0x0800138c   0x0800138c   0x00000028   Code   RO         1685    i.HAL_SYSTICK_Config  stm32f4xx_hal_cortex.o
    0x080013b4   0x080013b4   0x00000002   Code   RO         3105    i.HAL_TIMEx_BreakCallback  stm32f4xx_hal_tim_ex.o
    0x080013b6   0x080013b6   0x00000002   Code   RO         3106    i.HAL_TIMEx_CommutCallback  stm32f4xx_hal_tim_ex.o
    0x080013b8   0x080013b8   0x00000090   Code   RO         3124    i.HAL_TIMEx_MasterConfigSynchronization  stm32f4xx_hal_tim_ex.o
    0x08001448   0x08001448   0x0000005a   Code   RO         2401    i.HAL_TIM_Base_Init  stm32f4xx_hal_tim.o
    0x080014a2   0x080014a2   0x00000002   PAD
    0x080014a4   0x080014a4   0x00000038   Code   RO          463    i.HAL_TIM_Base_MspInit  tim.o
    0x080014dc   0x080014dc   0x00000080   Code   RO         2406    i.HAL_TIM_Base_Start_IT  stm32f4xx_hal_tim.o
    0x0800155c   0x0800155c   0x000000dc   Code   RO         2410    i.HAL_TIM_ConfigClockSource  stm32f4xx_hal_tim.o
    0x08001638   0x08001638   0x00000002   Code   RO         2435    i.HAL_TIM_IC_CaptureCallback  stm32f4xx_hal_tim.o
    0x0800163a   0x0800163a   0x00000130   Code   RO         2449    i.HAL_TIM_IRQHandler  stm32f4xx_hal_tim.o
    0x0800176a   0x0800176a   0x00000002   Code   RO         2452    i.HAL_TIM_OC_DelayElapsedCallback  stm32f4xx_hal_tim.o
    0x0800176c   0x0800176c   0x00000002   Code   RO         2479    i.HAL_TIM_PWM_PulseFinishedCallback  stm32f4xx_hal_tim.o
    0x0800176e   0x0800176e   0x00000002   PAD
    0x08001770   0x08001770   0x00000028   Code   RO           14    i.HAL_TIM_PeriodElapsedCallback  main.o
    0x08001798   0x08001798   0x00000002   Code   RO         2492    i.HAL_TIM_TriggerCallback  stm32f4xx_hal_tim.o
    0x0800179a   0x0800179a   0x00000002   Code   RO         3384    i.HAL_UARTEx_RxEventCallback  stm32f4xx_hal_uart.o
    0x0800179c   0x0800179c   0x00000002   Code   RO         3398    i.HAL_UART_ErrorCallback  stm32f4xx_hal_uart.o
    0x0800179e   0x0800179e   0x00000002   PAD
    0x080017a0   0x080017a0   0x00000280   Code   RO         3401    i.HAL_UART_IRQHandler  stm32f4xx_hal_uart.o
    0x08001a20   0x08001a20   0x00000064   Code   RO         3402    i.HAL_UART_Init     stm32f4xx_hal_uart.o
    0x08001a84   0x08001a84   0x000000c4   Code   RO          505    i.HAL_UART_MspInit  usart.o
    0x08001b48   0x08001b48   0x00000002   Code   RO         3408    i.HAL_UART_RxCpltCallback  stm32f4xx_hal_uart.o
    0x08001b4a   0x08001b4a   0x000000a0   Code   RO         3410    i.HAL_UART_Transmit  stm32f4xx_hal_uart.o
    0x08001bea   0x08001bea   0x00000002   Code   RO         3413    i.HAL_UART_TxCpltCallback  stm32f4xx_hal_uart.o
    0x08001bec   0x08001bec   0x00000002   Code   RO          554    i.HardFault_Handler  stm32f4xx_it.o
    0x08001bee   0x08001bee   0x00000002   PAD
    0x08001bf0   0x08001bf0   0x00000064   Code   RO          368    i.MX_ADC1_Init      adc.o
    0x08001c54   0x08001c54   0x00000064   Code   RO          369    i.MX_ADC2_Init      adc.o
    0x08001cb8   0x08001cb8   0x0000003c   Code   RO          315    i.MX_FREERTOS_Init  freertos.o
    0x08001cf4   0x08001cf4   0x00000124   Code   RO          291    i.MX_GPIO_Init      gpio.o
    0x08001e18   0x08001e18   0x00000044   Code   RO          416    i.MX_SPI1_Init      spi.o
    0x08001e5c   0x08001e5c   0x00000044   Code   RO          417    i.MX_SPI2_Init      spi.o
    0x08001ea0   0x08001ea0   0x00000064   Code   RO          464    i.MX_TIM2_Init      tim.o
    0x08001f04   0x08001f04   0x00000038   Code   RO          506    i.MX_USART1_UART_Init  usart.o
    0x08001f3c   0x08001f3c   0x00000038   Code   RO          507    i.MX_USART3_UART_Init  usart.o
    0x08001f74   0x08001f74   0x00000002   Code   RO          555    i.MemManage_Handler  stm32f4xx_it.o
    0x08001f76   0x08001f76   0x00000002   PAD
    0x08001f78   0x08001f78   0x00000024   Code   RO           15    i.Motor_Enable      main.o
    0x08001f9c   0x08001f9c   0x000000a8   Code   RO           16    i.Motor_Init        main.o
    0x08002044   0x08002044   0x00000014   Code   RO           17    i.Motor_InitAll     main.o
    0x08002058   0x08002058   0x00000068   Code   RO           18    i.Motor_ProcessStep  main.o
    0x080020c0   0x080020c0   0x00000024   Code   RO           19    i.Motor_SetDirection  main.o
    0x080020e4   0x080020e4   0x00000038   Code   RO           20    i.Motor_StartMove   main.o
    0x0800211c   0x0800211c   0x00000002   Code   RO          556    i.NMI_Handler       stm32f4xx_it.o
    0x0800211e   0x0800211e   0x00000002   PAD
    0x08002120   0x08002120   0x0000009c   Code   RO          316    i.StartDefaultTask  freertos.o
    0x080021bc   0x080021bc   0x00000006   Code   RO           23    i.StartMotorTask    main.o
    0x080021c2   0x080021c2   0x00000018   Code   RO          557    i.SysTick_Handler   stm32f4xx_it.o
    0x080021da   0x080021da   0x00000002   PAD
    0x080021dc   0x080021dc   0x00000094   Code   RO           24    i.SystemClock_Config  main.o
    0x08002270   0x08002270   0x00000010   Code   RO         3736    i.SystemInit        system_stm32f4xx.o
    0x08002280   0x08002280   0x00000028   Code   RO          558    i.TIM2_IRQHandler   stm32f4xx_it.o
    0x080022a8   0x080022a8   0x000000d0   Code   RO         2494    i.TIM_Base_SetConfig  stm32f4xx_hal_tim.o
    0x08002378   0x08002378   0x00000014   Code   RO         2505    i.TIM_ETR_SetConfig  stm32f4xx_hal_tim.o
    0x0800238c   0x0800238c   0x00000010   Code   RO         2506    i.TIM_ITRx_SetConfig  stm32f4xx_hal_tim.o
    0x0800239c   0x0800239c   0x00000022   Code   RO         2512    i.TIM_TI1_ConfigInputStage  stm32f4xx_hal_tim.o
    0x080023be   0x080023be   0x00000024   Code   RO         2514    i.TIM_TI2_ConfigInputStage  stm32f4xx_hal_tim.o
    0x080023e2   0x080023e2   0x0000000e   Code   RO         3415    i.UART_DMAAbortOnError  stm32f4xx_hal_uart.o
    0x080023f0   0x080023f0   0x0000004e   Code   RO         3425    i.UART_EndRxTransfer  stm32f4xx_hal_uart.o
    0x0800243e   0x0800243e   0x000000c2   Code   RO         3427    i.UART_Receive_IT   stm32f4xx_hal_uart.o
    0x08002500   0x08002500   0x0000010c   Code   RO         3428    i.UART_SetConfig    stm32f4xx_hal_uart.o
    0x0800260c   0x0800260c   0x00000072   Code   RO         3431    i.UART_WaitOnFlagUntilTimeout  stm32f4xx_hal_uart.o
    0x0800267e   0x0800267e   0x00000002   PAD
    0x08002680   0x08002680   0x0000000c   Code   RO          559    i.USART1_IRQHandler  stm32f4xx_it.o
    0x0800268c   0x0800268c   0x00000002   Code   RO          560    i.UsageFault_Handler  stm32f4xx_it.o
    0x0800268e   0x0800268e   0x00000020   Code   RO         1687    i.__NVIC_SetPriority  stm32f4xx_hal_cortex.o
    0x080026ae   0x080026ae   0x00000002   PAD
    0x080026b0   0x080026b0   0x00000074   Code   RO           25    i.main              main.o
    0x08002724   0x08002724   0x0000000c   Code   RO         4556    i.makeFreeRtosPriority  cmsis_os.o
    0x08002730   0x08002730   0x0000000e   Code   RO         4558    i.osDelay           cmsis_os.o
    0x0800273e   0x0800273e   0x0000000a   Code   RO         4561    i.osKernelStart     cmsis_os.o
    0x08002748   0x08002748   0x00000054   Code   RO         4595    i.osThreadCreate    cmsis_os.o
    0x0800279c   0x0800279c   0x00000070   Code   RO         4238    i.prvAddCurrentTaskToDelayedList  tasks.o
    0x0800280c   0x0800280c   0x000000d0   Code   RO         4239    i.prvAddNewTaskToReadyList  tasks.o
    0x080028dc   0x080028dc   0x00000034   Code   RO         4240    i.prvDeleteTCB      tasks.o
    0x08002910   0x08002910   0x0000004c   Code   RO         4923    i.prvHeapInit       heap_4.o
    0x0800295c   0x0800295c   0x00000060   Code   RO         4241    i.prvIdleTask       tasks.o
    0x080029bc   0x080029bc   0x00000098   Code   RO         4242    i.prvInitialiseNewTask  tasks.o
    0x08002a54   0x08002a54   0x0000004c   Code   RO         4924    i.prvInsertBlockIntoFreeList  heap_4.o
    0x08002aa0   0x08002aa0   0x00000020   Code   RO         4243    i.prvResetNextTaskUnblockTime  tasks.o
    0x08002ac0   0x08002ac0   0x00000028   Code   RO         4991    i.prvTaskExitError  port.o
    0x08002ae8   0x08002ae8   0x000000dc   Code   RO         4925    i.pvPortMalloc      heap_4.o
    0x08002bc4   0x08002bc4   0x0000002c   Code   RO         4992    i.pxPortInitialiseStack  port.o
    0x08002bf0   0x08002bf0   0x00000026   Code   RO         3874    i.uxListRemove      list.o
    0x08002c16   0x08002c16   0x00000002   PAD
    0x08002c18   0x08002c18   0x00000014   Code   RO          317    i.vApplicationGetIdleTaskMemory  freertos.o
    0x08002c2c   0x08002c2c   0x00000016   Code   RO         3875    i.vListInitialise   list.o
    0x08002c42   0x08002c42   0x00000006   Code   RO         3876    i.vListInitialiseItem  list.o
    0x08002c48   0x08002c48   0x00000030   Code   RO         3877    i.vListInsert       list.o
    0x08002c78   0x08002c78   0x00000018   Code   RO         3878    i.vListInsertEnd    list.o
    0x08002c90   0x08002c90   0x00000040   Code   RO         4994    i.vPortEnterCritical  port.o
    0x08002cd0   0x08002cd0   0x00000028   Code   RO         4995    i.vPortExitCritical  port.o
    0x08002cf8   0x08002cf8   0x00000064   Code   RO         4926    i.vPortFree         heap_4.o
    0x08002d5c   0x08002d5c   0x00000024   Code   RO         4996    i.vPortSetupTimerInterrupt  port.o
    0x08002d80   0x08002d80   0x0000004c   Code   RO         4252    i.vTaskDelay        tasks.o
    0x08002dcc   0x08002dcc   0x0000006c   Code   RO         4265    i.vTaskStartScheduler  tasks.o
    0x08002e38   0x08002e38   0x00000010   Code   RO         4267    i.vTaskSuspendAll   tasks.o
    0x08002e48   0x08002e48   0x0000005c   Code   RO         4268    i.vTaskSwitchContext  tasks.o
    0x08002ea4   0x08002ea4   0x000000f4   Code   RO         4998    i.xPortStartScheduler  port.o
    0x08002f98   0x08002f98   0x0000002c   Code   RO         4999    i.xPortSysTickHandler  port.o
    0x08002fc4   0x08002fc4   0x0000005a   Code   RO         4271    i.xTaskCreate       tasks.o
    0x0800301e   0x0800301e   0x00000056   Code   RO         4272    i.xTaskCreateStatic  tasks.o
    0x08003074   0x08003074   0x0000001c   Code   RO         4276    i.xTaskGetSchedulerState  tasks.o
    0x08003090   0x08003090   0x000000cc   Code   RO         4279    i.xTaskIncrementTick  tasks.o
    0x0800315c   0x0800315c   0x000000c4   Code   RO         4285    i.xTaskResumeAll    tasks.o
    0x08003220   0x08003220   0x0000000a   Code   RO         5192    x$fpl$fpinit        fz_wm.l(fpinit.o)
    0x0800322a   0x0800322a   0x00000002   PAD
    0x0800322c   0x0800322c   0x00000038   Data   RO          319    .constdata          freertos.o
    0x08003264   0x08003264   0x00000010   Data   RO         3737    .constdata          system_stm32f4xx.o
    0x08003274   0x08003274   0x00000008   Data   RO         3738    .constdata          system_stm32f4xx.o
    0x0800327c   0x0800327c   0x00000018   Data   RO          320    .conststring        freertos.o
    0x08003294   0x08003294   0x00000020   Data   RO         5248    Region$$Table       anon$$obj.o


    Execution Region RW_IRAM1 (Exec base: 0x20000000, Load base: 0x080032b4, Size: 0x000048c0, Max: 0x0001c000, ABSOLUTE)

    Exec Addr    Load Addr    Size         Type   Attr      Idx    E Section Name        Object

    0x20000000   0x080032b4   0x00000008   Data   RW           30    .data               main.o
    0x20000008   0x080032bc   0x00000008   Data   RW          321    .data               freertos.o
    0x20000010   0x080032c4   0x0000000c   Data   RW         1846    .data               stm32f4xx_hal.o
    0x2000001c   0x080032d0   0x00000004   Data   RW         3739    .data               system_stm32f4xx.o
    0x20000020   0x080032d4   0x0000003c   Data   RW         4288    .data               tasks.o
    0x2000005c   0x08003310   0x00000020   Data   RW         4932    .data               heap_4.o
    0x2000007c   0x08003330   0x0000000c   Data   RW         5000    .data               port.o
    0x20000088        -       0x00000078   Zero   RW           26    .bss                main.o
    0x20000100        -       0x00000254   Zero   RW          318    .bss                freertos.o
    0x20000354        -       0x00000090   Zero   RW          370    .bss                adc.o
    0x200003e4        -       0x000000b0   Zero   RW          418    .bss                spi.o
    0x20000494        -       0x00000048   Zero   RW          465    .bss                tim.o
    0x200004dc        -       0x00000090   Zero   RW          508    .bss                usart.o
    0x2000056c        -       0x000000f0   Zero   RW         4287    .bss                tasks.o
    0x2000065c        -       0x00003c00   Zero   RW         4931    .bss                heap_4.o
    0x2000425c        -       0x00000060   Zero   RW         5122    .bss                c_w.l(libspace.o)
    0x200042bc   0x0800333c   0x00000004   PAD
    0x200042c0        -       0x00000200   Zero   RW            2    HEAP                startup_stm32f407xx.o
    0x200044c0        -       0x00000400   Zero   RW            1    STACK               startup_stm32f407xx.o


    Execution Region RW_IRAM2 (Exec base: 0x2001c000, Load base: 0x0800333c, Size: 0x00000000, Max: 0x00004000, ABSOLUTE)

    **** No section assigned to this execution region ****


==============================================================================

Image component sizes


      Code (inc. data)   RO Data    RW Data    ZI Data      Debug   Object Name

       352         48          0          0        144       2318   adc.o
       120          0          0          0          0      23081   cmsis_os.o
         0          0          0          0          0      16792   event_groups.o
       236        108         80          8        596       2622   freertos.o
       292         24          0          0          0       1015   gpio.o
       472         24          0         32      15360       7255   heap_4.o
       138          0          0          0          0       3406   list.o
       734         92          0          8        120     754004   main.o
       702         72          0         12          0      10740   port.o
       312         38          0          0        176       2270   spi.o
        64         26        392          0       1536        820   startup_stm32f407xx.o
       180         28          0         12          0       9229   stm32f4xx_hal.o
       712         28          0          0          0       2783   stm32f4xx_hal_adc.o
       198         14          0          0          0      33679   stm32f4xx_hal_cortex.o
       182          0          0          0          0       2027   stm32f4xx_hal_dma.o
       522         46          0          0          0       2741   stm32f4xx_hal_gpio.o
        56          4          0          0          0        822   stm32f4xx_hal_msp.o
      1348         76          0          0          0       5116   stm32f4xx_hal_rcc.o
       188          0          0          0          0       1171   stm32f4xx_hal_spi.o
      1064         72          0          0          0       9989   stm32f4xx_hal_tim.o
       148         28          0          0          0       2393   stm32f4xx_hal_tim_ex.o
      1576         14          0          0          0      10240   stm32f4xx_hal_uart.o
        88         14          0          0          0       4105   stm32f4xx_it.o
         0          0          0          0          0        392   stream_buffer.o
        16          4         24          4          0       1055   system_stm32f4xx.o
      1548        118          0         60        240      19723   tasks.o
       156         10          0          0         72       1606   tim.o
       308         38          0          0        144       2335   usart.o

    ----------------------------------------------------------------------
     11740        926        528        136      18388     933729   Object Totals
         0          0         32          0          0          0   (incl. Generated)
        28          0          0          0          0          0   (incl. Padding)

    ----------------------------------------------------------------------

      Code (inc. data)   RO Data    RW Data    ZI Data      Debug   Library Member Name

         8          0          0          0          0         68   __main.o
         0          0          0          0          0          0   __rtentry.o
        12          0          0          0          0          0   __rtentry2.o
         6          0          0          0          0          0   __rtentry4.o
        52          8          0          0          0          0   __scatter.o
        26          0          0          0          0          0   __scatter_copy.o
        28          0          0          0          0          0   __scatter_zi.o
        18          0          0          0          0         80   exit.o
         6          0          0          0          0        152   heapauxi.o
         0          0          0          0          0          0   indicate_semi.o
         2          0          0          0          0          0   libinit.o
         6          0          0          0          0          0   libinit2.o
         2          0          0          0          0          0   libshutdown.o
         2          0          0          0          0          0   libshutdown2.o
         8          4          0          0         96         68   libspace.o
       238          0          0          0          0        100   lludivv7m.o
        78          0          0          0          0         80   rt_memclr_w.o
       100          0          0          0          0         80   rt_memcpy_w.o
         2          0          0          0          0          0   rtexit.o
        10          0          0          0          0          0   rtexit2.o
        12          4          0          0          0         68   sys_exit.o
        74          0          0          0          0         80   sys_stackheap_outer.o
         2          0          0          0          0         68   use_no_semi.o
        10          0          0          0          0        116   fpinit.o

    ----------------------------------------------------------------------
       712         16          0          0        100        960   Library Totals
        10          0          0          0          4          0   (incl. Padding)

    ----------------------------------------------------------------------

      Code (inc. data)   RO Data    RW Data    ZI Data      Debug   Library Name

       692         16          0          0         96        844   c_w.l
        10          0          0          0          0        116   fz_wm.l

    ----------------------------------------------------------------------
       712         16          0          0        100        960   Library Totals

    ----------------------------------------------------------------------

==============================================================================


      Code (inc. data)   RO Data    RW Data    ZI Data      Debug   

     12452        942        528        136      18488     922477   Grand Totals
     12452        942        528        136      18488     922477   ELF Image Totals
     12452        942        528        136          0          0   ROM Totals

==============================================================================

    Total RO  Size (Code + RO Data)                12980 (  12.68kB)
    Total RW  Size (RW Data + ZI Data)             18624 (  18.19kB)
    Total ROM Size (Code + RO Data + RW Data)      13116 (  12.81kB)

==============================================================================

